Component: Arm Compiler for Embedded 6.19 Tool: armlink [5e73cb00]

==============================================================================

Section Cross References

    startup_stm32g431xx.o(STACK) refers (Special) to heapauxi.o(.text) for __use_two_region_memory
    startup_stm32g431xx.o(HEAP) refers (Special) to heapauxi.o(.text) for __use_two_region_memory
    startup_stm32g431xx.o(RESET) refers (Special) to heapauxi.o(.text) for __use_two_region_memory
    startup_stm32g431xx.o(RESET) refers to startup_stm32g431xx.o(STACK) for __initial_sp
    startup_stm32g431xx.o(RESET) refers to startup_stm32g431xx.o(.text) for Reset_Handler
    startup_stm32g431xx.o(RESET) refers to lto-llvm-6b020b.o(.text.NMI_Handler) for NMI_Handler
    startup_stm32g431xx.o(RESET) refers to lto-llvm-6b020b.o(.text.HardFault_Handler) for HardFault_Handler
    startup_stm32g431xx.o(RESET) refers to lto-llvm-6b020b.o(.text.MemManage_Handler) for MemManage_Handler
    startup_stm32g431xx.o(RESET) refers to lto-llvm-6b020b.o(.text.BusFault_Handler) for BusFault_Handler
    startup_stm32g431xx.o(RESET) refers to lto-llvm-6b020b.o(.text.UsageFault_Handler) for UsageFault_Handler
    startup_stm32g431xx.o(RESET) refers to lto-llvm-6b020b.o(.text.SVC_Handler) for SVC_Handler
    startup_stm32g431xx.o(RESET) refers to lto-llvm-6b020b.o(.text.DebugMon_Handler) for DebugMon_Handler
    startup_stm32g431xx.o(RESET) refers to lto-llvm-6b020b.o(.text.PendSV_Handler) for PendSV_Handler
    startup_stm32g431xx.o(RESET) refers to lto-llvm-6b020b.o(.text.SysTick_Handler) for SysTick_Handler
    startup_stm32g431xx.o(RESET) refers to lto-llvm-6b020b.o(.text.EXTI2_IRQHandler) for EXTI2_IRQHandler
    startup_stm32g431xx.o(RESET) refers to lto-llvm-6b020b.o(.text.DMA1_Channel2_IRQHandler) for DMA1_Channel2_IRQHandler
    startup_stm32g431xx.o(RESET) refers to lto-llvm-6b020b.o(.text.DMA1_Channel3_IRQHandler) for DMA1_Channel3_IRQHandler
    startup_stm32g431xx.o(RESET) refers to lto-llvm-6b020b.o(.text.DMA1_Channel4_IRQHandler) for DMA1_Channel4_IRQHandler
    startup_stm32g431xx.o(RESET) refers to lto-llvm-6b020b.o(.text.DMA1_Channel6_IRQHandler) for DMA1_Channel6_IRQHandler
    startup_stm32g431xx.o(RESET) refers to lto-llvm-6b020b.o(.text.TIM3_IRQHandler) for TIM3_IRQHandler
    startup_stm32g431xx.o(RESET) refers to lto-llvm-6b020b.o(.text.EXTI15_10_IRQHandler) for EXTI15_10_IRQHandler
    startup_stm32g431xx.o(RESET) refers to lto-llvm-6b020b.o(.text.TIM6_DAC_IRQHandler) for TIM6_DAC_IRQHandler
    startup_stm32g431xx.o(RESET) refers to lto-llvm-6b020b.o(.text.DMA2_Channel1_IRQHandler) for DMA2_Channel1_IRQHandler
    startup_stm32g431xx.o(.text) refers (Special) to heapauxi.o(.text) for __use_two_region_memory
    startup_stm32g431xx.o(.text) refers to lto-llvm-6b020b.o(.text.SystemInit) for SystemInit
    startup_stm32g431xx.o(.text) refers to __main.o(!!!main) for __main
    startup_stm32g431xx.o(.text) refers to startup_stm32g431xx.o(HEAP) for Heap_Mem
    startup_stm32g431xx.o(.text) refers to startup_stm32g431xx.o(STACK) for Stack_Mem
    malloc.o(.text) refers (Special) to hguard.o(.text) for __heap$guard
    malloc.o(.text) refers (Special) to init_alloc.o(.text) for _init_alloc
    malloc.o(.text) refers to rt_heap_descriptor_intlibspace.o(.text) for __rt_heap_descriptor
    malloc.o(.text) refers to heapstubs.o(.text) for __Heap_Alloc
    free.o(.text) refers (Special) to hguard.o(.text) for __heap$guard
    free.o(.text) refers to rt_heap_descriptor_intlibspace.o(.text) for __rt_heap_descriptor
    free.o(.text) refers to heapstubs.o(.text) for __Heap_Free
    h1_alloc.o(.text) refers (Special) to h1_init.o(.text) for __Heap_Initialize
    h1_alloc.o(.text) refers to rt_heap_descriptor_intlibspace.o(.text) for __rt_heap_descriptor
    h1_alloc.o(.text) refers to init_alloc.o(.text) for __Heap_Full
    h1_free.o(.text) refers to rt_heap_descriptor_intlibspace.o(.text) for __rt_heap_descriptor
    h1_alloc_threads.o(.text) refers (Special) to h1_init.o(.text) for __Heap_Initialize
    h1_alloc_threads.o(.text) refers to init_alloc.o(.text) for __Heap_Full
    h1_alloc_threads.o(.text) refers to rt_heap_descriptor_intlibspace.o(.text) for __rt_heap_descriptor
    h1_free_threads.o(.text) refers to rt_heap_descriptor_intlibspace.o(.text) for __rt_heap_descriptor
    heap2.o(i._FDIterate) refers to heap2.o(.conststring) for .conststring
    heap2.o(i.__Heap_ProvideMemory$realtime) refers to fdtree.o(i._FDTree_Delete) for _FDTree_Delete
    heap2.o(i.__Heap_ProvideMemory$realtime) refers to fdtree.o(i._FDTree_Insert) for _FDTree_Insert
    heap2.o(i.__Heap_Stats$realtime) refers to heap2.o(i._Heap2_StatsIterate) for _Heap2_StatsIterate
    heap2.o(i.__Heap_Valid$realtime) refers to heap2.o(i._FDIterate) for _FDIterate
    heap2.o(i.__Heap_Valid$realtime) refers to heap2.o(.conststring) for .conststring
    heap2.o(i.free$realtime) refers to rt_heap_descriptor_intlibspace.o(.text) for __rt_heap_descriptor
[...]
    [Anonymous Symbol]                       0x20006874   Section        0  lto-llvm-6b020b.o(.bss.hpcd_USB_FS)
    hrtc                                     0x20006b68   Data          40  lto-llvm-6b020b.o(.bss.hrtc)
    [Anonymous Symbol]                       0x20006b68   Section        0  lto-llvm-6b020b.o(.bss.hrtc)
    hspi2                                    0x20006b90   Data         100  lto-llvm-6b020b.o(.bss.hspi2)
    [Anonymous Symbol]                       0x20006b90   Section        0  lto-llvm-6b020b.o(.bss.hspi2)
    hspi3                                    0x20006bf4   Data         100  lto-llvm-6b020b.o(.bss.hspi3)
    [Anonymous Symbol]                       0x20006bf4   Section        0  lto-llvm-6b020b.o(.bss.hspi3)
    htim15                                   0x20006c58   Data          76  lto-llvm-6b020b.o(.bss.htim15)
    [Anonymous Symbol]                       0x20006c58   Section        0  lto-llvm-6b020b.o(.bss.htim15)
    htim17                                   0x20006ca4   Data          76  lto-llvm-6b020b.o(.bss.htim17)
    [Anonymous Symbol]                       0x20006ca4   Section        0  lto-llvm-6b020b.o(.bss.htim17)
    htim2                                    0x20006cf0   Data          76  lto-llvm-6b020b.o(.bss.htim2)
    [Anonymous Symbol]                       0x20006cf0   Section        0  lto-llvm-6b020b.o(.bss.htim2)
    htim3                                    0x20006d3c   Data          76  lto-llvm-6b020b.o(.bss.htim3)
    [Anonymous Symbol]                       0x20006d3c   Section        0  lto-llvm-6b020b.o(.bss.htim3)
    htim6                                    0x20006d88   Data          76  lto-llvm-6b020b.o(.bss.htim6)
    [Anonymous Symbol]                       0x20006d88   Section        0  lto-llvm-6b020b.o(.bss.htim6)
    huart1                                   0x20006dd4   Data         144  lto-llvm-6b020b.o(.bss.huart1)
    [Anonymous Symbol]                       0x20006dd4   Section        0  lto-llvm-6b020b.o(.bss.huart1)
    __tagsym$$used.1                         0x20006e64   Number         0  lto-llvm-6b020b.o(.bss.pxCurrentTCB)
    pxDelayedTaskList                        0x20006e68   Data           4  lto-llvm-6b020b.o(.bss.pxDelayedTaskList)
    [Anonymous Symbol]                       0x20006e68   Section        0  lto-llvm-6b020b.o(.bss.pxDelayedTaskList)
    pxOverflowDelayedTaskList                0x20006e6c   Data           4  lto-llvm-6b020b.o(.bss.pxOverflowDelayedTaskList)
    [Anonymous Symbol]                       0x20006e6c   Section        0  lto-llvm-6b020b.o(.bss.pxOverflowDelayedTaskList)
    pxReadyTasksLists                        0x20006e70   Data         140  lto-llvm-6b020b.o(.bss.pxReadyTasksLists)
    [Anonymous Symbol]                       0x20006e70   Section        0  lto-llvm-6b020b.o(.bss.pxReadyTasksLists)
    ucMaxSysCallPriority                     0x20006efc   Data           1  lto-llvm-6b020b.o(.bss.ucMaxSysCallPriority)
    [Anonymous Symbol]                       0x20006efc   Section        0  lto-llvm-6b020b.o(.bss.ucMaxSysCallPriority)
    ulMaxPRIGROUPValue                       0x20006f00   Data           4  lto-llvm-6b020b.o(.bss.ulMaxPRIGROUPValue)
    [Anonymous Symbol]                       0x20006f00   Section        0  lto-llvm-6b020b.o(.bss.ulMaxPRIGROUPValue)
    uwTick                                   0x20006f04   Data           4  lto-llvm-6b020b.o(.bss.uwTick)
    [Anonymous Symbol]                       0x20006f04   Section        0  lto-llvm-6b020b.o(.bss.uwTick)
    uwTickPrio                               0x20006f08   Data           1  lto-llvm-6b020b.o(.bss.uwTickPrio)
    [Anonymous Symbol]                       0x20006f08   Section        0  lto-llvm-6b020b.o(.bss.uwTickPrio)
    uxCurrentNumberOfTasks                   0x20006f0c   Data           4  lto-llvm-6b020b.o(.bss.uxCurrentNumberOfTasks)
    [Anonymous Symbol]                       0x20006f0c   Section        0  lto-llvm-6b020b.o(.bss.uxCurrentNumberOfTasks)
    uxDeletedTasksWaitingCleanUp             0x20006f10   Data           4  lto-llvm-6b020b.o(.bss.uxDeletedTasksWaitingCleanUp)
    [Anonymous Symbol]                       0x20006f10   Section        0  lto-llvm-6b020b.o(.bss.uxDeletedTasksWaitingCleanUp)
    uxSchedulerSuspended                     0x20006f14   Data           4  lto-llvm-6b020b.o(.bss.uxSchedulerSuspended)
    [Anonymous Symbol]                       0x20006f14   Section        0  lto-llvm-6b020b.o(.bss.uxSchedulerSuspended)
    uxTaskNumber                             0x20006f18   Data           4  lto-llvm-6b020b.o(.bss.uxTaskNumber)
    [Anonymous Symbol]                       0x20006f18   Section        0  lto-llvm-6b020b.o(.bss.uxTaskNumber)
    uxTopReadyPriority                       0x20006f1c   Data           4  lto-llvm-6b020b.o(.bss.uxTopReadyPriority)
    [Anonymous Symbol]                       0x20006f1c   Section        0  lto-llvm-6b020b.o(.bss.uxTopReadyPriority)
    vApplicationGetIdleTaskMemory.stackBuffer 0x20006f20   Data         512  lto-llvm-6b020b.o(.bss.vApplicationGetIdleTaskMemory.stackBuffer)
    [Anonymous Symbol]                       0x20006f20   Section        0  lto-llvm-6b020b.o(.bss.vApplicationGetIdleTaskMemory.stackBuffer)
    vApplicationGetIdleTaskMemory.taskBuffer 0x20007120   Data          92  lto-llvm-6b020b.o(.bss.vApplicationGetIdleTaskMemory.taskBuffer)
    [Anonymous Symbol]                       0x20007120   Section        0  lto-llvm-6b020b.o(.bss.vApplicationGetIdleTaskMemory.taskBuffer)
    ws2812Data                               0x2000717c   Data         240  lto-llvm-6b020b.o(.bss.ws2812Data)
    [Anonymous Symbol]                       0x2000717c   Section        0  lto-llvm-6b020b.o(.bss.ws2812Data)
    xDelayedTaskList1                        0x2000726c   Data          20  lto-llvm-6b020b.o(.bss.xDelayedTaskList1)
    [Anonymous Symbol]                       0x2000726c   Section        0  lto-llvm-6b020b.o(.bss.xDelayedTaskList1)
    xDelayedTaskList2                        0x20007280   Data          20  lto-llvm-6b020b.o(.bss.xDelayedTaskList2)
    [Anonymous Symbol]                       0x20007280   Section        0  lto-llvm-6b020b.o(.bss.xDelayedTaskList2)
    xNextTaskUnblockTime                     0x20007294   Data           4  lto-llvm-6b020b.o(.bss.xNextTaskUnblockTime)
    [Anonymous Symbol]                       0x20007294   Section        0  lto-llvm-6b020b.o(.bss.xNextTaskUnblockTime)
    xNumOfOverflows                          0x20007298   Data           4  lto-llvm-6b020b.o(.bss.xNumOfOverflows)
    [Anonymous Symbol]                       0x20007298   Section        0  lto-llvm-6b020b.o(.bss.xNumOfOverflows)
    xPendedTicks                             0x2000729c   Data           4  lto-llvm-6b020b.o(.bss.xPendedTicks)
    [Anonymous Symbol]                       0x2000729c   Section        0  lto-llvm-6b020b.o(.bss.xPendedTicks)
    xPendingReadyList                        0x200072a0   Data          20  lto-llvm-6b020b.o(.bss.xPendingReadyList)
    [Anonymous Symbol]                       0x200072a0   Section        0  lto-llvm-6b020b.o(.bss.xPendingReadyList)
    xSchedulerRunning                        0x200072b4   Data           4  lto-llvm-6b020b.o(.bss.xSchedulerRunning)
    [Anonymous Symbol]                       0x200072b4   Section        0  lto-llvm-6b020b.o(.bss.xSchedulerRunning)
    xSuspendedTaskList                       0x200072b8   Data          20  lto-llvm-6b020b.o(.bss.xSuspendedTaskList)
    [Anonymous Symbol]                       0x200072b8   Section        0  lto-llvm-6b020b.o(.bss.xSuspendedTaskList)
    xTasksWaitingTermination                 0x200072cc   Data          20  lto-llvm-6b020b.o(.bss.xTasksWaitingTermination)
    [Anonymous Symbol]                       0x200072cc   Section        0  lto-llvm-6b020b.o(.bss.xTasksWaitingTermination)
    xTickCount                               0x200072e0   Data           4  lto-llvm-6b020b.o(.bss.xTickCount)
    [Anonymous Symbol]                       0x200072e0   Section        0  lto-llvm-6b020b.o(.bss.xTickCount)
    xYieldPending                            0x200072e4   Data           4  lto-llvm-6b020b.o(.bss.xYieldPending)
    [Anonymous Symbol]                       0x200072e4   Section        0  lto-llvm-6b020b.o(.bss.xYieldPending)
    Heap_Mem                                 0x200072e8   Data        2048  startup_stm32g431xx.o(HEAP)
    HEAP                                     0x200072e8   Section     2048  startup_stm32g431xx.o(HEAP)
    Stack_Mem                                0x20007ae8   Data        1024  startup_stm32g431xx.o(STACK)
    STACK                                    0x20007ae8   Section     1024  startup_stm32g431xx.o(STACK)
    __initial_sp                             0x20007ee8   Data           0  startup_stm32g431xx.o(STACK)

    Global Symbols

    Symbol Name                              Value     Ov Type        Size  Object(Section)

    BuildAttributes$$THM_ISAv4$E$P$D$K$B$S$7EM$VFPi3$EXTD16$VFPS$VFMA$PE$A:L22UL41UL21$X:L11$S22US41US21$IEEE1$IW$~IW$USESV6$~STKCKD$USESV7$~SHL$OTIME$ROPI$IEEEX$EBA8$UX$STANDARDLIB$REQ8$PRES8$EABIv2 0x00000000   Number         0  anon$$obj.o ABSOLUTE
    __ARM_exceptions_init                     - Undefined Weak Reference
    __alloca_initialize                       - Undefined Weak Reference
    __arm_preinit_                            - Undefined Weak Reference
    __arm_relocate_pie_                       - Undefined Weak Reference
    __cxa_finalize                            - Undefined Weak Reference
    __rt_locale                               - Undefined Weak Reference
    __sigvec_lookup                           - Undefined Weak Reference
    __user_heap_extent                        - Undefined Weak Reference
    _atexit_init                              - Undefined Weak Reference
    _call_atexit_fns                          - Undefined Weak Reference
    _clock_init                               - Undefined Weak Reference
    _fp_trap_init                             - Undefined Weak Reference
    _fp_trap_shutdown                         - Undefined Weak Reference
    _get_lc_collate                           - Undefined Weak Reference
    _get_lc_ctype                             - Undefined Weak Reference
    _get_lc_monetary                          - Undefined Weak Reference
    _get_lc_numeric                           - Undefined Weak Reference
    _get_lc_time                              - Undefined Weak Reference
    _getenv_init                              - Undefined Weak Reference
    _handle_redirection                       - Undefined Weak Reference
    _initio                                   - Undefined Weak Reference
    _mutex_acquire                            - Undefined Weak Reference
    _mutex_free                               - Undefined Weak Reference
    _mutex_release                            - Undefined Weak Reference
    _rand_init                                - Undefined Weak Reference
    _signal_finish                            - Undefined Weak Reference
    _signal_init                              - Undefined Weak Reference
    _terminateio                              - Undefined Weak Reference
    __Vectors_Size                           0x000001d8   Number         0  startup_stm32g431xx.o ABSOLUTE
    __Vectors                                0x08000000   Data           4  startup_stm32g431xx.o(RESET)
    __Vectors_End                            0x080001d8   Data           0  startup_stm32g431xx.o(RESET)
    __main                                   0x080001d9   Thumb Code     8  __main.o(!!!main)
    __scatterload                            0x080001e1   Thumb Code     0  __scatter.o(!!!scatter)
    __scatterload_rt2                        0x080001e1   Thumb Code    44  __scatter.o(!!!scatter)
    __scatterload_rt2_thumb_only             0x080001e1   Thumb Code     0  __scatter.o(!!!scatter)
    __scatterload_null                       0x080001ef   Thumb Code     0  __scatter.o(!!!scatter)
    __scatterload_copy                       0x08000215   Thumb Code    26  __scatter_copy.o(!!handler_copy)
    __scatterload_zeroinit                   0x08000231   Thumb Code    28  __scatter_zi.o(!!handler_zi)
    __rt_lib_init                            0x0800024d   Thumb Code     0  libinit.o(.ARM.Collect$$libinit$$00000000)
    __rt_lib_init_fp_1                       0x0800024f   Thumb Code     0  libinit2.o(.ARM.Collect$$libinit$$00000001)
    __rt_lib_init_heap_2                     0x08000253   Thumb Code     0  libinit2.o(.ARM.Collect$$libinit$$00000007)
    __rt_lib_init_preinit_1                  0x08000253   Thumb Code     0  libinit2.o(.ARM.Collect$$libinit$$00000006)
    __rt_lib_init_relocate_pie_1             0x08000253   Thumb Code     0  libinit2.o(.ARM.Collect$$libinit$$00000004)
    __rt_lib_init_alloca_1                   0x0800025b   Thumb Code     0  libinit2.o(.ARM.Collect$$libinit$$00000030)
    __rt_lib_init_argv_1                     0x0800025b   Thumb Code     0  libinit2.o(.ARM.Collect$$libinit$$0000002E)
    __rt_lib_init_atexit_1                   0x0800025b   Thumb Code     0  libinit2.o(.ARM.Collect$$libinit$$0000001D)
    __rt_lib_init_clock_1                    0x0800025b   Thumb Code     0  libinit2.o(.ARM.Collect$$libinit$$00000023)
    __rt_lib_init_cpp_2                      0x0800025b   Thumb Code     0  libinit2.o(.ARM.Collect$$libinit$$00000033)
    __rt_lib_init_exceptions_1               0x0800025b   Thumb Code     0  libinit2.o(.ARM.Collect$$libinit$$00000032)
    __rt_lib_init_fp_trap_1                  0x0800025b   Thumb Code     0  libinit2.o(.ARM.Collect$$libinit$$00000021)
    __rt_lib_init_getenv_1                   0x0800025b   Thumb Code     0  libinit2.o(.ARM.Collect$$libinit$$00000025)
    __rt_lib_init_heap_1                     0x0800025b   Thumb Code     0  libinit2.o(.ARM.Collect$$libinit$$0000000C)
    __rt_lib_init_lc_collate_1               0x0800025b   Thumb Code     0  libinit2.o(.ARM.Collect$$libinit$$00000013)
    __rt_lib_init_lc_ctype_1                 0x0800025b   Thumb Code     0  libinit2.o(.ARM.Collect$$libinit$$00000015)
    __rt_lib_init_lc_monetary_1              0x0800025b   Thumb Code     0  libinit2.o(.ARM.Collect$$libinit$$00000017)
    __rt_lib_init_lc_numeric_1               0x0800025b   Thumb Code     0  libinit2.o(.ARM.Collect$$libinit$$00000019)
    __rt_lib_init_lc_time_1                  0x0800025b   Thumb Code     0  libinit2.o(.ARM.Collect$$libinit$$0000001B)
    __rt_lib_init_rand_1                     0x0800025b   Thumb Code     0  libinit2.o(.ARM.Collect$$libinit$$00000010)
    __rt_lib_init_signal_1                   0x0800025b   Thumb Code     0  libinit2.o(.ARM.Collect$$libinit$$0000001F)
    __rt_lib_init_stdio_1                    0x0800025b   Thumb Code     0  libinit2.o(.ARM.Collect$$libinit$$00000027)
    __rt_lib_init_user_alloc_1               0x0800025b   Thumb Code     0  libinit2.o(.ARM.Collect$$libinit$$0000000E)
    __rt_lib_init_cpp_1                      0x0800025f   Thumb Code     0  libinit2.o(.ARM.Collect$$libinit$$00000034)
    __rt_lib_init_return                     0x0800025f   Thumb Code     0  libinit2.o(.ARM.Collect$$libinit$$00000035)
    __rt_lib_shutdown                        0x08000261   Thumb Code     0  libshutdown.o(.ARM.Collect$$libshutdown$$00000000)
    __rt_lib_shutdown_cpp_1                  0x08000263   Thumb Code     0  libshutdown2.o(.ARM.Collect$$libshutdown$$00000002)
    __rt_lib_shutdown_fp_trap_1              0x08000263   Thumb Code     0  libshutdown2.o(.ARM.Collect$$libshutdown$$00000007)
    __rt_lib_shutdown_heap_1                 0x08000263   Thumb Code     0  libshutdown2.o(.ARM.Collect$$libshutdown$$0000000F)
    __rt_lib_shutdown_return                 0x08000263   Thumb Code     0  libshutdown2.o(.ARM.Collect$$libshutdown$$00000010)
    __rt_lib_shutdown_signal_1               0x08000263   Thumb Code     0  libshutdown2.o(.ARM.Collect$$libshutdown$$0000000A)
    __rt_lib_shutdown_stdio_1                0x08000263   Thumb Code     0  libshutdown2.o(.ARM.Collect$$libshutdown$$00000004)
    __rt_lib_shutdown_user_alloc_1           0x08000263   Thumb Code     0  libshutdown2.o(.ARM.Collect$$libshutdown$$0000000C)
    __rt_entry                               0x08000265   Thumb Code     0  __rtentry.o(.ARM.Collect$$rtentry$$00000000)
    __rt_entry_presh_1                       0x08000265   Thumb Code     0  __rtentry2.o(.ARM.Collect$$rtentry$$00000002)
    __rt_entry_sh                            0x08000265   Thumb Code     0  __rtentry4.o(.ARM.Collect$$rtentry$$00000004)
    __rt_entry_li                            0x0800026b   Thumb Code     0  __rtentry2.o(.ARM.Collect$$rtentry$$0000000A)
    __rt_entry_postsh_1                      0x0800026b   Thumb Code     0  __rtentry2.o(.ARM.Collect$$rtentry$$00000009)
    __rt_entry_main                          0x0800026f   Thumb Code     0  __rtentry2.o(.ARM.Collect$$rtentry$$0000000D)
    __rt_entry_postli_1                      0x0800026f   Thumb Code     0  __rtentry2.o(.ARM.Collect$$rtentry$$0000000C)
    __rt_exit                                0x08000277   Thumb Code     0  rtexit.o(.ARM.Collect$$rtexit$$00000000)
    __rt_exit_ls                             0x08000279   Thumb Code     0  rtexit2.o(.ARM.Collect$$rtexit$$00000003)
    __rt_exit_prels_1                        0x08000279   Thumb Code     0  rtexit2.o(.ARM.Collect$$rtexit$$00000002)
    __rt_exit_exit                           0x0800027d   Thumb Code     0  rtexit2.o(.ARM.Collect$$rtexit$$00000004)
    Reset_Handler                            0x08000285   Thumb Code     8  startup_stm32g431xx.o(.text)
    ADC1_2_IRQHandler                        0x0800029f   Thumb Code     0  startup_stm32g431xx.o(.text)
    COMP1_2_3_IRQHandler                     0x0800029f   Thumb Code     0  startup_stm32g431xx.o(.text)
    COMP4_IRQHandler                         0x0800029f   Thumb Code     0  startup_stm32g431xx.o(.text)
    CORDIC_IRQHandler                        0x0800029f   Thumb Code     0  startup_stm32g431xx.o(.text)
    CRS_IRQHandler                           0x0800029f   Thumb Code     0  startup_stm32g431xx.o(.text)
    DMA1_Channel1_IRQHandler                 0x0800029f   Thumb Code     0  startup_stm32g431xx.o(.text)
    DMA1_Channel5_IRQHandler                 0x0800029f   Thumb Code     0  startup_stm32g431xx.o(.text)
    DMA2_Channel2_IRQHandler                 0x0800029f   Thumb Code     0  startup_stm32g431xx.o(.text)
    DMA2_Channel3_IRQHandler                 0x0800029f   Thumb Code     0  startup_stm32g431xx.o(.text)
    DMA2_Channel4_IRQHandler                 0x0800029f   Thumb Code     0  startup_stm32g431xx.o(.text)
    DMA2_Channel5_IRQHandler                 0x0800029f   Thumb Code     0  startup_stm32g431xx.o(.text)
    DMA2_Channel6_IRQHandler                 0x0800029f   Thumb Code     0  startup_stm32g431xx.o(.text)
    DMAMUX_OVR_IRQHandler                    0x0800029f   Thumb Code     0  startup_stm32g431xx.o(.text)
    EXTI0_IRQHandler                         0x0800029f   Thumb Code     0  startup_stm32g431xx.o(.text)
    EXTI1_IRQHandler                         0x0800029f   Thumb Code     0  startup_stm32g431xx.o(.text)
    EXTI3_IRQHandler                         0x0800029f   Thumb Code     0  startup_stm32g431xx.o(.text)
    EXTI4_IRQHandler                         0x0800029f   Thumb Code     0  startup_stm32g431xx.o(.text)
    EXTI9_5_IRQHandler                       0x0800029f   Thumb Code     0  startup_stm32g431xx.o(.text)
    FDCAN1_IT0_IRQHandler                    0x0800029f   Thumb Code     0  startup_stm32g431xx.o(.text)
    FDCAN1_IT1_IRQHandler                    0x0800029f   Thumb Code     0  startup_stm32g431xx.o(.text)
    FLASH_IRQHandler                         0x0800029f   Thumb Code     0  startup_stm32g431xx.o(.text)
    FMAC_IRQHandler                          0x0800029f   Thumb Code     0  startup_stm32g431xx.o(.text)
    FPU_IRQHandler                           0x0800029f   Thumb Code     0  startup_stm32g431xx.o(.text)
    I2C1_ER_IRQHandler                       0x0800029f   Thumb Code     0  startup_stm32g431xx.o(.text)
    I2C1_EV_IRQHandler                       0x0800029f   Thumb Code     0  startup_stm32g431xx.o(.text)
    I2C2_ER_IRQHandler                       0x0800029f   Thumb Code     0  startup_stm32g431xx.o(.text)
    I2C2_EV_IRQHandler                       0x0800029f   Thumb Code     0  startup_stm32g431xx.o(.text)
    I2C3_ER_IRQHandler                       0x0800029f   Thumb Code     0  startup_stm32g431xx.o(.text)
    I2C3_EV_IRQHandler                       0x0800029f   Thumb Code     0  startup_stm32g431xx.o(.text)
    LPTIM1_IRQHandler                        0x0800029f   Thumb Code     0  startup_stm32g431xx.o(.text)
    LPUART1_IRQHandler                       0x0800029f   Thumb Code     0  startup_stm32g431xx.o(.text)
    PVD_PVM_IRQHandler                       0x0800029f   Thumb Code     0  startup_stm32g431xx.o(.text)
    RCC_IRQHandler                           0x0800029f   Thumb Code     0  startup_stm32g431xx.o(.text)
    RNG_IRQHandler                           0x0800029f   Thumb Code     0  startup_stm32g431xx.o(.text)
    RTC_Alarm_IRQHandler                     0x0800029f   Thumb Code     0  startup_stm32g431xx.o(.text)
    RTC_TAMP_LSECSS_IRQHandler               0x0800029f   Thumb Code     0  startup_stm32g431xx.o(.text)
    RTC_WKUP_IRQHandler                      0x0800029f   Thumb Code     0  startup_stm32g431xx.o(.text)
    SAI1_IRQHandler                          0x0800029f   Thumb Code     0  startup_stm32g431xx.o(.text)
    SPI1_IRQHandler                          0x0800029f   Thumb Code     0  startup_stm32g431xx.o(.text)
    SPI2_IRQHandler                          0x0800029f   Thumb Code     0  startup_stm32g431xx.o(.text)
    SPI3_IRQHandler                          0x0800029f   Thumb Code     0  startup_stm32g431xx.o(.text)
    TIM1_BRK_TIM15_IRQHandler                0x0800029f   Thumb Code     0  startup_stm32g431xx.o(.text)
    TIM1_CC_IRQHandler                       0x0800029f   Thumb Code     0  startup_stm32g431xx.o(.text)
    TIM1_TRG_COM_TIM17_IRQHandler            0x0800029f   Thumb Code     0  startup_stm32g431xx.o(.text)
    TIM1_UP_TIM16_IRQHandler                 0x0800029f   Thumb Code     0  startup_stm32g431xx.o(.text)
    TIM2_IRQHandler                          0x0800029f   Thumb Code     0  startup_stm32g431xx.o(.text)
    TIM4_IRQHandler                          0x0800029f   Thumb Code     0  startup_stm32g431xx.o(.text)
    TIM7_IRQHandler                          0x0800029f   Thumb Code     0  startup_stm32g431xx.o(.text)
    TIM8_BRK_IRQHandler                      0x0800029f   Thumb Code     0  startup_stm32g431xx.o(.text)
    TIM8_CC_IRQHandler                       0x0800029f   Thumb Code     0  startup_stm32g431xx.o(.text)
    TIM8_TRG_COM_IRQHandler                  0x0800029f   Thumb Code     0  startup_stm32g431xx.o(.text)
    TIM8_UP_IRQHandler                       0x0800029f   Thumb Code     0  startup_stm32g431xx.o(.text)
    UART4_IRQHandler                         0x0800029f   Thumb Code     0  startup_stm32g431xx.o(.text)
    UCPD1_IRQHandler                         0x0800029f   Thumb Code     0  startup_stm32g431xx.o(.text)
    USART1_IRQHandler                        0x0800029f   Thumb Code     0  startup_stm32g431xx.o(.text)
    USART2_IRQHandler                        0x0800029f   Thumb Code     0  startup_stm32g431xx.o(.text)
    USART3_IRQHandler                        0x0800029f   Thumb Code     0  startup_stm32g431xx.o(.text)
    USBWakeUp_IRQHandler                     0x0800029f   Thumb Code     0  startup_stm32g431xx.o(.text)
    USB_HP_IRQHandler                        0x0800029f   Thumb Code     0  startup_stm32g431xx.o(.text)
    USB_LP_IRQHandler                        0x0800029f   Thumb Code     0  startup_stm32g431xx.o(.text)
    WWDG_IRQHandler                          0x0800029f   Thumb Code     0  startup_stm32g431xx.o(.text)
    __user_initial_stackheap                 0x080002a1   Thumb Code     0  startup_stm32g431xx.o(.text)
    malloc                                   0x080002c5   Thumb Code    94  h1_alloc.o(.text)
    free                                     0x08000323   Thumb Code    78  h1_free.o(.text)
    __use_two_region_memory                  0x08000371   Thumb Code     2  heapauxi.o(.text)
    __rt_heap_escrow                         0x08000373   Thumb Code     2  heapauxi.o(.text)
    __rt_heap_expand                         0x08000375   Thumb Code     2  heapauxi.o(.text)
    __rt_heap_descriptor                     0x08000379   Thumb Code     8  rt_heap_descriptor_intlibspace.o(.text)
    __use_no_heap                            0x08000381   Thumb Code     2  hguard.o(.text)
    __heap$guard                             0x08000383   Thumb Code     2  hguard.o(.text)
    _terminate_user_alloc                    0x08000385   Thumb Code     2  init_alloc.o(.text)
    _init_user_alloc                         0x08000387   Thumb Code     2  init_alloc.o(.text)
    __Heap_Full                              0x08000389   Thumb Code    34  init_alloc.o(.text)
    __Heap_Broken                            0x080003ab   Thumb Code     6  init_alloc.o(.text)
    _init_alloc                              0x080003b1   Thumb Code    94  init_alloc.o(.text)
    __Heap_Initialize                        0x0800040f   Thumb Code    10  h1_init.o(.text)
    __Heap_DescSize                          0x08000419   Thumb Code     4  h1_init.o(.text)
    __aeabi_memcpy4                          0x0800041d   Thumb Code     0  rt_memcpy_w.o(.text)
    __aeabi_memcpy8                          0x0800041d   Thumb Code     0  rt_memcpy_w.o(.text)
    __rt_memcpy_w                            0x0800041d   Thumb Code   100  rt_memcpy_w.o(.text)
    _memcpy_lastbytes_aligned                0x08000465   Thumb Code     0  rt_memcpy_w.o(.text)
    _sys_exit                                0x08000481   Thumb Code     8  sys_exit.o(.text)
    __user_libspace                          0x0800048d   Thumb Code     8  libspace.o(.text)
    __user_perproc_libspace                  0x0800048d   Thumb Code     0  libspace.o(.text)
    __user_perthread_libspace                0x0800048d   Thumb Code     0  libspace.o(.text)
    __Heap_ProvideMemory                     0x08000495   Thumb Code    52  h1_extend.o(.text)
    _maybe_terminate_alloc                   0x08000495   Thumb Code     0  maybetermalloc1.o(.text)
    __rt_SIGRTMEM                            0x080004c9   Thumb Code    14  defsig_rtmem_outer.o(.text)
    __I$use$semihosting                      0x080004d7   Thumb Code     0  use_no_semi.o(.text)
    __use_no_semihosting_swi                 0x080004d7   Thumb Code     2  use_no_semi.o(.text)
    __semihosting_library_function           0x080004d9   Thumb Code     0  indicate_semi.o(.text)
    __user_setup_stackheap                   0x080004d9   Thumb Code    74  sys_stackheap_outer.o(.text)
    exit                                     0x08000523   Thumb Code    18  exit.o(.text)
    __sig_exit                               0x08000535   Thumb Code    10  defsig_exit.o(.text)
    __rt_SIGRTMEM_inner                      0x08000541   Thumb Code    22  defsig_rtmem_inner.o(.text)
    __default_signal_display                 0x08000591   Thumb Code    50  defsig_general.o(.text)
    _ttywrch                                 0x080005c3   Thumb Code    14  sys_wrch.o(.text)
    calloc                                   0x080005d1   Thumb Code    40  calloc.o(.text)
    __aeabi_uldivmod                         0x080005f9   Thumb Code     0  lludivv7m.o(.text)
    _ll_udiv                                 0x080005f9   Thumb Code   240  lludivv7m.o(.text)
    __aeabi_memcpy                           0x080006e9   Thumb Code     0  rt_memcpy_v6.o(.text)
    __rt_memcpy                              0x080006e9   Thumb Code   138  rt_memcpy_v6.o(.text)
    _memcpy_lastbytes                        0x0800074f   Thumb Code     0  rt_memcpy_v6.o(.text)
    __aeabi_memset4                          0x08000773   Thumb Code    16  aeabi_memset4.o(.text)
    __aeabi_memset8                          0x08000773   Thumb Code     0  aeabi_memset4.o(.text)
    __aeabi_memclr                           0x08000783   Thumb Code     0  rt_memclr.o(.text)
    __rt_memclr                              0x08000783   Thumb Code     0  rt_memclr.o(.text)
    _memset                                  0x08000787   Thumb Code    64  rt_memclr.o(.text)
    __aeabi_memclr4                          0x080007c7   Thumb Code     0  rt_memclr_w.o(.text)
    __aeabi_memclr8                          0x080007c7   Thumb Code     0  rt_memclr_w.o(.text)
    __rt_memclr_w                            0x080007c7   Thumb Code     0  rt_memclr_w.o(.text)
    _memset_w                                0x080007cb   Thumb Code    74  rt_memclr_w.o(.text)
    __cpp_initialize__aeabi_                 0x08000815   Thumb Code    28  init_aeabi.o(.text)
    BusFault_Handler                         0x08000839   Thumb Code     2  lto-llvm-6b020b.o(.text.BusFault_Handler)
    DMA1_Channel2_IRQHandler                 0x0800083d   Thumb Code    12  lto-llvm-6b020b.o(.text.DMA1_Channel2_IRQHandler)
    DMA1_Channel3_IRQHandler                 0x08000849   Thumb Code    12  lto-llvm-6b020b.o(.text.DMA1_Channel3_IRQHandler)
    DMA1_Channel4_IRQHandler                 0x08000855   Thumb Code    12  lto-llvm-6b020b.o(.text.DMA1_Channel4_IRQHandler)
    DMA1_Channel6_IRQHandler                 0x08000861   Thumb Code    12  lto-llvm-6b020b.o(.text.DMA1_Channel6_IRQHandler)
    DMA2_Channel1_IRQHandler                 0x0800086d   Thumb Code    12  lto-llvm-6b020b.o(.text.DMA2_Channel1_IRQHandler)
    DebugMon_Handler                         0x08000879   Thumb Code     2  lto-llvm-6b020b.o(.text.DebugMon_Handler)
    EXTI15_10_IRQHandler                     0x0800087d   Thumb Code    30  lto-llvm-6b020b.o(.text.EXTI15_10_IRQHandler)
    EXTI2_IRQHandler                         0x0800089d   Thumb Code     6  lto-llvm-6b020b.o(.text.EXTI2_IRQHandler)
    HardFault_Handler                        0x08001ae1   Thumb Code     2  lto-llvm-6b020b.o(.text.HardFault_Handler)
    MemManage_Handler                        0x08001ae5   Thumb Code     2  lto-llvm-6b020b.o(.text.MemManage_Handler)
    NMI_Handler                              0x08001ae9   Thumb Code     2  lto-llvm-6b020b.o(.text.NMI_Handler)
    PendSV_Handler                           0x08001af1   Thumb Code   100  lto-llvm-6b020b.o(.text.PendSV_Handler)
    SVC_Handler                              0x08001e21   Thumb Code    36  lto-llvm-6b020b.o(.text.SVC_Handler)
    SysTick_Handler                          0x08001e45   Thumb Code    46  lto-llvm-6b020b.o(.text.SysTick_Handler)
    SystemInit                               0x08001e75   Thumb Code    18  lto-llvm-6b020b.o(.text.SystemInit)
    TIM3_IRQHandler                          0x08001e89   Thumb Code    12  lto-llvm-6b020b.o(.text.TIM3_IRQHandler)
    TIM6_DAC_IRQHandler                      0x08001e95   Thumb Code    12  lto-llvm-6b020b.o(.text.TIM6_DAC_IRQHandler)
    UsageFault_Handler                       0x08002235   Thumb Code     2  lto-llvm-6b020b.o(.text.UsageFault_Handler)
    main                                     0x080067e5   Thumb Code    20  lto-llvm-6b020b.o(.text.main)
    vTaskSwitchContext                       0x080074a9   Thumb Code   134  lto-llvm-6b020b.o(.text.vTaskSwitchContext)
    _fp_init                                 0x08007ddb   Thumb Code    26  fpinit.o(x$fpl$fpinit)
    __fplib_config_fpu_vfp                   0x08007df3   Thumb Code     0  fpinit.o(x$fpl$fpinit)
    __fplib_config_pureend_doubles           0x08007df3   Thumb Code     0  fpinit.o(x$fpl$fpinit)
    Region$$Table$$Base                      0x08008cf4   Number         0  anon$$obj.o(Region$$Table)
    Region$$Table$$Limit                     0x08008d14   Number         0  anon$$obj.o(Region$$Table)
    SHT$$INIT_ARRAY$$Base                    0x08008d14   Number         0  lto-llvm-6b020b.o(.init_array)
    SHT$$INIT_ARRAY$$Limit                   0x08008d20   Number         0  init_aeabi.o(.init_array)
    __libspace_start                         0x20000018   Data          96  libspace.o(.bss)
    __temporary_stack_top$libspace           0x20000078   Data           0  libspace.o(.bss)
    pxCurrentTCB                             0x20006e64   Data           4  lto-llvm-6b020b.o(.bss.pxCurrentTCB)



==============================================================================

Memory Map of the image

  Image Entry point : 0x080001d9

  Load Region LR_IROM1 (Base: 0x08000000, Size: 0x00008d38, Max: 0x00020000, ABSOLUTE)

    Execution Region ER_IROM1 (Exec base: 0x08000000, Load base: 0x08000000, Size: 0x00008d20, Max: 0x00020000, ABSOLUTE)

    Exec Addr    Load Addr    Size         Type   Attr      Idx    E Section Name        Object

    0x08000000   0x08000000   0x000001d8   Data   RO          106    RESET               startup_stm32g431xx.o
    0x080001d8   0x080001d8   0x00000008   Code   RO          211  * !!!main             c_w.l(__main.o)
    0x080001e0   0x080001e0   0x00000034   Code   RO         1023    !!!scatter          c_w.l(__scatter.o)
    0x08000214   0x08000214   0x0000001a   Code   RO         1025    !!handler_copy      c_w.l(__scatter_copy.o)
    0x0800022e   0x0800022e   0x00000002   PAD
    0x08000230   0x08000230   0x0000001c   Code   RO         1027    !!handler_zi        c_w.l(__scatter_zi.o)
    0x0800024c   0x0800024c   0x00000002   Code   RO          493    .ARM.Collect$$libinit$$00000000  c_w.l(libinit.o)
    0x0800024e   0x0800024e   0x00000004   Code   RO          316    .ARM.Collect$$libinit$$00000001  c_w.l(libinit2.o)
    0x08000252   0x08000252   0x00000000   Code   RO          319    .ARM.Collect$$libinit$$00000004  c_w.l(libinit2.o)
    0x08000252   0x08000252   0x00000000   Code   RO          321    .ARM.Collect$$libinit$$00000006  c_w.l(libinit2.o)
    0x08000252   0x08000252   0x00000008   Code   RO          322    .ARM.Collect$$libinit$$00000007  c_w.l(libinit2.o)
    0x0800025a   0x0800025a   0x00000000   Code   RO          324    .ARM.Collect$$libinit$$0000000C  c_w.l(libinit2.o)
    0x0800025a   0x0800025a   0x00000000   Code   RO          326    .ARM.Collect$$libinit$$0000000E  c_w.l(libinit2.o)
    0x0800025a   0x0800025a   0x00000000   Code   RO          328    .ARM.Collect$$libinit$$00000010  c_w.l(libinit2.o)
    0x0800025a   0x0800025a   0x00000000   Code   RO          331    .ARM.Collect$$libinit$$00000013  c_w.l(libinit2.o)
    0x0800025a   0x0800025a   0x00000000   Code   RO          333    .ARM.Collect$$libinit$$00000015  c_w.l(libinit2.o)
    0x0800025a   0x0800025a   0x00000000   Code   RO          335    .ARM.Collect$$libinit$$00000017  c_w.l(libinit2.o)
    0x0800025a   0x0800025a   0x00000000   Code   RO          337    .ARM.Collect$$libinit$$00000019  c_w.l(libinit2.o)
    0x0800025a   0x0800025a   0x00000000   Code   RO          339    .ARM.Collect$$libinit$$0000001B  c_w.l(libinit2.o)
    0x0800025a   0x0800025a   0x00000000   Code   RO          341    .ARM.Collect$$libinit$$0000001D  c_w.l(libinit2.o)
    0x0800025a   0x0800025a   0x00000000   Code   RO          343    .ARM.Collect$$libinit$$0000001F  c_w.l(libinit2.o)
    0x0800025a   0x0800025a   0x00000000   Code   RO          345    .ARM.Collect$$libinit$$00000021  c_w.l(libinit2.o)
    0x0800025a   0x0800025a   0x00000000   Code   RO          347    .ARM.Collect$$libinit$$00000023  c_w.l(libinit2.o)
    0x0800025a   0x0800025a   0x00000000   Code   RO          349    .ARM.Collect$$libinit$$00000025  c_w.l(libinit2.o)
    0x0800025a   0x0800025a   0x00000000   Code   RO          351    .ARM.Collect$$libinit$$00000027  c_w.l(libinit2.o)
    0x0800025a   0x0800025a   0x00000000   Code   RO          355    .ARM.Collect$$libinit$$0000002E  c_w.l(libinit2.o)
    0x0800025a   0x0800025a   0x00000000   Code   RO          357    .ARM.Collect$$libinit$$00000030  c_w.l(libinit2.o)
    0x0800025a   0x0800025a   0x00000000   Code   RO          359    .ARM.Collect$$libinit$$00000032  c_w.l(libinit2.o)
    0x0800025a   0x0800025a   0x00000004   Code   RO          360    .ARM.Collect$$libinit$$00000033  c_w.l(libinit2.o)
    0x0800025e   0x0800025e   0x00000000   Code   RO          361    .ARM.Collect$$libinit$$00000034  c_w.l(libinit2.o)
    0x0800025e   0x0800025e   0x00000002   Code   RO          362    .ARM.Collect$$libinit$$00000035  c_w.l(libinit2.o)
    0x08000260   0x08000260   0x00000002   Code   RO          549    .ARM.Collect$$libshutdown$$00000000  c_w.l(libshutdown.o)
    0x08000262   0x08000262   0x00000000   Code   RO          505    .ARM.Collect$$libshutdown$$00000002  c_w.l(libshutdown2.o)
    0x08000262   0x08000262   0x00000000   Code   RO          507    .ARM.Collect$$libshutdown$$00000004  c_w.l(libshutdown2.o)
    0x08000262   0x08000262   0x00000000   Code   RO          510    .ARM.Collect$$libshutdown$$00000007  c_w.l(libshutdown2.o)
    0x08000262   0x08000262   0x00000000   Code   RO          513    .ARM.Collect$$libshutdown$$0000000A  c_w.l(libshutdown2.o)
    0x08000262   0x08000262   0x00000000   Code   RO          515    .ARM.Collect$$libshutdown$$0000000C  c_w.l(libshutdown2.o)
    0x08000262   0x08000262   0x00000000   Code   RO          518    .ARM.Collect$$libshutdown$$0000000F  c_w.l(libshutdown2.o)
    0x08000262   0x08000262   0x00000002   Code   RO          519    .ARM.Collect$$libshutdown$$00000010  c_w.l(libshutdown2.o)
    0x08000264   0x08000264   0x00000000   Code   RO          280    .ARM.Collect$$rtentry$$00000000  c_w.l(__rtentry.o)
    0x08000264   0x08000264   0x00000000   Code   RO          412    .ARM.Collect$$rtentry$$00000002  c_w.l(__rtentry2.o)
    0x08000264   0x08000264   0x00000006   Code   RO          424    .ARM.Collect$$rtentry$$00000004  c_w.l(__rtentry4.o)
    0x0800026a   0x0800026a   0x00000000   Code   RO          414    .ARM.Collect$$rtentry$$00000009  c_w.l(__rtentry2.o)
    0x0800026a   0x0800026a   0x00000004   Code   RO          415    .ARM.Collect$$rtentry$$0000000A  c_w.l(__rtentry2.o)
    0x0800026e   0x0800026e   0x00000000   Code   RO          417    .ARM.Collect$$rtentry$$0000000C  c_w.l(__rtentry2.o)
    0x0800026e   0x0800026e   0x00000008   Code   RO          418    .ARM.Collect$$rtentry$$0000000D  c_w.l(__rtentry2.o)
    0x08000276   0x08000276   0x00000002   Code   RO          494    .ARM.Collect$$rtexit$$00000000  c_w.l(rtexit.o)
    0x08000278   0x08000278   0x00000000   Code   RO          525    .ARM.Collect$$rtexit$$00000002  c_w.l(rtexit2.o)
    0x08000278   0x08000278   0x00000004   Code   RO          526    .ARM.Collect$$rtexit$$00000003  c_w.l(rtexit2.o)
    0x0800027c   0x0800027c   0x00000006   Code   RO          527    .ARM.Collect$$rtexit$$00000004  c_w.l(rtexit2.o)
    0x08000282   0x08000282   0x00000002   PAD
    0x08000284   0x08000284   0x00000040   Code   RO          107    .text               startup_stm32g431xx.o
    0x080002c4   0x080002c4   0x0000005e   Code   RO          151    .text               c_w.l(h1_alloc.o)
    0x08000322   0x08000322   0x0000004e   Code   RO          153    .text               c_w.l(h1_free.o)
    0x08000370   0x08000370   0x00000006   Code   RO          209    .text               c_w.l(heapauxi.o)
    0x08000376   0x08000376   0x00000002   PAD
    0x08000378   0x08000378   0x00000008   Code   RO          284    .text               c_w.l(rt_heap_descriptor_intlibspace.o)
    0x08000380   0x08000380   0x00000004   Code   RO          286    .text               c_w.l(hguard.o)
    0x08000384   0x08000384   0x0000008a   Code   RO          288    .text               c_w.l(init_alloc.o)
    0x0800040e   0x0800040e   0x0000000e   Code   RO          292    .text               c_w.l(h1_init.o)
    0x0800041c   0x0800041c   0x00000064   Code   RO          312    .text               c_w.l(rt_memcpy_w.o)
    0x08000480   0x08000480   0x0000000c   Code   RO          402    .text               c_w.l(sys_exit.o)
    0x0800048c   0x0800048c   0x00000008   Code   RO          408    .text               c_w.l(libspace.o)
    0x08000494   0x08000494   0x00000000   Code   RO          433    .text               c_w.l(maybetermalloc1.o)
    0x08000494   0x08000494   0x00000034   Code   RO          435    .text               c_w.l(h1_extend.o)
    0x080004c8   0x080004c8   0x0000000e   Code   RO          443    .text               c_w.l(defsig_rtmem_outer.o)
    0x080004d6   0x080004d6   0x00000002   Code   RO          467    .text               c_w.l(use_no_semi.o)
    0x080004d8   0x080004d8   0x00000000   Code   RO          469    .text               c_w.l(indicate_semi.o)
    0x080004d8   0x080004d8   0x0000004a   Code   RO          470    .text               c_w.l(sys_stackheap_outer.o)
    0x08000522   0x08000522   0x00000012   Code   RO          476    .text               c_w.l(exit.o)
    0x08000534   0x08000534   0x0000000a   Code   RO          478    .text               c_w.l(defsig_exit.o)
    0x0800053e   0x0800053e   0x00000002   PAD
    0x08000540   0x08000540   0x00000050   Code   RO          482    .text               c_w.l(defsig_rtmem_inner.o)
    0x08000590   0x08000590   0x00000032   Code   RO          502    .text               c_w.l(defsig_general.o)
    0x080005c2   0x080005c2   0x0000000e   Code   RO          520    .text               c_w.l(sys_wrch.o)
    0x080005d0   0x080005d0   0x00000028   Code   RO          989    .text               c_w.l(calloc.o)
    0x080005f8   0x080005f8   0x000000f0   Code   RO          991    .text               c_w.l(lludivv7m.o)
    0x080006e8   0x080006e8   0x0000008a   Code   RO          993    .text               c_w.l(rt_memcpy_v6.o)
    0x08000772   0x08000772   0x00000010   Code   RO          995    .text               c_w.l(aeabi_memset4.o)
    0x08000782   0x08000782   0x00000044   Code   RO          997    .text               c_w.l(rt_memclr.o)
    0x080007c6   0x080007c6   0x0000004e   Code   RO          999    .text               c_w.l(rt_memclr_w.o)
    0x08000814   0x08000814   0x00000024   Code   RO         1004    .text               c_w.l(init_aeabi.o)
    0x08000838   0x08000838   0x00000002   Code   RO          595    .text.BusFault_Handler  lto-llvm-6b020b.o
    0x0800083a   0x0800083a   0x00000002   PAD
    0x0800083c   0x0800083c   0x0000000c   Code   RO          603    .text.DMA1_Channel2_IRQHandler  lto-llvm-6b020b.o
    0x08000848   0x08000848   0x0000000c   Code   RO          605    .text.DMA1_Channel3_IRQHandler  lto-llvm-6b020b.o
    0x08000854   0x08000854   0x0000000c   Code   RO          607    .text.DMA1_Channel4_IRQHandler  lto-llvm-6b020b.o
    0x08000860   0x08000860   0x0000000c   Code   RO          609    .text.DMA1_Channel6_IRQHandler  lto-llvm-6b020b.o
    0x0800086c   0x0800086c   0x0000000c   Code   RO          617    .text.DMA2_Channel1_IRQHandler  lto-llvm-6b020b.o
    0x08000878   0x08000878   0x00000002   Code   RO          599    .text.DebugMon_Handler  lto-llvm-6b020b.o
    0x0800087a   0x0800087a   0x00000002   PAD
    0x0800087c   0x0800087c   0x0000001e   Code   RO          613    .text.EXTI15_10_IRQHandler  lto-llvm-6b020b.o
    0x0800089a   0x0800089a   0x00000002   PAD
    0x0800089c   0x0800089c   0x00000006   Code   RO          601    .text.EXTI2_IRQHandler  lto-llvm-6b020b.o
    0x080008a2   0x080008a2   0x00000002   PAD
    0x080008a4   0x080008a4   0x000000a6   Code   RO          555    .text.HAL_DMA_IRQHandler  lto-llvm-6b020b.o
    0x0800094a   0x0800094a   0x00000002   PAD
    0x0800094c   0x0800094c   0x00000126   Code   RO          551    .text.HAL_DMA_Init  lto-llvm-6b020b.o
    0x08000a72   0x08000a72   0x00000002   PAD
    0x08000a74   0x08000a74   0x000000e4   Code   RO          553    .text.HAL_DMA_Start_IT  lto-llvm-6b020b.o
    0x08000b58   0x08000b58   0x000000f0   Code   RO          559    .text.HAL_GPIO_EXTI_IRQHandler  lto-llvm-6b020b.o
    0x08000c48   0x08000c48   0x000001a4   Code   RO          557    .text.HAL_GPIO_Init  lto-llvm-6b020b.o
    0x08000dec   0x08000dec   0x0000017a   Code   RO          621    .text.HAL_InitTick  lto-llvm-6b020b.o
    0x08000f66   0x08000f66   0x00000002   PAD
    0x08000f68   0x08000f68   0x000002e6   Code   RO          561    .text.HAL_RCCEx_PeriphCLKConfig  lto-llvm-6b020b.o
    0x0800124e   0x0800124e   0x00000002   PAD
    0x08001250   0x08001250   0x00000280   Code   RO          563    .text.HAL_SPI_Init  lto-llvm-6b020b.o
    0x080014d0   0x080014d0   0x00000182   Code   RO          573    .text.HAL_TIM_Base_Init  lto-llvm-6b020b.o
    0x08001652   0x08001652   0x00000002   PAD
    0x08001654   0x08001654   0x000001f2   Code   RO          585    .text.HAL_TIM_ConfigClockSource  lto-llvm-6b020b.o
    0x08001846   0x08001846   0x00000002   PAD
    0x08001848   0x08001848   0x00000296   Code   RO          583    .text.HAL_TIM_IRQHandler  lto-llvm-6b020b.o
    0x08001ade   0x08001ade   0x00000002   PAD
    0x08001ae0   0x08001ae0   0x00000002   Code   RO          591    .text.HardFault_Handler  lto-llvm-6b020b.o
    0x08001ae2   0x08001ae2   0x00000002   PAD
    0x08001ae4   0x08001ae4   0x00000002   Code   RO          593    .text.MemManage_Handler  lto-llvm-6b020b.o
    0x08001ae6   0x08001ae6   0x00000002   PAD
    0x08001ae8   0x08001ae8   0x00000002   Code   RO          589    .text.NMI_Handler   lto-llvm-6b020b.o
    0x08001aea   0x08001aea   0x00000006   PAD
    0x08001af0   0x08001af0   0x00000064   Code   RO          669    .text.PendSV_Handler  lto-llvm-6b020b.o
    0x08001b54   0x08001b54   0x00000054   Code   RO          571    .text.SPI_DMAError  lto-llvm-6b020b.o
    0x08001ba8   0x08001ba8   0x00000002   Code   RO          567    .text.SPI_DMAHalfTransmitCplt  lto-llvm-6b020b.o
    0x08001baa   0x08001baa   0x00000002   PAD
    0x08001bac   0x08001bac   0x00000180   Code   RO          569    .text.SPI_DMATransmitCplt  lto-llvm-6b020b.o
    0x08001d2c   0x08001d2c   0x000000f2   Code   RO          565    .text.SPI_WaitFifoStateUntilTimeout  lto-llvm-6b020b.o
    0x08001e1e   0x08001e1e   0x00000002   PAD
    0x08001e20   0x08001e20   0x00000024   Code   RO          663    .text.SVC_Handler   lto-llvm-6b020b.o
    0x08001e44   0x08001e44   0x0000002e   Code   RO          671    .text.SysTick_Handler  lto-llvm-6b020b.o
    0x08001e72   0x08001e72   0x00000002   PAD
    0x08001e74   0x08001e74   0x00000012   Code   RO          619    .text.SystemInit    lto-llvm-6b020b.o
    0x08001e86   0x08001e86   0x00000002   PAD
    0x08001e88   0x08001e88   0x0000000c   Code   RO          611    .text.TIM3_IRQHandler  lto-llvm-6b020b.o
    0x08001e94   0x08001e94   0x0000000c   Code   RO          615    .text.TIM6_DAC_IRQHandler  lto-llvm-6b020b.o
    0x08001ea0   0x08001ea0   0x000000fe   Code   RO          575    .text.TIM_Base_SetConfig  lto-llvm-6b020b.o
    0x08001f9e   0x08001f9e   0x00000002   PAD
    0x08001fa0   0x08001fa0   0x0000009e   Code   RO          579    .text.TIM_DMADelayPulseCplt  lto-llvm-6b020b.o
    0x0800203e   0x0800203e   0x00000002   PAD
    0x08002040   0x08002040   0x00000008   Code   RO          581    .text.TIM_DMADelayPulseHalfCplt  lto-llvm-6b020b.o
    0x08002048   0x08002048   0x00000044   Code   RO          577    .text.TIM_DMAError  lto-llvm-6b020b.o
    0x0800208c   0x0800208c   0x000001a6   Code   RO          587    .text.UART_WaitOnFlagUntilTimeout  lto-llvm-6b020b.o
    0x08002232   0x08002232   0x00000002   PAD
    0x08002234   0x08002234   0x00000002   Code   RO          597    .text.UsageFault_Handler  lto-llvm-6b020b.o
    0x08002236   0x08002236   0x00000002   PAD
    0x08002238   0x08002238   0x00000098   Code   RO          623    .text._GLOBAL__sub_I_BSP.cpp  lto-llvm-6b020b.o
    0x080022d0   0x080022d0   0x000000e8   Code   RO          647    .text._GLOBAL__sub_I_Onboards.cpp  lto-llvm-6b020b.o
    0x080023b8   0x080023b8   0x00000050   Code   RO          633    .text._GLOBAL__sub_I_main.cpp  lto-llvm-6b020b.o
    0x08002408   0x08002408   0x00000234   Code   RO          635    .text._Z11displayTaskPv  lto-llvm-6b020b.o
    0x0800263c   0x0800263c   0x00000008   Code   RO          631    .text._Z14amp_liner_downjjj  lto-llvm-6b020b.o
    0x08002644   0x08002644   0x000028b0   Code   RO          637    .text._Z8mainTaskPv  lto-llvm-6b020b.o
    0x08004ef4   0x08004ef4   0x00000188   Code   RO          627    .text._ZN12TimerChannel10startPluseEv  lto-llvm-6b020b.o
    0x0800507c   0x0800507c   0x000000e0   Code   RO          629    .text._ZN12TimerChannel8endPluseEv  lto-llvm-6b020b.o
    0x0800515c   0x0800515c   0x00000114   Code   RO          625    .text._ZN3SPI5writeEPKvj  lto-llvm-6b020b.o
    0x08005270   0x08005270   0x00000178   Code   RO          641    .text._ZN4Beep20configForCurrentNoteEv  lto-llvm-6b020b.o
    0x080053e8   0x080053e8   0x00000120   Code   RO          653    .text._ZN6ST77356updateEN8Graphics6OffsetENS0_4SizeEPK6RGB565  lto-llvm-6b020b.o
    0x08005508   0x08005508   0x00000114   Code   RO          655    .text._ZN6WS28128setPixelEjhhh  lto-llvm-6b020b.o
    0x0800561c   0x0800561c   0x00000104   Code   RO          651    .text._ZN8Graphics13GraphicsClassI6RGB565Lt160ELt80EE14drawRectFilledENS_6OffsetENS_4SizeE5Color  lto-llvm-6b020b.o
    0x08005720   0x08005720   0x00000046   Code   RO          649    .text._ZN8Graphics13GraphicsClassI6RGB565Lt160ELt80EE9drawPixelENS_6OffsetE5Color  lto-llvm-6b020b.o
    0x08005766   0x08005766   0x00000002   PAD
    0x08005768   0x08005768   0x0000008a   Code   RO          713    .text._ZN8Graphics16GraphicsFunction10drawCircleENS_6OffsetE5ColortNS0_10CirclePartE  lto-llvm-6b020b.o
    0x080057f2   0x080057f2   0x00000002   PAD
    0x080057f4   0x080057f4   0x000000b0   Code   RO          715    .text._ZN8Graphics16GraphicsFunction14drawMonoBitmapENS_6OffsetERKNS_6BitmapE5Color  lto-llvm-6b020b.o
    0x080058a4   0x080058a4   0x0000014a   Code   RO          707    .text._ZN8Graphics16GraphicsFunction15drawRRectFilledENS_6OffsetENS_4SizeE5Colors  lto-llvm-6b020b.o
    0x080059ee   0x080059ee   0x00000002   PAD
    0x080059f0   0x080059f0   0x0000008a   Code   RO          711    .text._ZN8Graphics16GraphicsFunction16drawCircleFilledENS_6OffsetE5ColortNS0_10CirclePartE  lto-llvm-6b020b.o
    0x08005a7a   0x08005a7a   0x00000002   PAD
    0x08005a7c   0x08005a7c   0x000000fa   Code   RO          717    .text._ZN8Graphics16GraphicsFunction16drawCircleHelperENS_6OffsetES1_5ColorsNS0_10CirclePartE  lto-llvm-6b020b.o
    0x08005b76   0x08005b76   0x00000002   PAD
    0x08005b78   0x08005b78   0x0000013e   Code   RO          719    .text._ZN8Graphics16GraphicsFunction22drawCircleFilledHelperENS_6OffsetES1_5ColorsNS0_10CirclePartE  lto-llvm-6b020b.o
    0x08005cb6   0x08005cb6   0x00000002   PAD
    0x08005cb8   0x08005cb8   0x0000010e   Code   RO          703    .text._ZN8Graphics16GraphicsFunction8drawLineENS_6OffsetES1_5Color  lto-llvm-6b020b.o
    0x08005dc6   0x08005dc6   0x00000002   PAD
    0x08005dc8   0x08005dc8   0x00000072   Code   RO          705    .text._ZN8Graphics16GraphicsFunction8drawRectENS_6OffsetENS_4SizeE5Color  lto-llvm-6b020b.o
    0x08005e3a   0x08005e3a   0x00000002   PAD
    0x08005e3c   0x08005e3c   0x0000013a   Code   RO          709    .text._ZN8Graphics16GraphicsFunction9drawRRectENS_6OffsetENS_4SizeE5Colors  lto-llvm-6b020b.o
    0x08005f76   0x08005f76   0x00000002   PAD
    0x08005f78   0x08005f78   0x000004ca   Code   RO          659    .text._ZN9MutexLock7tryLockEj  lto-llvm-6b020b.o
    0x08006442   0x08006442   0x00000002   PAD
    0x08006444   0x08006444   0x00000106   Code   RO          657    .text._ZN9MutexLockC2Ev  lto-llvm-6b020b.o
    0x0800654a   0x0800654a   0x00000002   PAD
    0x0800654c   0x0800654c   0x00000002   Code   RO          725    .text._ZNK13LocalResource7releaseEv  lto-llvm-6b020b.o
    0x0800654e   0x0800654e   0x00000002   PAD
    0x08006550   0x08006550   0x00000004   Code   RO          723    .text._ZNK13LocalResource7requestEv  lto-llvm-6b020b.o
    0x08006554   0x08006554   0x000000ea   Code   RO          721    .text._ZNK8Graphics4Text4drawENS_6OffsetERNS_16GraphicsFunctionE  lto-llvm-6b020b.o
    0x0800663e   0x0800663e   0x00000002   PAD
    0x08006640   0x08006640   0x0000014c   Code   RO          643    .text._ZZN4BeepC1ER12TimerChannelS1_EN3$_08__invokeEPv  lto-llvm-6b020b.o
    0x0800678c   0x0800678c   0x00000056   Code   RO          645    .text._ZZN4BeepC1ER12TimerChannelS1_EN3$_18__invokeEPv  lto-llvm-6b020b.o
    0x080067e2   0x080067e2   0x00000002   PAD
    0x080067e4   0x080067e4   0x0000001c   Code   RO          639    .text.main          lto-llvm-6b020b.o
    0x08006800   0x08006800   0x00000182   Code   RO          693    .text.prvAddCurrentTaskToDelayedList  lto-llvm-6b020b.o
    0x08006982   0x08006982   0x00000002   PAD
    0x08006984   0x08006984   0x0000023a   Code   RO          681    .text.prvAddNewTaskToReadyList  lto-llvm-6b020b.o
    0x08006bbe   0x08006bbe   0x00000002   PAD
    0x08006bc0   0x08006bc0   0x0000014a   Code   RO          691    .text.prvIdleTask   lto-llvm-6b020b.o
    0x08006d0a   0x08006d0a   0x00000002   PAD
    0x08006d0c   0x08006d0c   0x00000120   Code   RO          679    .text.prvInitialiseNewTask  lto-llvm-6b020b.o
    0x08006e2c   0x08006e2c   0x00000028   Code   RO          667    .text.prvPortStartFirstTask  lto-llvm-6b020b.o
    0x08006e54   0x08006e54   0x0000003e   Code   RO          661    .text.prvTaskExitError  lto-llvm-6b020b.o
    0x08006e92   0x08006e92   0x00000002   PAD
    0x08006e94   0x08006e94   0x0000014e   Code   RO          675    .text.prvUnlockQueue  lto-llvm-6b020b.o
    0x08006fe2   0x08006fe2   0x00000002   PAD
    0x08006fe4   0x08006fe4   0x000001c8   Code   RO          699    .text.ulTaskGenericNotifyTake  lto-llvm-6b020b.o
    0x080071ac   0x080071ac   0x00000014   Code   RO          665    .text.vPortEnableVFP  lto-llvm-6b020b.o
    0x080071c0   0x080071c0   0x000002e8   Code   RO          689    .text.vTaskStartScheduler  lto-llvm-6b020b.o
    0x080074a8   0x080074a8   0x00000086   Code   RO          677    .text.vTaskSwitchContext  lto-llvm-6b020b.o
    0x0800752e   0x0800752e   0x00000002   PAD
    0x08007530   0x08007530   0x00000162   Code   RO          673    .text.xQueueGenericSend  lto-llvm-6b020b.o
    0x08007692   0x08007692   0x00000002   PAD
    0x08007694   0x08007694   0x0000005a   Code   RO          683    .text.xTaskCreate   lto-llvm-6b020b.o
    0x080076ee   0x080076ee   0x00000002   PAD
    0x080076f0   0x080076f0   0x0000016a   Code   RO          701    .text.xTaskGenericNotifyFromISR  lto-llvm-6b020b.o
    0x0800785a   0x0800785a   0x00000002   PAD
    0x0800785c   0x0800785c   0x000001b8   Code   RO          687    .text.xTaskIncrementTick  lto-llvm-6b020b.o
    0x08007a14   0x08007a14   0x000000da   Code   RO          697    .text.xTaskPriorityDisinherit  lto-llvm-6b020b.o
    0x08007aee   0x08007aee   0x00000002   PAD
    0x08007af0   0x08007af0   0x000000f6   Code   RO          695    .text.xTaskRemoveFromEventList  lto-llvm-6b020b.o
    0x08007be6   0x08007be6   0x00000002   PAD
    0x08007be8   0x08007be8   0x000001f2   Code   RO          685    .text.xTaskResumeAll  lto-llvm-6b020b.o
    0x08007dda   0x08007dda   0x0000001a   Code   RO          454    x$fpl$fpinit        fz_wm.l(fpinit.o)
    0x08007df4   0x08007df4   0x00000018   Data   RO          728    .rodata.UARTPrescTable  lto-llvm-6b020b.o
    0x08007e0c   0x08007e0c   0x000005d0   Data   RO          794    .rodata._ZL30font_misterpixel_chset_content  lto-llvm-6b020b.o
    0x080083dc   0x080083dc   0x00000003   Data   RO          796    .rodata._ZL31font_misterpixel_ch0x21_content  lto-llvm-6b020b.o
    0x080083df   0x080083df   0x00000002   Data   RO          798    .rodata._ZL31font_misterpixel_ch0x22_content  lto-llvm-6b020b.o
    0x080083e1   0x080083e1   0x00000012   Data   RO          800    .rodata._ZL31font_misterpixel_ch0x23_content  lto-llvm-6b020b.o
    0x080083f3   0x080083f3   0x00000009   Data   RO          802    .rodata._ZL31font_misterpixel_ch0x24_content  lto-llvm-6b020b.o
    0x080083fc   0x080083fc   0x00000016   Data   RO          804    .rodata._ZL31font_misterpixel_ch0x25_content  lto-llvm-6b020b.o
    0x08008412   0x08008412   0x00000014   Data   RO          806    .rodata._ZL31font_misterpixel_ch0x26_content  lto-llvm-6b020b.o
    0x08008426   0x08008426   0x00000001   Data   RO          808    .rodata._ZL31font_misterpixel_ch0x27_content  lto-llvm-6b020b.o
    0x08008427   0x08008427   0x0000000b   Data   RO          810    .rodata._ZL31font_misterpixel_ch0x28_content  lto-llvm-6b020b.o
    0x08008432   0x08008432   0x0000000b   Data   RO          812    .rodata._ZL31font_misterpixel_ch0x29_content  lto-llvm-6b020b.o
    0x0800843d   0x0800843d   0x00000004   Data   RO          814    .rodata._ZL31font_misterpixel_ch0x2a_content  lto-llvm-6b020b.o
    0x08008441   0x08008441   0x0000000e   Data   RO          816    .rodata._ZL31font_misterpixel_ch0x2b_content  lto-llvm-6b020b.o
    0x0800844f   0x0800844f   0x00000002   Data   RO          818    .rodata._ZL31font_misterpixel_ch0x2c_content  lto-llvm-6b020b.o
    0x08008451   0x08008451   0x00000001   Data   RO          820    .rodata._ZL31font_misterpixel_ch0x2d_content  lto-llvm-6b020b.o
    0x08008452   0x08008452   0x00000001   Data   RO          822    .rodata._ZL31font_misterpixel_ch0x2e_content  lto-llvm-6b020b.o
    0x08008453   0x08008453   0x00000018   Data   RO          824    .rodata._ZL31font_misterpixel_ch0x2f_content  lto-llvm-6b020b.o
    0x0800846b   0x0800846b   0x00000008   Data   RO          826    .rodata._ZL31font_misterpixel_ch0x30_content  lto-llvm-6b020b.o
    0x08008473   0x08008473   0x00000005   Data   RO          828    .rodata._ZL31font_misterpixel_ch0x31_content  lto-llvm-6b020b.o
    0x08008478   0x08008478   0x00000008   Data   RO          830    .rodata._ZL31font_misterpixel_ch0x32_content  lto-llvm-6b020b.o
    0x08008480   0x08008480   0x00000008   Data   RO          832    .rodata._ZL31font_misterpixel_ch0x33_content  lto-llvm-6b020b.o
    0x08008488   0x08008488   0x00000014   Data   RO          834    .rodata._ZL31font_misterpixel_ch0x34_content  lto-llvm-6b020b.o
    0x0800849c   0x0800849c   0x00000008   Data   RO          836    .rodata._ZL31font_misterpixel_ch0x35_content  lto-llvm-6b020b.o
    0x080084a4   0x080084a4   0x00000008   Data   RO          838    .rodata._ZL31font_misterpixel_ch0x36_content  lto-llvm-6b020b.o
    0x080084ac   0x080084ac   0x00000008   Data   RO          840    .rodata._ZL31font_misterpixel_ch0x37_content  lto-llvm-6b020b.o
    0x080084b4   0x080084b4   0x00000008   Data   RO          842    .rodata._ZL31font_misterpixel_ch0x38_content  lto-llvm-6b020b.o
    0x080084bc   0x080084bc   0x00000008   Data   RO          844    .rodata._ZL31font_misterpixel_ch0x39_content  lto-llvm-6b020b.o
    0x080084c4   0x080084c4   0x00000001   Data   RO          846    .rodata._ZL31font_misterpixel_ch0x3a_content  lto-llvm-6b020b.o
    0x080084c5   0x080084c5   0x00000002   Data   RO          848    .rodata._ZL31font_misterpixel_ch0x3b_content  lto-llvm-6b020b.o
    0x080084c7   0x080084c7   0x00000016   Data   RO          850    .rodata._ZL31font_misterpixel_ch0x3c_content  lto-llvm-6b020b.o
    0x080084dd   0x080084dd   0x00000004   Data   RO          852    .rodata._ZL31font_misterpixel_ch0x3d_content  lto-llvm-6b020b.o
    0x080084e1   0x080084e1   0x00000016   Data   RO          854    .rodata._ZL31font_misterpixel_ch0x3e_content  lto-llvm-6b020b.o
    0x080084f7   0x080084f7   0x00000008   Data   RO          856    .rodata._ZL31font_misterpixel_ch0x3f_content  lto-llvm-6b020b.o
    0x080084ff   0x080084ff   0x00000016   Data   RO          858    .rodata._ZL31font_misterpixel_ch0x40_content  lto-llvm-6b020b.o
    0x08008515   0x08008515   0x00000016   Data   RO          860    .rodata._ZL31font_misterpixel_ch0x41_content  lto-llvm-6b020b.o
    0x0800852b   0x0800852b   0x00000016   Data   RO          862    .rodata._ZL31font_misterpixel_ch0x42_content  lto-llvm-6b020b.o
    0x08008541   0x08008541   0x00000016   Data   RO          864    .rodata._ZL31font_misterpixel_ch0x43_content  lto-llvm-6b020b.o
    0x08008557   0x08008557   0x00000016   Data   RO          866    .rodata._ZL31font_misterpixel_ch0x44_content  lto-llvm-6b020b.o
    0x0800856d   0x0800856d   0x00000009   Data   RO          868    .rodata._ZL31font_misterpixel_ch0x45_content  lto-llvm-6b020b.o
    0x08008576   0x08008576   0x00000009   Data   RO          870    .rodata._ZL31font_misterpixel_ch0x46_content  lto-llvm-6b020b.o
    0x0800857f   0x0800857f   0x00000016   Data   RO          872    .rodata._ZL31font_misterpixel_ch0x47_content  lto-llvm-6b020b.o
    0x08008595   0x08008595   0x00000016   Data   RO          874    .rodata._ZL31font_misterpixel_ch0x48_content  lto-llvm-6b020b.o
    0x080085ab   0x080085ab   0x00000003   Data   RO          876    .rodata._ZL31font_misterpixel_ch0x49_content  lto-llvm-6b020b.o
    0x080085ae   0x080085ae   0x00000009   Data   RO          878    .rodata._ZL31font_misterpixel_ch0x4a_content  lto-llvm-6b020b.o
    0x080085b7   0x080085b7   0x00000016   Data   RO          880    .rodata._ZL31font_misterpixel_ch0x4b_content  lto-llvm-6b020b.o
    0x080085cd   0x080085cd   0x00000009   Data   RO          882    .rodata._ZL31font_misterpixel_ch0x4c_content  lto-llvm-6b020b.o
    0x080085d6   0x080085d6   0x00000016   Data   RO          884    .rodata._ZL31font_misterpixel_ch0x4d_content  lto-llvm-6b020b.o
    0x080085ec   0x080085ec   0x00000016   Data   RO          886    .rodata._ZL31font_misterpixel_ch0x4e_content  lto-llvm-6b020b.o
    0x08008602   0x08008602   0x00000016   Data   RO          888    .rodata._ZL31font_misterpixel_ch0x4f_content  lto-llvm-6b020b.o
    0x08008618   0x08008618   0x00000016   Data   RO          890    .rodata._ZL31font_misterpixel_ch0x50_content  lto-llvm-6b020b.o
    0x0800862e   0x0800862e   0x0000001c   Data   RO          892    .rodata._ZL31font_misterpixel_ch0x51_content  lto-llvm-6b020b.o
    0x0800864a   0x0800864a   0x00000016   Data   RO          894    .rodata._ZL31font_misterpixel_ch0x52_content  lto-llvm-6b020b.o
    0x08008660   0x08008660   0x00000016   Data   RO          896    .rodata._ZL31font_misterpixel_ch0x53_content  lto-llvm-6b020b.o
    0x08008676   0x08008676   0x00000016   Data   RO          898    .rodata._ZL31font_misterpixel_ch0x54_content  lto-llvm-6b020b.o
    0x0800868c   0x0800868c   0x00000016   Data   RO          900    .rodata._ZL31font_misterpixel_ch0x55_content  lto-llvm-6b020b.o
    0x080086a2   0x080086a2   0x00000016   Data   RO          902    .rodata._ZL31font_misterpixel_ch0x56_content  lto-llvm-6b020b.o
    0x080086b8   0x080086b8   0x00000016   Data   RO          904    .rodata._ZL31font_misterpixel_ch0x57_content  lto-llvm-6b020b.o
    0x080086ce   0x080086ce   0x00000016   Data   RO          906    .rodata._ZL31font_misterpixel_ch0x58_content  lto-llvm-6b020b.o
    0x080086e4   0x080086e4   0x00000016   Data   RO          908    .rodata._ZL31font_misterpixel_ch0x59_content  lto-llvm-6b020b.o
    0x080086fa   0x080086fa   0x00000009   Data   RO          910    .rodata._ZL31font_misterpixel_ch0x5a_content  lto-llvm-6b020b.o
    0x08008703   0x08008703   0x00000007   Data   RO          912    .rodata._ZL31font_misterpixel_ch0x5b_content  lto-llvm-6b020b.o
    0x0800870a   0x0800870a   0x00000007   Data   RO          914    .rodata._ZL31font_misterpixel_ch0x5d_content  lto-llvm-6b020b.o
    0x08008711   0x08008711   0x00000014   Data   RO          916    .rodata._ZL31font_misterpixel_ch0x5e_content  lto-llvm-6b020b.o
    0x08008725   0x08008725   0x00000002   Data   RO          918    .rodata._ZL31font_misterpixel_ch0x5f_content  lto-llvm-6b020b.o
    0x08008727   0x08008727   0x00000001   Data   RO          920    .rodata._ZL31font_misterpixel_ch0x60_content  lto-llvm-6b020b.o
    0x08008728   0x08008728   0x00000007   Data   RO          922    .rodata._ZL31font_misterpixel_ch0x61_content  lto-llvm-6b020b.o
    0x0800872f   0x0800872f   0x00000009   Data   RO          924    .rodata._ZL31font_misterpixel_ch0x62_content  lto-llvm-6b020b.o
    0x08008738   0x08008738   0x00000007   Data   RO          926    .rodata._ZL31font_misterpixel_ch0x63_content  lto-llvm-6b020b.o
    0x0800873f   0x0800873f   0x00000009   Data   RO          928    .rodata._ZL31font_misterpixel_ch0x64_content  lto-llvm-6b020b.o
    0x08008748   0x08008748   0x00000007   Data   RO          930    .rodata._ZL31font_misterpixel_ch0x65_content  lto-llvm-6b020b.o
    0x0800874f   0x0800874f   0x00000008   Data   RO          932    .rodata._ZL31font_misterpixel_ch0x66_content  lto-llvm-6b020b.o
    0x08008757   0x08008757   0x00000009   Data   RO          934    .rodata._ZL31font_misterpixel_ch0x67_content  lto-llvm-6b020b.o
    0x08008760   0x08008760   0x00000009   Data   RO          936    .rodata._ZL31font_misterpixel_ch0x68_content  lto-llvm-6b020b.o
    0x08008769   0x08008769   0x00000003   Data   RO          938    .rodata._ZL31font_misterpixel_ch0x69_content  lto-llvm-6b020b.o
    0x0800876c   0x0800876c   0x00000007   Data   RO          940    .rodata._ZL31font_misterpixel_ch0x6a_content  lto-llvm-6b020b.o
    0x08008773   0x08008773   0x00000018   Data   RO          942    .rodata._ZL31font_misterpixel_ch0x6b_content  lto-llvm-6b020b.o
    0x0800878b   0x0800878b   0x00000005   Data   RO          944    .rodata._ZL31font_misterpixel_ch0x6c_content  lto-llvm-6b020b.o
    0x08008790   0x08008790   0x00000012   Data   RO          946    .rodata._ZL31font_misterpixel_ch0x6d_content  lto-llvm-6b020b.o
    0x080087a2   0x080087a2   0x00000007   Data   RO          948    .rodata._ZL31font_misterpixel_ch0x6e_content  lto-llvm-6b020b.o
    0x080087a9   0x080087a9   0x00000007   Data   RO          950    .rodata._ZL31font_misterpixel_ch0x6f_content  lto-llvm-6b020b.o
    0x080087b0   0x080087b0   0x00000009   Data   RO          952    .rodata._ZL31font_misterpixel_ch0x70_content  lto-llvm-6b020b.o
    0x080087b9   0x080087b9   0x00000009   Data   RO          954    .rodata._ZL31font_misterpixel_ch0x71_content  lto-llvm-6b020b.o
    0x080087c2   0x080087c2   0x00000007   Data   RO          956    .rodata._ZL31font_misterpixel_ch0x72_content  lto-llvm-6b020b.o
    0x080087c9   0x080087c9   0x00000007   Data   RO          958    .rodata._ZL31font_misterpixel_ch0x73_content  lto-llvm-6b020b.o
    0x080087d0   0x080087d0   0x00000009   Data   RO          960    .rodata._ZL31font_misterpixel_ch0x74_content  lto-llvm-6b020b.o
    0x080087d9   0x080087d9   0x00000007   Data   RO          962    .rodata._ZL31font_misterpixel_ch0x75_content  lto-llvm-6b020b.o
    0x080087e0   0x080087e0   0x00000012   Data   RO          964    .rodata._ZL31font_misterpixel_ch0x76_content  lto-llvm-6b020b.o
    0x080087f2   0x080087f2   0x00000012   Data   RO          966    .rodata._ZL31font_misterpixel_ch0x77_content  lto-llvm-6b020b.o
    0x08008804   0x08008804   0x00000012   Data   RO          968    .rodata._ZL31font_misterpixel_ch0x78_content  lto-llvm-6b020b.o
    0x08008816   0x08008816   0x00000009   Data   RO          970    .rodata._ZL31font_misterpixel_ch0x79_content  lto-llvm-6b020b.o
    0x0800881f   0x0800881f   0x00000006   Data   RO          972    .rodata._ZL31font_misterpixel_ch0x7a_content  lto-llvm-6b020b.o
    0x08008825   0x08008825   0x0000000a   Data   RO          974    .rodata._ZL31font_misterpixel_ch0x7b_content  lto-llvm-6b020b.o
    0x0800882f   0x0800882f   0x00000002   Data   RO          976    .rodata._ZL31font_misterpixel_ch0x7c_content  lto-llvm-6b020b.o
    0x08008831   0x08008831   0x0000000a   Data   RO          978    .rodata._ZL31font_misterpixel_ch0x7d_content  lto-llvm-6b020b.o
    0x0800883b   0x0800883b   0x00000008   Data   RO          980    .rodata._ZL31font_misterpixel_ch0x7e_content  lto-llvm-6b020b.o
    0x08008843   0x08008843   0x00000001   PAD
    0x08008844   0x08008844   0x0000000c   Data   RO          797    .rodata._ZL32font_misterpixel_ch0x21_resource  lto-llvm-6b020b.o
    0x08008850   0x08008850   0x0000000c   Data   RO          799    .rodata._ZL32font_misterpixel_ch0x22_resource  lto-llvm-6b020b.o
    0x0800885c   0x0800885c   0x0000000c   Data   RO          801    .rodata._ZL32font_misterpixel_ch0x23_resource  lto-llvm-6b020b.o
    0x08008868   0x08008868   0x0000000c   Data   RO          803    .rodata._ZL32font_misterpixel_ch0x24_resource  lto-llvm-6b020b.o
    0x08008874   0x08008874   0x0000000c   Data   RO          805    .rodata._ZL32font_misterpixel_ch0x25_resource  lto-llvm-6b020b.o
    0x08008880   0x08008880   0x0000000c   Data   RO          807    .rodata._ZL32font_misterpixel_ch0x26_resource  lto-llvm-6b020b.o
    0x0800888c   0x0800888c   0x0000000c   Data   RO          809    .rodata._ZL32font_misterpixel_ch0x27_resource  lto-llvm-6b020b.o
    0x08008898   0x08008898   0x0000000c   Data   RO          811    .rodata._ZL32font_misterpixel_ch0x28_resource  lto-llvm-6b020b.o
    0x080088a4   0x080088a4   0x0000000c   Data   RO          813    .rodata._ZL32font_misterpixel_ch0x29_resource  lto-llvm-6b020b.o
    0x080088b0   0x080088b0   0x0000000c   Data   RO          815    .rodata._ZL32font_misterpixel_ch0x2a_resource  lto-llvm-6b020b.o
    0x080088bc   0x080088bc   0x0000000c   Data   RO          817    .rodata._ZL32font_misterpixel_ch0x2b_resource  lto-llvm-6b020b.o
    0x080088c8   0x080088c8   0x0000000c   Data   RO          819    .rodata._ZL32font_misterpixel_ch0x2c_resource  lto-llvm-6b020b.o
    0x080088d4   0x080088d4   0x0000000c   Data   RO          821    .rodata._ZL32font_misterpixel_ch0x2d_resource  lto-llvm-6b020b.o
    0x080088e0   0x080088e0   0x0000000c   Data   RO          823    .rodata._ZL32font_misterpixel_ch0x2e_resource  lto-llvm-6b020b.o
    0x080088ec   0x080088ec   0x0000000c   Data   RO          825    .rodata._ZL32font_misterpixel_ch0x2f_resource  lto-llvm-6b020b.o
    0x080088f8   0x080088f8   0x0000000c   Data   RO          827    .rodata._ZL32font_misterpixel_ch0x30_resource  lto-llvm-6b020b.o
    0x08008904   0x08008904   0x0000000c   Data   RO          829    .rodata._ZL32font_misterpixel_ch0x31_resource  lto-llvm-6b020b.o
    0x08008910   0x08008910   0x0000000c   Data   RO          831    .rodata._ZL32font_misterpixel_ch0x32_resource  lto-llvm-6b020b.o
    0x0800891c   0x0800891c   0x0000000c   Data   RO          833    .rodata._ZL32font_misterpixel_ch0x33_resource  lto-llvm-6b020b.o
    0x08008928   0x08008928   0x0000000c   Data   RO          835    .rodata._ZL32font_misterpixel_ch0x34_resource  lto-llvm-6b020b.o
    0x08008934   0x08008934   0x0000000c   Data   RO          837    .rodata._ZL32font_misterpixel_ch0x35_resource  lto-llvm-6b020b.o
    0x08008940   0x08008940   0x0000000c   Data   RO          839    .rodata._ZL32font_misterpixel_ch0x36_resource  lto-llvm-6b020b.o
    0x0800894c   0x0800894c   0x0000000c   Data   RO          841    .rodata._ZL32font_misterpixel_ch0x37_resource  lto-llvm-6b020b.o
    0x08008958   0x08008958   0x0000000c   Data   RO          843    .rodata._ZL32font_misterpixel_ch0x38_resource  lto-llvm-6b020b.o
    0x08008964   0x08008964   0x0000000c   Data   RO          845    .rodata._ZL32font_misterpixel_ch0x39_resource  lto-llvm-6b020b.o
    0x08008970   0x08008970   0x0000000c   Data   RO          847    .rodata._ZL32font_misterpixel_ch0x3a_resource  lto-llvm-6b020b.o
    0x0800897c   0x0800897c   0x0000000c   Data   RO          849    .rodata._ZL32font_misterpixel_ch0x3b_resource  lto-llvm-6b020b.o
    0x08008988   0x08008988   0x0000000c   Data   RO          851    .rodata._ZL32font_misterpixel_ch0x3c_resource  lto-llvm-6b020b.o
    0x08008994   0x08008994   0x0000000c   Data   RO          853    .rodata._ZL32font_misterpixel_ch0x3d_resource  lto-llvm-6b020b.o
    0x080089a0   0x080089a0   0x0000000c   Data   RO          855    .rodata._ZL32font_misterpixel_ch0x3e_resource  lto-llvm-6b020b.o
    0x080089ac   0x080089ac   0x0000000c   Data   RO          857    .rodata._ZL32font_misterpixel_ch0x3f_resource  lto-llvm-6b020b.o
    0x080089b8   0x080089b8   0x0000000c   Data   RO          859    .rodata._ZL32font_misterpixel_ch0x40_resource  lto-llvm-6b020b.o
    0x080089c4   0x080089c4   0x0000000c   Data   RO          861    .rodata._ZL32font_misterpixel_ch0x41_resource  lto-llvm-6b020b.o
    0x080089d0   0x080089d0   0x0000000c   Data   RO          863    .rodata._ZL32font_misterpixel_ch0x42_resource  lto-llvm-6b020b.o
    0x080089dc   0x080089dc   0x0000000c   Data   RO          865    .rodata._ZL32font_misterpixel_ch0x43_resource  lto-llvm-6b020b.o
    0x080089e8   0x080089e8   0x0000000c   Data   RO          867    .rodata._ZL32font_misterpixel_ch0x44_resource  lto-llvm-6b020b.o
    0x080089f4   0x080089f4   0x0000000c   Data   RO          869    .rodata._ZL32font_misterpixel_ch0x45_resource  lto-llvm-6b020b.o
    0x08008a00   0x08008a00   0x0000000c   Data   RO          871    .rodata._ZL32font_misterpixel_ch0x46_resource  lto-llvm-6b020b.o
    0x08008a0c   0x08008a0c   0x0000000c   Data   RO          873    .rodata._ZL32font_misterpixel_ch0x47_resource  lto-llvm-6b020b.o
    0x08008a18   0x08008a18   0x0000000c   Data   RO          875    .rodata._ZL32font_misterpixel_ch0x48_resource  lto-llvm-6b020b.o
    0x08008a24   0x08008a24   0x0000000c   Data   RO          877    .rodata._ZL32font_misterpixel_ch0x49_resource  lto-llvm-6b020b.o
    0x08008a30   0x08008a30   0x0000000c   Data   RO          879    .rodata._ZL32font_misterpixel_ch0x4a_resource  lto-llvm-6b020b.o
    0x08008a3c   0x08008a3c   0x0000000c   Data   RO          881    .rodata._ZL32font_misterpixel_ch0x4b_resource  lto-llvm-6b020b.o
    0x08008a48   0x08008a48   0x0000000c   Data   RO          883    .rodata._ZL32font_misterpixel_ch0x4c_resource  lto-llvm-6b020b.o
    0x08008a54   0x08008a54   0x0000000c   Data   RO          885    .rodata._ZL32font_misterpixel_ch0x4d_resource  lto-llvm-6b020b.o
    0x08008a60   0x08008a60   0x0000000c   Data   RO          887    .rodata._ZL32font_misterpixel_ch0x4e_resource  lto-llvm-6b020b.o
    0x08008a6c   0x08008a6c   0x0000000c   Data   RO          889    .rodata._ZL32font_misterpixel_ch0x4f_resource  lto-llvm-6b020b.o
    0x08008a78   0x08008a78   0x0000000c   Data   RO          891    .rodata._ZL32font_misterpixel_ch0x50_resource  lto-llvm-6b020b.o
    0x08008a84   0x08008a84   0x0000000c   Data   RO          893    .rodata._ZL32font_misterpixel_ch0x51_resource  lto-llvm-6b020b.o
    0x08008a90   0x08008a90   0x0000000c   Data   RO          895    .rodata._ZL32font_misterpixel_ch0x52_resource  lto-llvm-6b020b.o
    0x08008a9c   0x08008a9c   0x0000000c   Data   RO          897    .rodata._ZL32font_misterpixel_ch0x53_resource  lto-llvm-6b020b.o
    0x08008aa8   0x08008aa8   0x0000000c   Data   RO          899    .rodata._ZL32font_misterpixel_ch0x54_resource  lto-llvm-6b020b.o
    0x08008ab4   0x08008ab4   0x0000000c   Data   RO          901    .rodata._ZL32font_misterpixel_ch0x55_resource  lto-llvm-6b020b.o
    0x08008ac0   0x08008ac0   0x0000000c   Data   RO          903    .rodata._ZL32font_misterpixel_ch0x56_resource  lto-llvm-6b020b.o
    0x08008acc   0x08008acc   0x0000000c   Data   RO          905    .rodata._ZL32font_misterpixel_ch0x57_resource  lto-llvm-6b020b.o
    0x08008ad8   0x08008ad8   0x0000000c   Data   RO          907    .rodata._ZL32font_misterpixel_ch0x58_resource  lto-llvm-6b020b.o
    0x08008ae4   0x08008ae4   0x0000000c   Data   RO          909    .rodata._ZL32font_misterpixel_ch0x59_resource  lto-llvm-6b020b.o
    0x08008af0   0x08008af0   0x0000000c   Data   RO          911    .rodata._ZL32font_misterpixel_ch0x5a_resource  lto-llvm-6b020b.o
    0x08008afc   0x08008afc   0x0000000c   Data   RO          913    .rodata._ZL32font_misterpixel_ch0x5b_resource  lto-llvm-6b020b.o
    0x08008b08   0x08008b08   0x0000000c   Data   RO          915    .rodata._ZL32font_misterpixel_ch0x5d_resource  lto-llvm-6b020b.o
    0x08008b14   0x08008b14   0x0000000c   Data   RO          917    .rodata._ZL32font_misterpixel_ch0x5e_resource  lto-llvm-6b020b.o
    0x08008b20   0x08008b20   0x0000000c   Data   RO          919    .rodata._ZL32font_misterpixel_ch0x5f_resource  lto-llvm-6b020b.o
    0x08008b2c   0x08008b2c   0x0000000c   Data   RO          921    .rodata._ZL32font_misterpixel_ch0x60_resource  lto-llvm-6b020b.o
    0x08008b38   0x08008b38   0x0000000c   Data   RO          923    .rodata._ZL32font_misterpixel_ch0x61_resource  lto-llvm-6b020b.o
    0x08008b44   0x08008b44   0x0000000c   Data   RO          925    .rodata._ZL32font_misterpixel_ch0x62_resource  lto-llvm-6b020b.o
    0x08008b50   0x08008b50   0x0000000c   Data   RO          927    .rodata._ZL32font_misterpixel_ch0x63_resource  lto-llvm-6b020b.o
    0x08008b5c   0x08008b5c   0x0000000c   Data   RO          929    .rodata._ZL32font_misterpixel_ch0x64_resource  lto-llvm-6b020b.o
    0x08008b68   0x08008b68   0x0000000c   Data   RO          931    .rodata._ZL32font_misterpixel_ch0x65_resource  lto-llvm-6b020b.o
    0x08008b74   0x08008b74   0x0000000c   Data   RO          933    .rodata._ZL32font_misterpixel_ch0x66_resource  lto-llvm-6b020b.o
    0x08008b80   0x08008b80   0x0000000c   Data   RO          935    .rodata._ZL32font_misterpixel_ch0x67_resource  lto-llvm-6b020b.o
    0x08008b8c   0x08008b8c   0x0000000c   Data   RO          937    .rodata._ZL32font_misterpixel_ch0x68_resource  lto-llvm-6b020b.o
    0x08008b98   0x08008b98   0x0000000c   Data   RO          939    .rodata._ZL32font_misterpixel_ch0x69_resource  lto-llvm-6b020b.o
    0x08008ba4   0x08008ba4   0x0000000c   Data   RO          941    .rodata._ZL32font_misterpixel_ch0x6a_resource  lto-llvm-6b020b.o
    0x08008bb0   0x08008bb0   0x0000000c   Data   RO          943    .rodata._ZL32font_misterpixel_ch0x6b_resource  lto-llvm-6b020b.o
    0x08008bbc   0x08008bbc   0x0000000c   Data   RO          945    .rodata._ZL32font_misterpixel_ch0x6c_resource  lto-llvm-6b020b.o
    0x08008bc8   0x08008bc8   0x0000000c   Data   RO          947    .rodata._ZL32font_misterpixel_ch0x6d_resource  lto-llvm-6b020b.o
    0x08008bd4   0x08008bd4   0x0000000c   Data   RO          949    .rodata._ZL32font_misterpixel_ch0x6e_resource  lto-llvm-6b020b.o
    0x08008be0   0x08008be0   0x0000000c   Data   RO          951    .rodata._ZL32font_misterpixel_ch0x6f_resource  lto-llvm-6b020b.o
    0x08008bec   0x08008bec   0x0000000c   Data   RO          953    .rodata._ZL32font_misterpixel_ch0x70_resource  lto-llvm-6b020b.o
    0x08008bf8   0x08008bf8   0x0000000c   Data   RO          955    .rodata._ZL32font_misterpixel_ch0x71_resource  lto-llvm-6b020b.o
    0x08008c04   0x08008c04   0x0000000c   Data   RO          957    .rodata._ZL32font_misterpixel_ch0x72_resource  lto-llvm-6b020b.o
    0x08008c10   0x08008c10   0x0000000c   Data   RO          959    .rodata._ZL32font_misterpixel_ch0x73_resource  lto-llvm-6b020b.o
    0x08008c1c   0x08008c1c   0x0000000c   Data   RO          961    .rodata._ZL32font_misterpixel_ch0x74_resource  lto-llvm-6b020b.o
    0x08008c28   0x08008c28   0x0000000c   Data   RO          963    .rodata._ZL32font_misterpixel_ch0x75_resource  lto-llvm-6b020b.o
    0x08008c34   0x08008c34   0x0000000c   Data   RO          965    .rodata._ZL32font_misterpixel_ch0x76_resource  lto-llvm-6b020b.o
    0x08008c40   0x08008c40   0x0000000c   Data   RO          967    .rodata._ZL32font_misterpixel_ch0x77_resource  lto-llvm-6b020b.o
    0x08008c4c   0x08008c4c   0x0000000c   Data   RO          969    .rodata._ZL32font_misterpixel_ch0x78_resource  lto-llvm-6b020b.o
    0x08008c58   0x08008c58   0x0000000c   Data   RO          971    .rodata._ZL32font_misterpixel_ch0x79_resource  lto-llvm-6b020b.o
    0x08008c64   0x08008c64   0x0000000c   Data   RO          973    .rodata._ZL32font_misterpixel_ch0x7a_resource  lto-llvm-6b020b.o
    0x08008c70   0x08008c70   0x0000000c   Data   RO          975    .rodata._ZL32font_misterpixel_ch0x7b_resource  lto-llvm-6b020b.o
    0x08008c7c   0x08008c7c   0x0000000c   Data   RO          977    .rodata._ZL32font_misterpixel_ch0x7c_resource  lto-llvm-6b020b.o
    0x08008c88   0x08008c88   0x0000000c   Data   RO          979    .rodata._ZL32font_misterpixel_ch0x7d_resource  lto-llvm-6b020b.o
    0x08008c94   0x08008c94   0x0000000c   Data   RO          981    .rodata._ZL32font_misterpixel_ch0x7e_resource  lto-llvm-6b020b.o
    0x08008ca0   0x08008ca0   0x00000010   Data   RO          795    .rodata._ZTV13LocalResource  lto-llvm-6b020b.o
    0x08008cb0   0x08008cb0   0x00000020   Data   RO          729    .rodata.cst16       lto-llvm-6b020b.o
    0x08008cd0   0x08008cd0   0x00000018   Data   RO          730    .rodata.cst8        lto-llvm-6b020b.o
    0x08008ce8   0x08008ce8   0x00000008   Data   RO          793    .rodata.font_MisterPixel  lto-llvm-6b020b.o
    0x08008cf0   0x08008cf0   0x00000004   Data   RO          773    .rodata.uxTopUsedPriority  lto-llvm-6b020b.o
    0x08008cf4   0x08008cf4   0x00000020   Data   RO         1022    Region$$Table       anon$$obj.o
    0x08008d14   0x08008d14   0x0000000c   Data   RO          741    .init_array         lto-llvm-6b020b.o
    0x08008d20   0x08008d14   0x00000000   Data   RO         1002    .init_array         c_w.l(init_aeabi.o)


    Execution Region RW_IRAM1 (Exec base: 0x20000000, Load base: 0x08008d20, Size: 0x00007ee8, Max: 0x00008000, ABSOLUTE)

    Exec Addr    Load Addr    Size         Type   Attr      Idx    E Section Name        Object

    0x20000000   0x08008d20   0x00000004   Data   RW          771    .data.SystemCoreClock  lto-llvm-6b020b.o
    0x20000004   0x08008d24   0x0000000c   Data   RW          764    .data.note_seq_buf_2  lto-llvm-6b020b.o
    0x20000010   0x08008d30   0x00000004   Data   RW          770    .data.uxCriticalNesting  lto-llvm-6b020b.o
    0x20000014   0x08008d34   0x00000004   PAD
    0x20000018        -       0x00000060   Zero   RW          409    .bss                c_w.l(libspace.o)
    0x20000078        -       0x0000001c   Zero   RW          751    .bss._ZL4text       lto-llvm-6b020b.o
    0x20000094        -       0x0000005c   Zero   RW          756    .bss._ZN3BSP10SPIDisplayE  lto-llvm-6b020b.o
    0x200000f0        -       0x00000008   Zero   RW          745    .bss._ZN3BSP11ws2812TimerE  lto-llvm-6b020b.o
    0x200000f8        -       0x00000008   Zero   RW          747    .bss._ZN3BSP12beepAmpTimerE  lto-llvm-6b020b.o
    0x20000100        -       0x00000008   Zero   RW          749    .bss._ZN3BSP13beepFreqTimerE  lto-llvm-6b020b.o
    0x20000108        -       0x00000064   Zero   RW          760    .bss._ZN3BSP18ws2812TimerChannelE  lto-llvm-6b020b.o
    0x2000016c        -       0x0000000c   Zero   RW          762    .bss._ZN3BSP19beepAmpTimerChannelE  lto-llvm-6b020b.o
    0x20000178        -       0x0000000c   Zero   RW          763    .bss._ZN3BSP20beepFreqTimerChannelE  lto-llvm-6b020b.o
    0x20000184        -       0x0000005c   Zero   RW          743    .bss._ZN3BSP8SPIFlashE  lto-llvm-6b020b.o
    0x200001e0        -       0x00000034   Zero   RW          761    .bss._ZN8Onboards4beepE  lto-llvm-6b020b.o
    0x20000214        -       0x00000001   Zero   RW          766    .bss._ZN8Onboards6buttonE.4  lto-llvm-6b020b.o
    0x20000215   0x08008d34   0x00000001   PAD
    0x20000216        -       0x00000001   Zero   RW          767    .bss._ZN8Onboards6buttonE.5  lto-llvm-6b020b.o
    0x20000217   0x08008d34   0x00000001   PAD
    0x20000218        -       0x00000064   Zero   RW          759    .bss._ZN8Onboards6ws2812E  lto-llvm-6b020b.o
    0x2000027c        -       0x00000010   Zero   RW          755    .bss._ZN8Onboards7displayE  lto-llvm-6b020b.o
    0x2000028c        -       0x00006408   Zero   RW          757    .bss._ZN8Onboards8graphicsE  lto-llvm-6b020b.o
    0x20006694        -       0x00000060   Zero   RW          731    .bss.hdma_spi2_tx   lto-llvm-6b020b.o
    0x200066f4        -       0x00000060   Zero   RW          732    .bss.hdma_spi3_rx   lto-llvm-6b020b.o
    0x20006754        -       0x00000060   Zero   RW          733    .bss.hdma_spi3_tx   lto-llvm-6b020b.o
    0x200067b4        -       0x00000060   Zero   RW          735    .bss.hdma_tim2_ch2  lto-llvm-6b020b.o
    0x20006814        -       0x00000060   Zero   RW          737    .bss.hdma_usart1_tx  lto-llvm-6b020b.o
    0x20006874        -       0x000002f4   Zero   RW          738    .bss.hpcd_USB_FS    lto-llvm-6b020b.o
    0x20006b68        -       0x00000028   Zero   RW          765    .bss.hrtc           lto-llvm-6b020b.o
    0x20006b90        -       0x00000064   Zero   RW          742    .bss.hspi2          lto-llvm-6b020b.o
    0x20006bf4        -       0x00000064   Zero   RW          744    .bss.hspi3          lto-llvm-6b020b.o
    0x20006c58        -       0x0000004c   Zero   RW          734    .bss.htim15         lto-llvm-6b020b.o
    0x20006ca4        -       0x0000004c   Zero   RW          748    .bss.htim17         lto-llvm-6b020b.o
    0x20006cf0        -       0x0000004c   Zero   RW          746    .bss.htim2          lto-llvm-6b020b.o
    0x20006d3c        -       0x0000004c   Zero   RW          750    .bss.htim3          lto-llvm-6b020b.o
    0x20006d88        -       0x0000004c   Zero   RW          739    .bss.htim6          lto-llvm-6b020b.o
    0x20006dd4        -       0x00000090   Zero   RW          736    .bss.huart1         lto-llvm-6b020b.o
    0x20006e64        -       0x00000004   Zero   RW          772    .bss.pxCurrentTCB   lto-llvm-6b020b.o
    0x20006e68        -       0x00000004   Zero   RW          782    .bss.pxDelayedTaskList  lto-llvm-6b020b.o
    0x20006e6c        -       0x00000004   Zero   RW          783    .bss.pxOverflowDelayedTaskList  lto-llvm-6b020b.o
    0x20006e70        -       0x0000008c   Zero   RW          774    .bss.pxReadyTasksLists  lto-llvm-6b020b.o
    0x20006efc        -       0x00000001   Zero   RW          768    .bss.ucMaxSysCallPriority  lto-llvm-6b020b.o
    0x20006efd   0x08008d34   0x00000003   PAD
    0x20006f00        -       0x00000004   Zero   RW          769    .bss.ulMaxPRIGROUPValue  lto-llvm-6b020b.o
    0x20006f04        -       0x00000004   Zero   RW          727    .bss.uwTick         lto-llvm-6b020b.o
    0x20006f08        -       0x00000001   Zero   RW          740    .bss.uwTickPrio     lto-llvm-6b020b.o
    0x20006f09   0x08008d34   0x00000003   PAD
    0x20006f0c        -       0x00000004   Zero   RW          779    .bss.uxCurrentNumberOfTasks  lto-llvm-6b020b.o
    0x20006f10        -       0x00000004   Zero   RW          778    .bss.uxDeletedTasksWaitingCleanUp  lto-llvm-6b020b.o
    0x20006f14        -       0x00000004   Zero   RW          781    .bss.uxSchedulerSuspended  lto-llvm-6b020b.o
    0x20006f18        -       0x00000004   Zero   RW          776    .bss.uxTaskNumber   lto-llvm-6b020b.o
    0x20006f1c        -       0x00000004   Zero   RW          775    .bss.uxTopReadyPriority  lto-llvm-6b020b.o
    0x20006f20        -       0x00000200   Zero   RW          754    .bss.vApplicationGetIdleTaskMemory.stackBuffer  lto-llvm-6b020b.o
    0x20007120        -       0x0000005c   Zero   RW          753    .bss.vApplicationGetIdleTaskMemory.taskBuffer  lto-llvm-6b020b.o
    0x2000717c        -       0x000000f0   Zero   RW          758    .bss.ws2812Data     lto-llvm-6b020b.o
    0x2000726c        -       0x00000014   Zero   RW          791    .bss.xDelayedTaskList1  lto-llvm-6b020b.o
    0x20007280        -       0x00000014   Zero   RW          792    .bss.xDelayedTaskList2  lto-llvm-6b020b.o
    0x20007294        -       0x00000004   Zero   RW          787    .bss.xNextTaskUnblockTime  lto-llvm-6b020b.o
    0x20007298        -       0x00000004   Zero   RW          790    .bss.xNumOfOverflows  lto-llvm-6b020b.o
    0x2000729c        -       0x00000004   Zero   RW          789    .bss.xPendedTicks   lto-llvm-6b020b.o
    0x200072a0        -       0x00000014   Zero   RW          786    .bss.xPendingReadyList  lto-llvm-6b020b.o
    0x200072b4        -       0x00000004   Zero   RW          780    .bss.xSchedulerRunning  lto-llvm-6b020b.o
    0x200072b8        -       0x00000014   Zero   RW          784    .bss.xSuspendedTaskList  lto-llvm-6b020b.o
    0x200072cc        -       0x00000014   Zero   RW          777    .bss.xTasksWaitingTermination  lto-llvm-6b020b.o
    0x200072e0        -       0x00000004   Zero   RW          788    .bss.xTickCount     lto-llvm-6b020b.o
    0x200072e4        -       0x00000004   Zero   RW          785    .bss.xYieldPending  lto-llvm-6b020b.o
    0x200072e8        -       0x00000800   Zero   RW          105    HEAP                startup_stm32g431xx.o
    0x20007ae8        -       0x00000400   Zero   RW          104    STACK               startup_stm32g431xx.o


==============================================================================

Image component sizes


      Code (inc. data)   RO Data    RW Data    ZI Data      Debug   Object Name

     30016        284       3851         20      29288     319242   lto-llvm-6b020b.o
        64         26        472          0       3072        876   startup_stm32g431xx.o

    ----------------------------------------------------------------------
     30178        310       4356         20      32372     320118   Object Totals
         0          0         32          0          0          0   (incl. Generated)
        98          0          1          0         12          0   (incl. Padding)

    ----------------------------------------------------------------------

      Code (inc. data)   RO Data    RW Data    ZI Data      Debug   Library Member Name

         8          0          0          0          0         68   __main.o
         0          0          0          0          0          0   __rtentry.o
        12          0          0          0          0          0   __rtentry2.o
         6          0          0          0          0          0   __rtentry4.o
        52          8          0          0          0          0   __scatter.o
        26          0          0          0          0          0   __scatter_copy.o
        28          0          0          0          0          0   __scatter_zi.o
        16          0          0          0          0         68   aeabi_memset4.o
        40          0          0          0          0         80   calloc.o
        10          0          0          0          0         68   defsig_exit.o
        50          0          0          0          0         88   defsig_general.o
        80         58          0          0          0         76   defsig_rtmem_inner.o
        14          0          0          0          0         80   defsig_rtmem_outer.o
        18          0          0          0          0         80   exit.o
        94          0          0          0          0         80   h1_alloc.o
        52          0          0          0          0         68   h1_extend.o
        78          0          0          0          0         80   h1_free.o
        14          0          0          0          0         84   h1_init.o
         6          0          0          0          0        152   heapauxi.o
         4          0          0          0          0        136   hguard.o
         0          0          0          0          0          0   indicate_semi.o
        36          8          0          0          0         80   init_aeabi.o
       138          0          0          0          0        168   init_alloc.o
         2          0          0          0          0          0   libinit.o
        18          0          0          0          0          0   libinit2.o
         2          0          0          0          0          0   libshutdown.o
         2          0          0          0          0          0   libshutdown2.o
         8          4          0          0         96         68   libspace.o
       240          0          0          0          0        100   lludivv7m.o
         0          0          0          0          0          0   maybetermalloc1.o
         8          4          0          0          0         68   rt_heap_descriptor_intlibspace.o
        68          0          0          0          0         68   rt_memclr.o
        78          0          0          0          0         80   rt_memclr_w.o
       138          0          0          0          0         68   rt_memcpy_v6.o
       100          0          0          0          0         80   rt_memcpy_w.o
         2          0          0          0          0          0   rtexit.o
        10          0          0          0          0          0   rtexit2.o
        12          4          0          0          0         68   sys_exit.o
        74          0          0          0          0         80   sys_stackheap_outer.o
        14          0          0          0          0         76   sys_wrch.o
         2          0          0          0          0         68   use_no_semi.o
        26          0          0          0          0        116   fpinit.o

    ----------------------------------------------------------------------
      1594         86          0          0         96       2396   Library Totals
         8          0          0          0          0          0   (incl. Padding)

    ----------------------------------------------------------------------

      Code (inc. data)   RO Data    RW Data    ZI Data      Debug   Library Name

      1560         86          0          0         96       2280   c_w.l
        26          0          0          0          0        116   fz_wm.l

    ----------------------------------------------------------------------
      1594         86          0          0         96       2396   Library Totals

    ----------------------------------------------------------------------

==============================================================================


      Code (inc. data)   RO Data    RW Data    ZI Data      Debug   

     31772        396       4356         20      32468     321266   Grand Totals
     31772        396       4356         20      32468     321266   ELF Image Totals
     31772        396       4356         20          0          0   ROM Totals

==============================================================================

    Total RO  Size (Code + RO Data)                36128 (  35.28kB)
    Total RW  Size (RW Data + ZI Data)             32488 (  31.73kB)
    Total ROM Size (Code + RO Data + RW Data)      36148 (  35.30kB)

==============================================================================

