Component: Arm Compiler for Embedded 6.19 Tool: armlink [5e73cb00]

==============================================================================

Section Cross References

    startup_stm32g431xx.o(STACK) refers (Special) to heapauxi.o(.text) for __use_two_region_memory
    startup_stm32g431xx.o(HEAP) refers (Special) to heapauxi.o(.text) for __use_two_region_memory
    startup_stm32g431xx.o(RESET) refers (Special) to heapauxi.o(.text) for __use_two_region_memory
    startup_stm32g431xx.o(RESET) refers to startup_stm32g431xx.o(STACK) for __initial_sp
    startup_stm32g431xx.o(RESET) refers to startup_stm32g431xx.o(.text) for Reset_Handler
    startup_stm32g431xx.o(RESET) refers to lto-llvm-3a301d.o(.text.NMI_Handler) for NMI_Handler
    startup_stm32g431xx.o(RESET) refers to lto-llvm-3a301d.o(.text.HardFault_Handler) for HardFault_Handler
    startup_stm32g431xx.o(RESET) refers to lto-llvm-3a301d.o(.text.MemManage_Handler) for MemManage_Handler
    startup_stm32g431xx.o(RESET) refers to lto-llvm-3a301d.o(.text.BusFault_Handler) for BusFault_Handler
    startup_stm32g431xx.o(RESET) refers to lto-llvm-3a301d.o(.text.UsageFault_Handler) for UsageFault_Handler
    startup_stm32g431xx.o(RESET) refers to lto-llvm-3a301d.o(.text.SVC_Handler) for SVC_Handler
    startup_stm32g431xx.o(RESET) refers to lto-llvm-3a301d.o(.text.DebugMon_Handler) for DebugMon_Handler
    startup_stm32g431xx.o(RESET) refers to lto-llvm-3a301d.o(.text.PendSV_Handler) for PendSV_Handler
    startup_stm32g431xx.o(RESET) refers to lto-llvm-3a301d.o(.text.SysTick_Handler) for SysTick_Handler
    startup_stm32g431xx.o(RESET) refers to lto-llvm-3a301d.o(.text.EXTI2_IRQHandler) for EXTI2_IRQHandler
    startup_stm32g431xx.o(RESET) refers to lto-llvm-3a301d.o(.text.DMA1_Channel2_IRQHandler) for DMA1_Channel2_IRQHandler
    startup_stm32g431xx.o(RESET) refers to lto-llvm-3a301d.o(.text.DMA1_Channel3_IRQHandler) for DMA1_Channel3_IRQHandler
    startup_stm32g431xx.o(RESET) refers to lto-llvm-3a301d.o(.text.DMA1_Channel4_IRQHandler) for DMA1_Channel4_IRQHandler
    startup_stm32g431xx.o(RESET) refers to lto-llvm-3a301d.o(.text.DMA1_Channel6_IRQHandler) for DMA1_Channel6_IRQHandler
    startup_stm32g431xx.o(RESET) refers to lto-llvm-3a301d.o(.text.TIM3_IRQHandler) for TIM3_IRQHandler
    startup_stm32g431xx.o(RESET) refers to lto-llvm-3a301d.o(.text.EXTI15_10_IRQHandler) for EXTI15_10_IRQHandler
    startup_stm32g431xx.o(RESET) refers to lto-llvm-3a301d.o(.text.TIM6_DAC_IRQHandler) for TIM6_DAC_IRQHandler
    startup_stm32g431xx.o(RESET) refers to lto-llvm-3a301d.o(.text.DMA2_Channel1_IRQHandler) for DMA2_Channel1_IRQHandler
    startup_stm32g431xx.o(.text) refers (Special) to heapauxi.o(.text) for __use_two_region_memory
    startup_stm32g431xx.o(.text) refers to lto-llvm-3a301d.o(.text.SystemInit) for SystemInit
    startup_stm32g431xx.o(.text) refers to __main.o(!!!main) for __main
    startup_stm32g431xx.o(.text) refers to startup_stm32g431xx.o(HEAP) for Heap_Mem
    startup_stm32g431xx.o(.text) refers to startup_stm32g431xx.o(STACK) for Stack_Mem
    malloc.o(.text) refers (Special) to hguard.o(.text) for __heap$guard
    malloc.o(.text) refers (Special) to init_alloc.o(.text) for _init_alloc
    malloc.o(.text) refers to rt_heap_descriptor_intlibspace.o(.text) for __rt_heap_descriptor
    malloc.o(.text) refers to heapstubs.o(.text) for __Heap_Alloc
    free.o(.text) refers (Special) to hguard.o(.text) for __heap$guard
    free.o(.text) refers to rt_heap_descriptor_intlibspace.o(.text) for __rt_heap_descriptor
    free.o(.text) refers to heapstubs.o(.text) for __Heap_Free
    h1_alloc.o(.text) refers (Special) to h1_init.o(.text) for __Heap_Initialize
    h1_alloc.o(.text) refers to rt_heap_descriptor_intlibspace.o(.text) for __rt_heap_descriptor
    h1_alloc.o(.text) refers to init_alloc.o(.text) for __Heap_Full
    h1_free.o(.text) refers to rt_heap_descriptor_intlibspace.o(.text) for __rt_heap_descriptor
    h1_alloc_threads.o(.text) refers (Special) to h1_init.o(.text) for __Heap_Initialize
    h1_alloc_threads.o(.text) refers to init_alloc.o(.text) for __Heap_Full
    h1_alloc_threads.o(.text) refers to rt_heap_descriptor_intlibspace.o(.text) for __rt_heap_descriptor
    h1_free_threads.o(.text) refers to rt_heap_descriptor_intlibspace.o(.text) for __rt_heap_descriptor
    heap2.o(i._FDIterate) refers to heap2.o(.conststring) for .conststring
    heap2.o(i.__Heap_ProvideMemory$realtime) refers to fdtree.o(i._FDTree_Delete) for _FDTree_Delete
    heap2.o(i.__Heap_ProvideMemory$realtime) refers to fdtree.o(i._FDTree_Insert) for _FDTree_Insert
    heap2.o(i.__Heap_Stats$realtime) refers to heap2.o(i._Heap2_StatsIterate) for _Heap2_StatsIterate
    heap2.o(i.__Heap_Valid$realtime) refers to heap2.o(i._FDIterate) for _FDIterate
    heap2.o(i.__Heap_Valid$realtime) refers to heap2.o(.conststring) for .conststring
    heap2.o(i.free$realtime) refers to rt_heap_descriptor_intlibspace.o(.text) for __rt_heap_descriptor
[...]
    lto-llvm-3a301d.o(.ARM.exidx.text.DMA1_Channel3_IRQHandler) refers to lto-llvm-3a301d.o(.text.DMA1_Channel3_IRQHandler) for [Anonymous Symbol]
    lto-llvm-3a301d.o(.text.DMA1_Channel4_IRQHandler) refers to lto-llvm-3a301d.o(.bss.hdma_spi3_tx) for hdma_spi3_tx
    lto-llvm-3a301d.o(.text.DMA1_Channel4_IRQHandler) refers to lto-llvm-3a301d.o(.text.HAL_DMA_IRQHandler) for HAL_DMA_IRQHandler
    lto-llvm-3a301d.o(.ARM.exidx.text.DMA1_Channel4_IRQHandler) refers to lto-llvm-3a301d.o(.text.DMA1_Channel4_IRQHandler) for [Anonymous Symbol]
    lto-llvm-3a301d.o(.text.DMA1_Channel6_IRQHandler) refers to lto-llvm-3a301d.o(.bss.hdma_usart1_tx) for hdma_usart1_tx
    lto-llvm-3a301d.o(.text.DMA1_Channel6_IRQHandler) refers to lto-llvm-3a301d.o(.text.HAL_DMA_IRQHandler) for HAL_DMA_IRQHandler
    lto-llvm-3a301d.o(.ARM.exidx.text.DMA1_Channel6_IRQHandler) refers to lto-llvm-3a301d.o(.text.DMA1_Channel6_IRQHandler) for [Anonymous Symbol]
    lto-llvm-3a301d.o(.text.TIM3_IRQHandler) refers to lto-llvm-3a301d.o(.bss.htim3) for htim3
    lto-llvm-3a301d.o(.text.TIM3_IRQHandler) refers to lto-llvm-3a301d.o(.text.HAL_TIM_IRQHandler) for HAL_TIM_IRQHandler
    lto-llvm-3a301d.o(.ARM.exidx.text.TIM3_IRQHandler) refers to lto-llvm-3a301d.o(.text.TIM3_IRQHandler) for [Anonymous Symbol]
    lto-llvm-3a301d.o(.text.EXTI15_10_IRQHandler) refers to lto-llvm-3a301d.o(.text.HAL_GPIO_EXTI_IRQHandler) for HAL_GPIO_EXTI_IRQHandler
    lto-llvm-3a301d.o(.ARM.exidx.text.EXTI15_10_IRQHandler) refers to lto-llvm-3a301d.o(.text.EXTI15_10_IRQHandler) for [Anonymous Symbol]
    lto-llvm-3a301d.o(.text.TIM6_DAC_IRQHandler) refers to lto-llvm-3a301d.o(.bss.htim6) for htim6
    lto-llvm-3a301d.o(.text.TIM6_DAC_IRQHandler) refers to lto-llvm-3a301d.o(.text.HAL_TIM_IRQHandler) for HAL_TIM_IRQHandler
    lto-llvm-3a301d.o(.ARM.exidx.text.TIM6_DAC_IRQHandler) refers to lto-llvm-3a301d.o(.text.TIM6_DAC_IRQHandler) for [Anonymous Symbol]
    lto-llvm-3a301d.o(.text.DMA2_Channel1_IRQHandler) refers to lto-llvm-3a301d.o(.bss.hdma_tim2_ch2) for hdma_tim2_ch2
    lto-llvm-3a301d.o(.text.DMA2_Channel1_IRQHandler) refers to lto-llvm-3a301d.o(.text.HAL_DMA_IRQHandler) for HAL_DMA_IRQHandler
    lto-llvm-3a301d.o(.ARM.exidx.text.DMA2_Channel1_IRQHandler) refers to lto-llvm-3a301d.o(.text.DMA2_Channel1_IRQHandler) for [Anonymous Symbol]
    lto-llvm-3a301d.o(.ARM.exidx.text.SystemInit) refers to lto-llvm-3a301d.o(.text.SystemInit) for [Anonymous Symbol]
    lto-llvm-3a301d.o(.text.HAL_InitTick) refers to lto-llvm-3a301d.o(.rodata.cst8) for APBPrescTable
    lto-llvm-3a301d.o(.text.HAL_InitTick) refers to lto-llvm-3a301d.o(.data.SystemCoreClock) for SystemCoreClock
    lto-llvm-3a301d.o(.text.HAL_InitTick) refers to lto-llvm-3a301d.o(.bss.htim6) for htim6
    lto-llvm-3a301d.o(.text.HAL_InitTick) refers to lto-llvm-3a301d.o(.text.HAL_TIM_Base_Init) for HAL_TIM_Base_Init
    lto-llvm-3a301d.o(.text.HAL_InitTick) refers to lto-llvm-3a301d.o(.bss.uwTickPrio) for uwTickPrio
    lto-llvm-3a301d.o(.ARM.exidx.text.HAL_InitTick) refers to lto-llvm-3a301d.o(.text.HAL_InitTick) for [Anonymous Symbol]
    lto-llvm-3a301d.o(.text._GLOBAL__sub_I_BSP.cpp) refers to lto-llvm-3a301d.o(.bss._ZN3BSP10SPIDisplayE) for BSP::SPIDisplay
    lto-llvm-3a301d.o(.text._GLOBAL__sub_I_BSP.cpp) refers to lto-llvm-3a301d.o(.text._ZN9MutexLockC2Ev) for MutexLock::MutexLock__sub_object()
    lto-llvm-3a301d.o(.text._GLOBAL__sub_I_BSP.cpp) refers to lto-llvm-3a301d.o(.bss.hspi2) for hspi2
    lto-llvm-3a301d.o(.text._GLOBAL__sub_I_BSP.cpp) refers to lto-llvm-3a301d.o(.bss._ZN3BSP8SPIFlashE) for BSP::SPIFlash
    lto-llvm-3a301d.o(.text._GLOBAL__sub_I_BSP.cpp) refers to lto-llvm-3a301d.o(.bss.hspi3) for hspi3
    lto-llvm-3a301d.o(.text._GLOBAL__sub_I_BSP.cpp) refers to lto-llvm-3a301d.o(.bss._ZN3BSP11ws2812TimerE) for BSP::ws2812Timer
    lto-llvm-3a301d.o(.text._GLOBAL__sub_I_BSP.cpp) refers to lto-llvm-3a301d.o(.bss.htim2) for htim2
    lto-llvm-3a301d.o(.text._GLOBAL__sub_I_BSP.cpp) refers to lto-llvm-3a301d.o(.bss._ZN3BSP18ws2812TimerChannelE) for BSP::ws2812TimerChannel
    lto-llvm-3a301d.o(.text._GLOBAL__sub_I_BSP.cpp) refers to lto-llvm-3a301d.o(.bss._ZN3BSP12beepAmpTimerE) for BSP::beepAmpTimer
    lto-llvm-3a301d.o(.text._GLOBAL__sub_I_BSP.cpp) refers to lto-llvm-3a301d.o(.bss.htim17) for htim17
    lto-llvm-3a301d.o(.text._GLOBAL__sub_I_BSP.cpp) refers to lto-llvm-3a301d.o(.bss._ZN3BSP19beepAmpTimerChannelE) for BSP::beepAmpTimerChannel
    lto-llvm-3a301d.o(.text._GLOBAL__sub_I_BSP.cpp) refers to lto-llvm-3a301d.o(.bss._ZN3BSP13beepFreqTimerE) for BSP::beepFreqTimer
    lto-llvm-3a301d.o(.text._GLOBAL__sub_I_BSP.cpp) refers to lto-llvm-3a301d.o(.bss.htim3) for htim3
    lto-llvm-3a301d.o(.text._GLOBAL__sub_I_BSP.cpp) refers to lto-llvm-3a301d.o(.bss._ZN3BSP20beepFreqTimerChannelE) for BSP::beepFreqTimerChannel
    lto-llvm-3a301d.o(.ARM.exidx.text._GLOBAL__sub_I_BSP.cpp) refers to lto-llvm-3a301d.o(.text._GLOBAL__sub_I_BSP.cpp) for [Anonymous Symbol]
    lto-llvm-3a301d.o(.text._ZN3SPI5writeEPKvj) refers to lto-llvm-3a301d.o(.bss.pxCurrentTCB) for pxCurrentTCB
    lto-llvm-3a301d.o(.text._ZN3SPI5writeEPKvj) refers to lto-llvm-3a301d.o(.text.ulTaskGenericNotifyTake) for ulTaskGenericNotifyTake
    lto-llvm-3a301d.o(.text._ZN3SPI5writeEPKvj) refers to lto-llvm-3a301d.o(.text.SPI_DMAHalfTransmitCplt) for SPI_DMAHalfTransmitCplt
    lto-llvm-3a301d.o(.text._ZN3SPI5writeEPKvj) refers to lto-llvm-3a301d.o(.text.SPI_DMATransmitCplt) for SPI_DMATransmitCplt
    lto-llvm-3a301d.o(.text._ZN3SPI5writeEPKvj) refers to lto-llvm-3a301d.o(.text.SPI_DMAError) for SPI_DMAError
    lto-llvm-3a301d.o(.text._ZN3SPI5writeEPKvj) refers to lto-llvm-3a301d.o(.text.HAL_DMA_Start_IT) for HAL_DMA_Start_IT
    lto-llvm-3a301d.o(.ARM.exidx.text._ZN3SPI5writeEPKvj) refers to lto-llvm-3a301d.o(.text._ZN3SPI5writeEPKvj) for [Anonymous Symbol]
    lto-llvm-3a301d.o(.ARM.exidx.text._ZN12TimerChannel10startPluseEv) refers to lto-llvm-3a301d.o(.text._ZN12TimerChannel10startPluseEv) for [Anonymous Symbol]
    lto-llvm-3a301d.o(.ARM.exidx.text._ZN12TimerChannel8endPluseEv) refers to lto-llvm-3a301d.o(.text._ZN12TimerChannel8endPluseEv) for [Anonymous Symbol]
    lto-llvm-3a301d.o(.ARM.exidx.text._Z14amp_liner_downjjj) refers to lto-llvm-3a301d.o(.text._Z14amp_liner_downjjj) for [Anonymous Symbol]
    lto-llvm-3a301d.o(.text._GLOBAL__sub_I_main.cpp) refers to lto-llvm-3a301d.o(.bss._ZL4text) for text
    lto-llvm-3a301d.o(.text._GLOBAL__sub_I_main.cpp) refers to lto-llvm-3a301d.o(.bss.font_MisterPixel) for font_MisterPixel
    lto-llvm-3a301d.o(.text._GLOBAL__sub_I_main.cpp) refers to lto-llvm-3a301d.o(.text._ZNK8Graphics4Text4drawENS_6OffsetERNS_16GraphicsFunctionE) for Graphics::Text::draw(Graphics::Offset, Graphics::GraphicsFunction&) const
    lto-llvm-3a301d.o(.ARM.exidx.text._GLOBAL__sub_I_main.cpp) refers to lto-llvm-3a301d.o(.text._GLOBAL__sub_I_main.cpp) for [Anonymous Symbol]
    lto-llvm-3a301d.o(.text._Z11displayTaskPv) refers to lto-llvm-3a301d.o(.bss._ZN8Onboards8graphicsE) for Onboards::graphics
    lto-llvm-3a301d.o(.text._Z11displayTaskPv) refers to lto-llvm-3a301d.o(.bss._ZL4text) for text
    lto-llvm-3a301d.o(.text._Z11displayTaskPv) refers to rt_memclr.o(.text) for __aeabi_memclr
    lto-llvm-3a301d.o(.text._Z11displayTaskPv) refers to lto-llvm-3a301d.o(.text._ZNK8Graphics4Text4drawENS_6OffsetERNS_16GraphicsFunctionE) for Graphics::Text::draw(Graphics::Offset, Graphics::GraphicsFunction&) const
    lto-llvm-3a301d.o(.ARM.exidx.text._Z11displayTaskPv) refers to lto-llvm-3a301d.o(.text._Z11displayTaskPv) for [Anonymous Symbol]
    lto-llvm-3a301d.o(.text._Z8mainTaskPv) refers to lto-llvm-3a301d.o(.text.HAL_InitTick) for HAL_InitTick
    lto-llvm-3a301d.o(.text._Z8mainTaskPv) refers to lto-llvm-3a301d.o(.data.SystemCoreClock) for SystemCoreClock
    lto-llvm-3a301d.o(.text._Z8mainTaskPv) refers to lto-llvm-3a301d.o(.bss.uwTick) for uwTick
    lto-llvm-3a301d.o(.text._Z8mainTaskPv) refers to lto-llvm-3a301d.o(.bss.uwTickPrio) for uwTickPrio
    lto-llvm-3a301d.o(.text._Z8mainTaskPv) refers to lto-llvm-3a301d.o(.rodata.cst16) for AHBPrescTable
    lto-llvm-3a301d.o(.text._Z8mainTaskPv) refers to lto-llvm-3a301d.o(.text.HAL_GPIO_Init) for HAL_GPIO_Init
    lto-llvm-3a301d.o(.text._Z8mainTaskPv) refers to lto-llvm-3a301d.o(.bss.hspi2) for hspi2
    lto-llvm-3a301d.o(.text._Z8mainTaskPv) refers to lto-llvm-3a301d.o(.text.HAL_SPI_Init) for HAL_SPI_Init
    lto-llvm-3a301d.o(.text._Z8mainTaskPv) refers to lto-llvm-3a301d.o(.bss.hspi3) for hspi3
    lto-llvm-3a301d.o(.text._Z8mainTaskPv) refers to lto-llvm-3a301d.o(.bss.htim15) for htim15
    lto-llvm-3a301d.o(.text._Z8mainTaskPv) refers to lto-llvm-3a301d.o(.text.HAL_TIM_Base_Init) for HAL_TIM_Base_Init
    lto-llvm-3a301d.o(.text._Z8mainTaskPv) refers to lto-llvm-3a301d.o(.text.HAL_TIM_ConfigClockSource) for HAL_TIM_ConfigClockSource
    lto-llvm-3a301d.o(.text._Z8mainTaskPv) refers to lto-llvm-3a301d.o(.text.TIM_Base_SetConfig) for TIM_Base_SetConfig
    lto-llvm-3a301d.o(.text._Z8mainTaskPv) refers to lto-llvm-3a301d.o(.bss.huart1) for huart1
    lto-llvm-3a301d.o(.text._Z8mainTaskPv) refers to rt_memclr_w.o(.text) for __aeabi_memclr4
    lto-llvm-3a301d.o(.text._Z8mainTaskPv) refers to lto-llvm-3a301d.o(.text.HAL_RCCEx_PeriphCLKConfig) for HAL_RCCEx_PeriphCLKConfig
    lto-llvm-3a301d.o(.text._Z8mainTaskPv) refers to lto-llvm-3a301d.o(.bss.hdma_usart1_tx) for hdma_usart1_tx
    lto-llvm-3a301d.o(.text._Z8mainTaskPv) refers to lto-llvm-3a301d.o(.text.HAL_DMA_Init) for HAL_DMA_Init
    lto-llvm-3a301d.o(.text._Z8mainTaskPv) refers to lto-llvm-3a301d.o(.rodata.cst8) for APBPrescTable
    lto-llvm-3a301d.o(.text._Z8mainTaskPv) refers to lto-llvm-3a301d.o(.rodata.UARTPrescTable) for UARTPrescTable
    lto-llvm-3a301d.o(.text._Z8mainTaskPv) refers to lludivv7m.o(.text) for __aeabi_uldivmod
    lto-llvm-3a301d.o(.text._Z8mainTaskPv) refers to lto-llvm-3a301d.o(.text.UART_WaitOnFlagUntilTimeout) for UART_WaitOnFlagUntilTimeout
    lto-llvm-3a301d.o(.text._Z8mainTaskPv) refers to lto-llvm-3a301d.o(.bss.hpcd_USB_FS) for hpcd_USB_FS
    lto-llvm-3a301d.o(.text._Z8mainTaskPv) refers to lto-llvm-3a301d.o(.bss.htim2) for htim2
    lto-llvm-3a301d.o(.text._Z8mainTaskPv) refers to lto-llvm-3a301d.o(.bss.htim3) for htim3
    lto-llvm-3a301d.o(.text._Z8mainTaskPv) refers to lto-llvm-3a301d.o(.bss.htim17) for htim17
    lto-llvm-3a301d.o(.text._Z8mainTaskPv) refers to lto-llvm-3a301d.o(.bss.hrtc) for hrtc
    lto-llvm-3a301d.o(.text._Z8mainTaskPv) refers to lto-llvm-3a301d.o(.bss._ZN8Onboards6buttonE.4) for Onboards::button (.4)
    lto-llvm-3a301d.o(.text._Z8mainTaskPv) refers to lto-llvm-3a301d.o(.bss._ZN8Onboards6buttonE.5) for Onboards::button (.5)
    lto-llvm-3a301d.o(.text._Z8mainTaskPv) refers to lto-llvm-3a301d.o(.bss._ZN8Onboards7displayE) for Onboards::display
    lto-llvm-3a301d.o(.text._Z8mainTaskPv) refers to lto-llvm-3a301d.o(.text._ZN9MutexLock7tryLockEj) for MutexLock::tryLock(unsigned int)
    lto-llvm-3a301d.o(.text._Z8mainTaskPv) refers to lto-llvm-3a301d.o(.text._ZN3SPI5writeEPKvj) for SPI::write(void const*, unsigned int)
    lto-llvm-3a301d.o(.text._Z8mainTaskPv) refers to lto-llvm-3a301d.o(.bss.uxSchedulerSuspended) for uxSchedulerSuspended
    lto-llvm-3a301d.o(.text._Z8mainTaskPv) refers to lto-llvm-3a301d.o(.bss.pxCurrentTCB) for pxCurrentTCB
    lto-llvm-3a301d.o(.text._Z8mainTaskPv) refers to lto-llvm-3a301d.o(.bss.xTickCount) for xTickCount
    lto-llvm-3a301d.o(.text._Z8mainTaskPv) refers to lto-llvm-3a301d.o(.bss.uxTopReadyPriority) for uxTopReadyPriority
    lto-llvm-3a301d.o(.text._Z8mainTaskPv) refers to lto-llvm-3a301d.o(.bss.pxOverflowDelayedTaskList) for pxOverflowDelayedTaskList
    lto-llvm-3a301d.o(.text._Z8mainTaskPv) refers to lto-llvm-3a301d.o(.bss.pxDelayedTaskList) for pxDelayedTaskList
    lto-llvm-3a301d.o(.text._Z8mainTaskPv) refers to lto-llvm-3a301d.o(.bss.xNextTaskUnblockTime) for xNextTaskUnblockTime
    lto-llvm-3a301d.o(.text._Z8mainTaskPv) refers to lto-llvm-3a301d.o(.text.xTaskResumeAll) for xTaskResumeAll
    lto-llvm-3a301d.o(.text._Z8mainTaskPv) refers to lto-llvm-3a301d.o(.text.xQueueGenericSend) for xQueueGenericSend
    lto-llvm-3a301d.o(.text._Z8mainTaskPv) refers to lto-llvm-3a301d.o(.bss._ZN8Onboards6ws2812E) for Onboards::ws2812
    lto-llvm-3a301d.o(.text._Z8mainTaskPv) refers to lto-llvm-3a301d.o(.bss._ZN8Onboards4beepE) for Onboards::beep
    lto-llvm-3a301d.o(.text._Z8mainTaskPv) refers to lto-llvm-3a301d.o(.text._ZN12TimerChannel8endPluseEv) for TimerChannel::endPluse()
    lto-llvm-3a301d.o(.text._Z8mainTaskPv) refers to lto-llvm-3a301d.o(.text._Z11displayTaskPv) for displayTask(void*)
    lto-llvm-3a301d.o(.text._Z8mainTaskPv) refers to lto-llvm-3a301d.o(.text.xTaskCreate) for xTaskCreate
    lto-llvm-3a301d.o(.text._Z8mainTaskPv) refers to lto-llvm-3a301d.o(.text._ZN6WS28128setPixelEjhhh) for WS2812::setPixel(unsigned int, unsigned char, unsigned char, unsigned char)
    lto-llvm-3a301d.o(.text._Z8mainTaskPv) refers to lto-llvm-3a301d.o(.text.TIM_DMADelayPulseCplt) for TIM_DMADelayPulseCplt
    lto-llvm-3a301d.o(.text._Z8mainTaskPv) refers to lto-llvm-3a301d.o(.text.TIM_DMADelayPulseHalfCplt) for TIM_DMADelayPulseHalfCplt
    lto-llvm-3a301d.o(.text._Z8mainTaskPv) refers to lto-llvm-3a301d.o(.text.TIM_DMAError) for TIM_DMAError
    lto-llvm-3a301d.o(.text._Z8mainTaskPv) refers to lto-llvm-3a301d.o(.text.HAL_DMA_Start_IT) for HAL_DMA_Start_IT
    lto-llvm-3a301d.o(.text._Z8mainTaskPv) refers to lto-llvm-3a301d.o(.text.ulTaskGenericNotifyTake) for ulTaskGenericNotifyTake
    lto-llvm-3a301d.o(.text._Z8mainTaskPv) refers to lto-llvm-3a301d.o(.data.uxCriticalNesting) for uxCriticalNesting
    lto-llvm-3a301d.o(.text._Z8mainTaskPv) refers to lto-llvm-3a301d.o(.bss.pxReadyTasksLists) for pxReadyTasksLists
    lto-llvm-3a301d.o(.text._Z8mainTaskPv) refers to lto-llvm-3a301d.o(.bss.uxTaskNumber) for uxTaskNumber
    lto-llvm-3a301d.o(.text._Z8mainTaskPv) refers to lto-llvm-3a301d.o(.bss.uxCurrentNumberOfTasks) for uxCurrentNumberOfTasks
    lto-llvm-3a301d.o(.text._Z8mainTaskPv) refers to lto-llvm-3a301d.o(.bss.xTasksWaitingTermination) for xTasksWaitingTermination
    lto-llvm-3a301d.o(.text._Z8mainTaskPv) refers to lto-llvm-3a301d.o(.bss.uxDeletedTasksWaitingCleanUp) for uxDeletedTasksWaitingCleanUp
    lto-llvm-3a301d.o(.text._Z8mainTaskPv) refers to h1_free.o(.text) for free
    lto-llvm-3a301d.o(.text._Z8mainTaskPv) refers to lto-llvm-3a301d.o(.bss.xSchedulerRunning) for xSchedulerRunning
    lto-llvm-3a301d.o(.ARM.exidx.text._Z8mainTaskPv) refers to lto-llvm-3a301d.o(.text._Z8mainTaskPv) for [Anonymous Symbol]
    lto-llvm-3a301d.o(.text.main) refers to lto-llvm-3a301d.o(.text._Z8mainTaskPv) for mainTask(void*)
    lto-llvm-3a301d.o(.text.main) refers to lto-llvm-3a301d.o(.text.xTaskCreate) for xTaskCreate
    lto-llvm-3a301d.o(.text.main) refers to lto-llvm-3a301d.o(.text.vTaskStartScheduler) for vTaskStartScheduler
    lto-llvm-3a301d.o(.ARM.exidx.text.main) refers to lto-llvm-3a301d.o(.text.main) for [Anonymous Symbol]
    lto-llvm-3a301d.o(.text._ZN4Beep20configForCurrentNoteEv) refers to lto-llvm-3a301d.o(.data.SystemCoreClock) for SystemCoreClock
    lto-llvm-3a301d.o(.text._ZN4Beep20configForCurrentNoteEv) refers to lto-llvm-3a301d.o(.text._ZN12TimerChannel10startPluseEv) for TimerChannel::startPluse()
    lto-llvm-3a301d.o(.text._ZN4Beep20configForCurrentNoteEv) refers to lto-llvm-3a301d.o(.text._ZN12TimerChannel8endPluseEv) for TimerChannel::endPluse()
    lto-llvm-3a301d.o(.ARM.exidx.text._ZN4Beep20configForCurrentNoteEv) refers to lto-llvm-3a301d.o(.text._ZN4Beep20configForCurrentNoteEv) for [Anonymous Symbol]
    lto-llvm-3a301d.o(.text._ZZN4BeepC1ER12TimerChannelS1_EN3$_08__invokeEPv) refers to lto-llvm-3a301d.o(.text._ZN12TimerChannel8endPluseEv) for TimerChannel::endPluse()
    lto-llvm-3a301d.o(.text._ZZN4BeepC1ER12TimerChannelS1_EN3$_08__invokeEPv) refers to lto-llvm-3a301d.o(.text._ZN4Beep20configForCurrentNoteEv) for Beep::configForCurrentNote()
    lto-llvm-3a301d.o(.ARM.exidx.text._ZZN4BeepC1ER12TimerChannelS1_EN3$_08__invokeEPv) refers to lto-llvm-3a301d.o(.text._ZZN4BeepC1ER12TimerChannelS1_EN3$_08__invokeEPv) for [Anonymous Symbol]
    lto-llvm-3a301d.o(.ARM.exidx.text._ZZN4BeepC1ER12TimerChannelS1_EN3$_18__invokeEPv) refers to lto-llvm-3a301d.o(.text._ZZN4BeepC1ER12TimerChannelS1_EN3$_18__invokeEPv) for [Anonymous Symbol]
    lto-llvm-3a301d.o(.text._GLOBAL__sub_I_Onboards.cpp) refers to lto-llvm-3a301d.o(.bss._ZN8Onboards7displayE) for Onboards::display
    lto-llvm-3a301d.o(.text._GLOBAL__sub_I_Onboards.cpp) refers to lto-llvm-3a301d.o(.bss._ZN3BSP10SPIDisplayE) for BSP::SPIDisplay
    lto-llvm-3a301d.o(.text._GLOBAL__sub_I_Onboards.cpp) refers to lto-llvm-3a301d.o(.bss._ZN8Onboards8graphicsE) for Onboards::graphics
    lto-llvm-3a301d.o(.text._GLOBAL__sub_I_Onboards.cpp) refers to lto-llvm-3a301d.o(.bss._ZN8Onboards6ws2812E) for Onboards::ws2812
    lto-llvm-3a301d.o(.text._GLOBAL__sub_I_Onboards.cpp) refers to lto-llvm-3a301d.o(.text._ZN9MutexLockC2Ev) for MutexLock::MutexLock__sub_object()
    lto-llvm-3a301d.o(.text._GLOBAL__sub_I_Onboards.cpp) refers to lto-llvm-3a301d.o(.bss._ZN3BSP18ws2812TimerChannelE) for BSP::ws2812TimerChannel
    lto-llvm-3a301d.o(.text._GLOBAL__sub_I_Onboards.cpp) refers to lto-llvm-3a301d.o(.bss.ws2812Data) for ws2812Data
    lto-llvm-3a301d.o(.text._GLOBAL__sub_I_Onboards.cpp) refers to lto-llvm-3a301d.o(.bss._ZN8Onboards6buttonE.4) for Onboards::button (.4)
    lto-llvm-3a301d.o(.text._GLOBAL__sub_I_Onboards.cpp) refers to lto-llvm-3a301d.o(.bss._ZN8Onboards6buttonE.5) for Onboards::button (.5)
    lto-llvm-3a301d.o(.text._GLOBAL__sub_I_Onboards.cpp) refers to lto-llvm-3a301d.o(.bss._ZN8Onboards4beepE) for Onboards::beep
    lto-llvm-3a301d.o(.text._GLOBAL__sub_I_Onboards.cpp) refers to lto-llvm-3a301d.o(.bss._ZN3BSP19beepAmpTimerChannelE) for BSP::beepAmpTimerChannel
    lto-llvm-3a301d.o(.text._GLOBAL__sub_I_Onboards.cpp) refers to lto-llvm-3a301d.o(.text._ZZN4BeepC1ER12TimerChannelS1_EN3$_18__invokeEPv) for Beep::Beep(TimerChannel&, TimerChannel&)::$_1::__invoke(void*)
    lto-llvm-3a301d.o(.text._GLOBAL__sub_I_Onboards.cpp) refers to lto-llvm-3a301d.o(.bss._ZN3BSP20beepFreqTimerChannelE) for BSP::beepFreqTimerChannel
    lto-llvm-3a301d.o(.text._GLOBAL__sub_I_Onboards.cpp) refers to lto-llvm-3a301d.o(.text._ZZN4BeepC1ER12TimerChannelS1_EN3$_08__invokeEPv) for Beep::Beep(TimerChannel&, TimerChannel&)::$_0::__invoke(void*)
    lto-llvm-3a301d.o(.text._GLOBAL__sub_I_Onboards.cpp) refers to lto-llvm-3a301d.o(.text._ZN6ST77356updateEN8Graphics6OffsetENS0_4SizeEPK6RGB565) for ST7735::update(Graphics::Offset, Graphics::Size, RGB565 const*)
    lto-llvm-3a301d.o(.text._GLOBAL__sub_I_Onboards.cpp) refers to lto-llvm-3a301d.o(.text._ZN8Graphics13GraphicsClassI6RGB565Lt160ELt80EE9drawPixelENS_6OffsetE5Color) for Graphics::GraphicsClass<RGB565, (unsigned short)160, (unsigned short)80>::drawPixel(Graphics::Offset, Color)
    lto-llvm-3a301d.o(.text._GLOBAL__sub_I_Onboards.cpp) refers to lto-llvm-3a301d.o(.text._ZN8Graphics16GraphicsFunction8drawLineENS_6OffsetES1_5Color) for Graphics::GraphicsFunction::drawLine(Graphics::Offset, Graphics::Offset, Color)
    lto-llvm-3a301d.o(.text._GLOBAL__sub_I_Onboards.cpp) refers to lto-llvm-3a301d.o(.text._ZN8Graphics13GraphicsClassI6RGB565Lt160ELt80EE14drawRectFilledENS_6OffsetENS_4SizeE5Color) for Graphics::GraphicsClass<RGB565, (unsigned short)160, (unsigned short)80>::drawRectFilled(Graphics::Offset, Graphics::Size, Color)
    lto-llvm-3a301d.o(.text._GLOBAL__sub_I_Onboards.cpp) refers to lto-llvm-3a301d.o(.text._ZN8Graphics16GraphicsFunction8drawRectENS_6OffsetENS_4SizeE5Color) for Graphics::GraphicsFunction::drawRect(Graphics::Offset, Graphics::Size, Color)
    lto-llvm-3a301d.o(.text._GLOBAL__sub_I_Onboards.cpp) refers to lto-llvm-3a301d.o(.text._ZN8Graphics16GraphicsFunction15drawRRectFilledENS_6OffsetENS_4SizeE5Colors) for Graphics::GraphicsFunction::drawRRectFilled(Graphics::Offset, Graphics::Size, Color, short)
    lto-llvm-3a301d.o(.text._GLOBAL__sub_I_Onboards.cpp) refers to lto-llvm-3a301d.o(.text._ZN8Graphics16GraphicsFunction9drawRRectENS_6OffsetENS_4SizeE5Colors) for Graphics::GraphicsFunction::drawRRect(Graphics::Offset, Graphics::Size, Color, short)
    lto-llvm-3a301d.o(.text._GLOBAL__sub_I_Onboards.cpp) refers to lto-llvm-3a301d.o(.text._ZN8Graphics16GraphicsFunction16drawCircleFilledENS_6OffsetE5ColortNS0_10CirclePartE) for Graphics::GraphicsFunction::drawCircleFilled(Graphics::Offset, Color, unsigned short, Graphics::GraphicsFunction::CirclePart)
    lto-llvm-3a301d.o(.text._GLOBAL__sub_I_Onboards.cpp) refers to lto-llvm-3a301d.o(.text._ZN8Graphics16GraphicsFunction10drawCircleENS_6OffsetE5ColortNS0_10CirclePartE) for Graphics::GraphicsFunction::drawCircle(Graphics::Offset, Color, unsigned short, Graphics::GraphicsFunction::CirclePart)
    lto-llvm-3a301d.o(.text._GLOBAL__sub_I_Onboards.cpp) refers to lto-llvm-3a301d.o(.text._ZN8Graphics16GraphicsFunction14drawMonoBitmapENS_6OffsetERKNS_6BitmapE5Color) for Graphics::GraphicsFunction::drawMonoBitmap(Graphics::Offset, Graphics::Bitmap const&, Color)
    lto-llvm-3a301d.o(.ARM.exidx.text._GLOBAL__sub_I_Onboards.cpp) refers to lto-llvm-3a301d.o(.text._GLOBAL__sub_I_Onboards.cpp) for [Anonymous Symbol]
    lto-llvm-3a301d.o(.ARM.exidx.text._ZN8Graphics13GraphicsClassI6RGB565Lt160ELt80EE9drawPixelENS_6OffsetE5Color) refers to lto-llvm-3a301d.o(.text._ZN8Graphics13GraphicsClassI6RGB565Lt160ELt80EE9drawPixelENS_6OffsetE5Color) for [Anonymous Symbol]
    lto-llvm-3a301d.o(.ARM.exidx.text._ZN8Graphics13GraphicsClassI6RGB565Lt160ELt80EE14drawRectFilledENS_6OffsetENS_4SizeE5Color) refers to lto-llvm-3a301d.o(.text._ZN8Graphics13GraphicsClassI6RGB565Lt160ELt80EE14drawRectFilledENS_6OffsetENS_4SizeE5Color) for [Anonymous Symbol]
    lto-llvm-3a301d.o(.text._ZN6ST77356updateEN8Graphics6OffsetENS0_4SizeEPK6RGB565) refers to lto-llvm-3a301d.o(.text._ZN9MutexLock7tryLockEj) for MutexLock::tryLock(unsigned int)
    lto-llvm-3a301d.o(.text._ZN6ST77356updateEN8Graphics6OffsetENS0_4SizeEPK6RGB565) refers to lto-llvm-3a301d.o(.text._ZN3SPI5writeEPKvj) for SPI::write(void const*, unsigned int)
    lto-llvm-3a301d.o(.text._ZN6ST77356updateEN8Graphics6OffsetENS0_4SizeEPK6RGB565) refers to lto-llvm-3a301d.o(.text.xQueueGenericSend) for xQueueGenericSend
    lto-llvm-3a301d.o(.ARM.exidx.text._ZN6ST77356updateEN8Graphics6OffsetENS0_4SizeEPK6RGB565) refers to lto-llvm-3a301d.o(.text._ZN6ST77356updateEN8Graphics6OffsetENS0_4SizeEPK6RGB565) for [Anonymous Symbol]
    lto-llvm-3a301d.o(.text._ZN6WS28128setPixelEjhhh) refers to lto-llvm-3a301d.o(.bss._ZN8Onboards6ws2812E) for Onboards::ws2812
    lto-llvm-3a301d.o(.ARM.exidx.text._ZN6WS28128setPixelEjhhh) refers to lto-llvm-3a301d.o(.text._ZN6WS28128setPixelEjhhh) for [Anonymous Symbol]
    lto-llvm-3a301d.o(.text._ZN9MutexLockC2Ev) refers to lto-llvm-3a301d.o(.data.uxCriticalNesting) for uxCriticalNesting
    lto-llvm-3a301d.o(.text._ZN9MutexLockC2Ev) refers to lto-llvm-3a301d.o(.text.xQueueGenericSend) for xQueueGenericSend
    lto-llvm-3a301d.o(.ARM.exidx.text._ZN9MutexLockC2Ev) refers to lto-llvm-3a301d.o(.text._ZN9MutexLockC2Ev) for [Anonymous Symbol]
    lto-llvm-3a301d.o(.text._ZN9MutexLock7tryLockEj) refers to lto-llvm-3a301d.o(.bss.xSchedulerRunning) for xSchedulerRunning
    lto-llvm-3a301d.o(.text._ZN9MutexLock7tryLockEj) refers to lto-llvm-3a301d.o(.bss.uxSchedulerSuspended) for uxSchedulerSuspended
    lto-llvm-3a301d.o(.text._ZN9MutexLock7tryLockEj) refers to lto-llvm-3a301d.o(.data.uxCriticalNesting) for uxCriticalNesting
    lto-llvm-3a301d.o(.text._ZN9MutexLock7tryLockEj) refers to lto-llvm-3a301d.o(.bss.xNumOfOverflows) for xNumOfOverflows
    lto-llvm-3a301d.o(.text._ZN9MutexLock7tryLockEj) refers to lto-llvm-3a301d.o(.bss.xTickCount) for xTickCount
    lto-llvm-3a301d.o(.text._ZN9MutexLock7tryLockEj) refers to lto-llvm-3a301d.o(.text.prvUnlockQueue) for prvUnlockQueue
    lto-llvm-3a301d.o(.text._ZN9MutexLock7tryLockEj) refers to lto-llvm-3a301d.o(.text.xTaskResumeAll) for xTaskResumeAll
    lto-llvm-3a301d.o(.text._ZN9MutexLock7tryLockEj) refers to lto-llvm-3a301d.o(.bss.pxCurrentTCB) for pxCurrentTCB
    lto-llvm-3a301d.o(.text._ZN9MutexLock7tryLockEj) refers to lto-llvm-3a301d.o(.bss.pxReadyTasksLists) for pxReadyTasksLists
    lto-llvm-3a301d.o(.text._ZN9MutexLock7tryLockEj) refers to lto-llvm-3a301d.o(.bss.uxTopReadyPriority) for uxTopReadyPriority
    lto-llvm-3a301d.o(.text._ZN9MutexLock7tryLockEj) refers to lto-llvm-3a301d.o(.text.prvAddCurrentTaskToDelayedList) for prvAddCurrentTaskToDelayedList
    lto-llvm-3a301d.o(.text._ZN9MutexLock7tryLockEj) refers to lto-llvm-3a301d.o(.text.xTaskRemoveFromEventList) for xTaskRemoveFromEventList
    lto-llvm-3a301d.o(.ARM.exidx.text._ZN9MutexLock7tryLockEj) refers to lto-llvm-3a301d.o(.text._ZN9MutexLock7tryLockEj) for [Anonymous Symbol]
    lto-llvm-3a301d.o(.text.prvTaskExitError) refers to lto-llvm-3a301d.o(.data.uxCriticalNesting) for uxCriticalNesting
    lto-llvm-3a301d.o(.ARM.exidx.text.prvTaskExitError) refers to lto-llvm-3a301d.o(.text.prvTaskExitError) for [Anonymous Symbol]
    lto-llvm-3a301d.o(.text.SVC_Handler) refers to lto-llvm-3a301d.o(.bss.pxCurrentTCB) for pxCurrentTCB
    lto-llvm-3a301d.o(.ARM.exidx.text.SVC_Handler) refers to lto-llvm-3a301d.o(.text.SVC_Handler) for [Anonymous Symbol]
    lto-llvm-3a301d.o(.ARM.exidx.text.vPortEnableVFP) refers to lto-llvm-3a301d.o(.text.vPortEnableVFP) for [Anonymous Symbol]
    lto-llvm-3a301d.o(.ARM.exidx.text.prvPortStartFirstTask) refers to lto-llvm-3a301d.o(.text.prvPortStartFirstTask) for [Anonymous Symbol]
    lto-llvm-3a301d.o(.text.PendSV_Handler) refers to lto-llvm-3a301d.o(.text.vTaskSwitchContext) for vTaskSwitchContext
    lto-llvm-3a301d.o(.text.PendSV_Handler) refers to lto-llvm-3a301d.o(.bss.pxCurrentTCB) for pxCurrentTCB
    lto-llvm-3a301d.o(.ARM.exidx.text.PendSV_Handler) refers to lto-llvm-3a301d.o(.text.PendSV_Handler) for [Anonymous Symbol]
    lto-llvm-3a301d.o(.text.SysTick_Handler) refers to lto-llvm-3a301d.o(.text.xTaskIncrementTick) for xTaskIncrementTick
    lto-llvm-3a301d.o(.ARM.exidx.text.SysTick_Handler) refers to lto-llvm-3a301d.o(.text.SysTick_Handler) for [Anonymous Symbol]
    lto-llvm-3a301d.o(.text.xQueueGenericSend) refers to lto-llvm-3a301d.o(.bss.xSchedulerRunning) for xSchedulerRunning
    lto-llvm-3a301d.o(.text.xQueueGenericSend) refers to lto-llvm-3a301d.o(.bss.uxSchedulerSuspended) for uxSchedulerSuspended
    lto-llvm-3a301d.o(.text.xQueueGenericSend) refers to lto-llvm-3a301d.o(.data.uxCriticalNesting) for uxCriticalNesting
    lto-llvm-3a301d.o(.text.xQueueGenericSend) refers to rt_memcpy_v6.o(.text) for __aeabi_memcpy
    lto-llvm-3a301d.o(.text.xQueueGenericSend) refers to lto-llvm-3a301d.o(.text.xTaskPriorityDisinherit) for xTaskPriorityDisinherit
    lto-llvm-3a301d.o(.text.xQueueGenericSend) refers to lto-llvm-3a301d.o(.text.xTaskRemoveFromEventList) for xTaskRemoveFromEventList
    lto-llvm-3a301d.o(.ARM.exidx.text.xQueueGenericSend) refers to lto-llvm-3a301d.o(.text.xQueueGenericSend) for [Anonymous Symbol]
    lto-llvm-3a301d.o(.text.prvUnlockQueue) refers to lto-llvm-3a301d.o(.data.uxCriticalNesting) for uxCriticalNesting
    lto-llvm-3a301d.o(.text.prvUnlockQueue) refers to lto-llvm-3a301d.o(.bss.xYieldPending) for xYieldPending
    lto-llvm-3a301d.o(.text.prvUnlockQueue) refers to lto-llvm-3a301d.o(.text.xTaskRemoveFromEventList) for xTaskRemoveFromEventList
    lto-llvm-3a301d.o(.ARM.exidx.text.prvUnlockQueue) refers to lto-llvm-3a301d.o(.text.prvUnlockQueue) for [Anonymous Symbol]
    lto-llvm-3a301d.o(.text.vTaskSwitchContext) refers to lto-llvm-3a301d.o(.bss.uxSchedulerSuspended) for uxSchedulerSuspended
    lto-llvm-3a301d.o(.text.vTaskSwitchContext) refers to lto-llvm-3a301d.o(.bss.xYieldPending) for xYieldPending
    lto-llvm-3a301d.o(.text.vTaskSwitchContext) refers to lto-llvm-3a301d.o(.bss.pxCurrentTCB) for pxCurrentTCB
    lto-llvm-3a301d.o(.text.vTaskSwitchContext) refers to lto-llvm-3a301d.o(.bss.uxTopReadyPriority) for uxTopReadyPriority
    lto-llvm-3a301d.o(.text.vTaskSwitchContext) refers to lto-llvm-3a301d.o(.bss.pxReadyTasksLists) for pxReadyTasksLists
    lto-llvm-3a301d.o(.ARM.exidx.text.vTaskSwitchContext) refers to lto-llvm-3a301d.o(.text.vTaskSwitchContext) for [Anonymous Symbol]
    lto-llvm-3a301d.o(.text.prvInitialiseNewTask) refers to aeabi_memset4.o(.text) for __aeabi_memset4
    lto-llvm-3a301d.o(.text.prvInitialiseNewTask) refers to lto-llvm-3a301d.o(.text.prvTaskExitError) for prvTaskExitError
    lto-llvm-3a301d.o(.ARM.exidx.text.prvInitialiseNewTask) refers to lto-llvm-3a301d.o(.text.prvInitialiseNewTask) for [Anonymous Symbol]
    lto-llvm-3a301d.o(.text.prvAddNewTaskToReadyList) refers to lto-llvm-3a301d.o(.data.uxCriticalNesting) for uxCriticalNesting
    lto-llvm-3a301d.o(.text.prvAddNewTaskToReadyList) refers to lto-llvm-3a301d.o(.bss.uxCurrentNumberOfTasks) for uxCurrentNumberOfTasks
    lto-llvm-3a301d.o(.text.prvAddNewTaskToReadyList) refers to lto-llvm-3a301d.o(.bss.pxCurrentTCB) for pxCurrentTCB
    lto-llvm-3a301d.o(.text.prvAddNewTaskToReadyList) refers to lto-llvm-3a301d.o(.bss.xSchedulerRunning) for xSchedulerRunning
    lto-llvm-3a301d.o(.text.prvAddNewTaskToReadyList) refers to lto-llvm-3a301d.o(.bss.pxReadyTasksLists) for pxReadyTasksLists
    lto-llvm-3a301d.o(.text.prvAddNewTaskToReadyList) refers to lto-llvm-3a301d.o(.bss.xDelayedTaskList1) for xDelayedTaskList1
    lto-llvm-3a301d.o(.text.prvAddNewTaskToReadyList) refers to lto-llvm-3a301d.o(.bss.xDelayedTaskList2) for xDelayedTaskList2
    lto-llvm-3a301d.o(.text.prvAddNewTaskToReadyList) refers to lto-llvm-3a301d.o(.bss.xPendingReadyList) for xPendingReadyList
    lto-llvm-3a301d.o(.text.prvAddNewTaskToReadyList) refers to lto-llvm-3a301d.o(.bss.xTasksWaitingTermination) for xTasksWaitingTermination
    lto-llvm-3a301d.o(.text.prvAddNewTaskToReadyList) refers to lto-llvm-3a301d.o(.bss.xSuspendedTaskList) for xSuspendedTaskList
    lto-llvm-3a301d.o(.text.prvAddNewTaskToReadyList) refers to lto-llvm-3a301d.o(.bss.pxDelayedTaskList) for pxDelayedTaskList
    lto-llvm-3a301d.o(.text.prvAddNewTaskToReadyList) refers to lto-llvm-3a301d.o(.bss.pxOverflowDelayedTaskList) for pxOverflowDelayedTaskList
    lto-llvm-3a301d.o(.text.prvAddNewTaskToReadyList) refers to lto-llvm-3a301d.o(.bss.uxTaskNumber) for uxTaskNumber
    lto-llvm-3a301d.o(.text.prvAddNewTaskToReadyList) refers to lto-llvm-3a301d.o(.bss.uxTopReadyPriority) for uxTopReadyPriority
    lto-llvm-3a301d.o(.ARM.exidx.text.prvAddNewTaskToReadyList) refers to lto-llvm-3a301d.o(.text.prvAddNewTaskToReadyList) for [Anonymous Symbol]
    lto-llvm-3a301d.o(.text.xTaskCreate) refers to lto-llvm-3a301d.o(.bss.uxSchedulerSuspended) for uxSchedulerSuspended
    lto-llvm-3a301d.o(.text.xTaskCreate) refers to h1_alloc.o(.text) for malloc
    lto-llvm-3a301d.o(.text.xTaskCreate) refers to lto-llvm-3a301d.o(.text.xTaskResumeAll) for xTaskResumeAll
    lto-llvm-3a301d.o(.text.xTaskCreate) refers to calloc.o(.text) for calloc
    lto-llvm-3a301d.o(.text.xTaskCreate) refers to lto-llvm-3a301d.o(.text.prvInitialiseNewTask) for prvInitialiseNewTask
    lto-llvm-3a301d.o(.text.xTaskCreate) refers to lto-llvm-3a301d.o(.text.prvAddNewTaskToReadyList) for prvAddNewTaskToReadyList
    lto-llvm-3a301d.o(.ARM.exidx.text.xTaskCreate) refers to lto-llvm-3a301d.o(.text.xTaskCreate) for [Anonymous Symbol]
    lto-llvm-3a301d.o(.text.xTaskResumeAll) refers to lto-llvm-3a301d.o(.bss.uxSchedulerSuspended) for uxSchedulerSuspended
    lto-llvm-3a301d.o(.text.xTaskResumeAll) refers to lto-llvm-3a301d.o(.data.uxCriticalNesting) for uxCriticalNesting
    lto-llvm-3a301d.o(.text.xTaskResumeAll) refers to lto-llvm-3a301d.o(.bss.uxCurrentNumberOfTasks) for uxCurrentNumberOfTasks
    lto-llvm-3a301d.o(.text.xTaskResumeAll) refers to lto-llvm-3a301d.o(.bss.xPendingReadyList) for xPendingReadyList
    lto-llvm-3a301d.o(.text.xTaskResumeAll) refers to lto-llvm-3a301d.o(.bss.xYieldPending) for xYieldPending
    lto-llvm-3a301d.o(.text.xTaskResumeAll) refers to lto-llvm-3a301d.o(.bss.uxTopReadyPriority) for uxTopReadyPriority
    lto-llvm-3a301d.o(.text.xTaskResumeAll) refers to lto-llvm-3a301d.o(.bss.pxReadyTasksLists) for pxReadyTasksLists
    lto-llvm-3a301d.o(.text.xTaskResumeAll) refers to lto-llvm-3a301d.o(.bss.pxCurrentTCB) for pxCurrentTCB
    lto-llvm-3a301d.o(.text.xTaskResumeAll) refers to lto-llvm-3a301d.o(.bss.pxDelayedTaskList) for pxDelayedTaskList
    lto-llvm-3a301d.o(.text.xTaskResumeAll) refers to lto-llvm-3a301d.o(.bss.xNextTaskUnblockTime) for xNextTaskUnblockTime
    lto-llvm-3a301d.o(.text.xTaskResumeAll) refers to lto-llvm-3a301d.o(.bss.xPendedTicks) for xPendedTicks
    lto-llvm-3a301d.o(.text.xTaskResumeAll) refers to lto-llvm-3a301d.o(.text.xTaskIncrementTick) for xTaskIncrementTick
    lto-llvm-3a301d.o(.ARM.exidx.text.xTaskResumeAll) refers to lto-llvm-3a301d.o(.text.xTaskResumeAll) for [Anonymous Symbol]
    lto-llvm-3a301d.o(.text.xTaskIncrementTick) refers to lto-llvm-3a301d.o(.bss.uxSchedulerSuspended) for uxSchedulerSuspended
    lto-llvm-3a301d.o(.text.xTaskIncrementTick) refers to lto-llvm-3a301d.o(.bss.xPendedTicks) for xPendedTicks
    lto-llvm-3a301d.o(.text.xTaskIncrementTick) refers to lto-llvm-3a301d.o(.bss.xTickCount) for xTickCount
    lto-llvm-3a301d.o(.text.xTaskIncrementTick) refers to lto-llvm-3a301d.o(.bss.pxDelayedTaskList) for pxDelayedTaskList
    lto-llvm-3a301d.o(.text.xTaskIncrementTick) refers to lto-llvm-3a301d.o(.bss.pxOverflowDelayedTaskList) for pxOverflowDelayedTaskList
    lto-llvm-3a301d.o(.text.xTaskIncrementTick) refers to lto-llvm-3a301d.o(.bss.xNumOfOverflows) for xNumOfOverflows
    lto-llvm-3a301d.o(.text.xTaskIncrementTick) refers to lto-llvm-3a301d.o(.bss.xNextTaskUnblockTime) for xNextTaskUnblockTime
    lto-llvm-3a301d.o(.text.xTaskIncrementTick) refers to lto-llvm-3a301d.o(.bss.pxReadyTasksLists) for pxReadyTasksLists
    lto-llvm-3a301d.o(.text.xTaskIncrementTick) refers to lto-llvm-3a301d.o(.bss.uxTopReadyPriority) for uxTopReadyPriority
    lto-llvm-3a301d.o(.text.xTaskIncrementTick) refers to lto-llvm-3a301d.o(.bss.pxCurrentTCB) for pxCurrentTCB
    lto-llvm-3a301d.o(.text.xTaskIncrementTick) refers to lto-llvm-3a301d.o(.bss.xYieldPending) for xYieldPending
    lto-llvm-3a301d.o(.ARM.exidx.text.xTaskIncrementTick) refers to lto-llvm-3a301d.o(.text.xTaskIncrementTick) for [Anonymous Symbol]
    lto-llvm-3a301d.o(.text.vTaskStartScheduler) refers to lto-llvm-3a301d.o(.bss.vApplicationGetIdleTaskMemory.taskBuffer) for vApplicationGetIdleTaskMemory.taskBuffer
    lto-llvm-3a301d.o(.text.vTaskStartScheduler) refers to rt_memclr_w.o(.text) for __aeabi_memclr4
    lto-llvm-3a301d.o(.text.vTaskStartScheduler) refers to lto-llvm-3a301d.o(.bss.vApplicationGetIdleTaskMemory.stackBuffer) for vApplicationGetIdleTaskMemory.stackBuffer
    lto-llvm-3a301d.o(.text.vTaskStartScheduler) refers to lto-llvm-3a301d.o(.text.prvIdleTask) for prvIdleTask
    lto-llvm-3a301d.o(.text.vTaskStartScheduler) refers to lto-llvm-3a301d.o(.text.prvInitialiseNewTask) for prvInitialiseNewTask
    lto-llvm-3a301d.o(.text.vTaskStartScheduler) refers to lto-llvm-3a301d.o(.text.prvAddNewTaskToReadyList) for prvAddNewTaskToReadyList
    lto-llvm-3a301d.o(.text.vTaskStartScheduler) refers to lto-llvm-3a301d.o(.bss.xNextTaskUnblockTime) for xNextTaskUnblockTime
    lto-llvm-3a301d.o(.text.vTaskStartScheduler) refers to lto-llvm-3a301d.o(.bss.xSchedulerRunning) for xSchedulerRunning
    lto-llvm-3a301d.o(.text.vTaskStartScheduler) refers to lto-llvm-3a301d.o(.bss.xTickCount) for xTickCount
    lto-llvm-3a301d.o(.text.vTaskStartScheduler) refers to lto-llvm-3a301d.o(.bss.ucMaxSysCallPriority) for ucMaxSysCallPriority
    lto-llvm-3a301d.o(.text.vTaskStartScheduler) refers to lto-llvm-3a301d.o(.bss.ulMaxPRIGROUPValue) for ulMaxPRIGROUPValue
    lto-llvm-3a301d.o(.text.vTaskStartScheduler) refers to lto-llvm-3a301d.o(.data.SystemCoreClock) for SystemCoreClock
    lto-llvm-3a301d.o(.text.vTaskStartScheduler) refers to lto-llvm-3a301d.o(.data.uxCriticalNesting) for uxCriticalNesting
    lto-llvm-3a301d.o(.text.vTaskStartScheduler) refers to lto-llvm-3a301d.o(.text.vPortEnableVFP) for vPortEnableVFP
    lto-llvm-3a301d.o(.text.vTaskStartScheduler) refers to lto-llvm-3a301d.o(.text.prvPortStartFirstTask) for prvPortStartFirstTask
    lto-llvm-3a301d.o(.text.vTaskStartScheduler) refers to lto-llvm-3a301d.o(.bss.uxSchedulerSuspended) for uxSchedulerSuspended
    lto-llvm-3a301d.o(.text.vTaskStartScheduler) refers to lto-llvm-3a301d.o(.bss.xYieldPending) for xYieldPending
    lto-llvm-3a301d.o(.text.vTaskStartScheduler) refers to lto-llvm-3a301d.o(.bss.pxCurrentTCB) for pxCurrentTCB
    lto-llvm-3a301d.o(.text.vTaskStartScheduler) refers to lto-llvm-3a301d.o(.bss.uxTopReadyPriority) for uxTopReadyPriority
    lto-llvm-3a301d.o(.text.vTaskStartScheduler) refers to lto-llvm-3a301d.o(.bss.pxReadyTasksLists) for pxReadyTasksLists
    lto-llvm-3a301d.o(.text.vTaskStartScheduler) refers to lto-llvm-3a301d.o(.rodata.uxTopUsedPriority) for uxTopUsedPriority
    lto-llvm-3a301d.o(.ARM.exidx.text.vTaskStartScheduler) refers to lto-llvm-3a301d.o(.text.vTaskStartScheduler) for [Anonymous Symbol]
    lto-llvm-3a301d.o(.text.prvIdleTask) refers to lto-llvm-3a301d.o(.bss.uxDeletedTasksWaitingCleanUp) for uxDeletedTasksWaitingCleanUp
    lto-llvm-3a301d.o(.text.prvIdleTask) refers to lto-llvm-3a301d.o(.data.uxCriticalNesting) for uxCriticalNesting
    lto-llvm-3a301d.o(.text.prvIdleTask) refers to lto-llvm-3a301d.o(.bss.uxCurrentNumberOfTasks) for uxCurrentNumberOfTasks
    lto-llvm-3a301d.o(.text.prvIdleTask) refers to lto-llvm-3a301d.o(.bss.uxSchedulerSuspended) for uxSchedulerSuspended
    lto-llvm-3a301d.o(.text.prvIdleTask) refers to h1_free.o(.text) for free
    lto-llvm-3a301d.o(.text.prvIdleTask) refers to lto-llvm-3a301d.o(.text.xTaskResumeAll) for xTaskResumeAll
    lto-llvm-3a301d.o(.text.prvIdleTask) refers to lto-llvm-3a301d.o(.bss.xTasksWaitingTermination) for xTasksWaitingTermination
    lto-llvm-3a301d.o(.text.prvIdleTask) refers to lto-llvm-3a301d.o(.bss.pxReadyTasksLists) for pxReadyTasksLists
    lto-llvm-3a301d.o(.ARM.exidx.text.prvIdleTask) refers to lto-llvm-3a301d.o(.text.prvIdleTask) for [Anonymous Symbol]
    lto-llvm-3a301d.o(.text.prvAddCurrentTaskToDelayedList) refers to lto-llvm-3a301d.o(.bss.xTickCount) for xTickCount
    lto-llvm-3a301d.o(.text.prvAddCurrentTaskToDelayedList) refers to lto-llvm-3a301d.o(.bss.pxCurrentTCB) for pxCurrentTCB
    lto-llvm-3a301d.o(.text.prvAddCurrentTaskToDelayedList) refers to lto-llvm-3a301d.o(.bss.pxOverflowDelayedTaskList) for pxOverflowDelayedTaskList
    lto-llvm-3a301d.o(.text.prvAddCurrentTaskToDelayedList) refers to lto-llvm-3a301d.o(.bss.uxTopReadyPriority) for uxTopReadyPriority
    lto-llvm-3a301d.o(.text.prvAddCurrentTaskToDelayedList) refers to lto-llvm-3a301d.o(.bss.xSuspendedTaskList) for xSuspendedTaskList
    lto-llvm-3a301d.o(.text.prvAddCurrentTaskToDelayedList) refers to lto-llvm-3a301d.o(.bss.pxDelayedTaskList) for pxDelayedTaskList
    lto-llvm-3a301d.o(.text.prvAddCurrentTaskToDelayedList) refers to lto-llvm-3a301d.o(.bss.xNextTaskUnblockTime) for xNextTaskUnblockTime
    lto-llvm-3a301d.o(.ARM.exidx.text.prvAddCurrentTaskToDelayedList) refers to lto-llvm-3a301d.o(.text.prvAddCurrentTaskToDelayedList) for [Anonymous Symbol]
    lto-llvm-3a301d.o(.text.xTaskRemoveFromEventList) refers to lto-llvm-3a301d.o(.bss.uxSchedulerSuspended) for uxSchedulerSuspended
    lto-llvm-3a301d.o(.text.xTaskRemoveFromEventList) refers to lto-llvm-3a301d.o(.bss.xPendingReadyList) for xPendingReadyList
    lto-llvm-3a301d.o(.text.xTaskRemoveFromEventList) refers to lto-llvm-3a301d.o(.bss.uxTopReadyPriority) for uxTopReadyPriority
    lto-llvm-3a301d.o(.text.xTaskRemoveFromEventList) refers to lto-llvm-3a301d.o(.bss.pxReadyTasksLists) for pxReadyTasksLists
    lto-llvm-3a301d.o(.text.xTaskRemoveFromEventList) refers to lto-llvm-3a301d.o(.bss.pxCurrentTCB) for pxCurrentTCB
    lto-llvm-3a301d.o(.text.xTaskRemoveFromEventList) refers to lto-llvm-3a301d.o(.bss.xYieldPending) for xYieldPending
    lto-llvm-3a301d.o(.ARM.exidx.text.xTaskRemoveFromEventList) refers to lto-llvm-3a301d.o(.text.xTaskRemoveFromEventList) for [Anonymous Symbol]
    lto-llvm-3a301d.o(.text.xTaskPriorityDisinherit) refers to lto-llvm-3a301d.o(.bss.pxCurrentTCB) for pxCurrentTCB
    lto-llvm-3a301d.o(.text.xTaskPriorityDisinherit) refers to lto-llvm-3a301d.o(.bss.uxTopReadyPriority) for uxTopReadyPriority
    lto-llvm-3a301d.o(.text.xTaskPriorityDisinherit) refers to lto-llvm-3a301d.o(.bss.pxReadyTasksLists) for pxReadyTasksLists
    lto-llvm-3a301d.o(.ARM.exidx.text.xTaskPriorityDisinherit) refers to lto-llvm-3a301d.o(.text.xTaskPriorityDisinherit) for [Anonymous Symbol]
    lto-llvm-3a301d.o(.text.ulTaskGenericNotifyTake) refers to lto-llvm-3a301d.o(.data.uxCriticalNesting) for uxCriticalNesting
    lto-llvm-3a301d.o(.text.ulTaskGenericNotifyTake) refers to lto-llvm-3a301d.o(.bss.pxCurrentTCB) for pxCurrentTCB
    lto-llvm-3a301d.o(.text.ulTaskGenericNotifyTake) refers to lto-llvm-3a301d.o(.bss.xTickCount) for xTickCount
    lto-llvm-3a301d.o(.text.ulTaskGenericNotifyTake) refers to lto-llvm-3a301d.o(.bss.uxTopReadyPriority) for uxTopReadyPriority
    lto-llvm-3a301d.o(.text.ulTaskGenericNotifyTake) refers to lto-llvm-3a301d.o(.bss.xSuspendedTaskList) for xSuspendedTaskList
    lto-llvm-3a301d.o(.ARM.exidx.text.ulTaskGenericNotifyTake) refers to lto-llvm-3a301d.o(.text.ulTaskGenericNotifyTake) for [Anonymous Symbol]
    lto-llvm-3a301d.o(.text.xTaskGenericNotifyFromISR) refers to lto-llvm-3a301d.o(.bss.ucMaxSysCallPriority) for ucMaxSysCallPriority
    lto-llvm-3a301d.o(.text.xTaskGenericNotifyFromISR) refers to lto-llvm-3a301d.o(.bss.ulMaxPRIGROUPValue) for ulMaxPRIGROUPValue
    lto-llvm-3a301d.o(.text.xTaskGenericNotifyFromISR) refers to lto-llvm-3a301d.o(.bss.uxSchedulerSuspended) for uxSchedulerSuspended
    lto-llvm-3a301d.o(.text.xTaskGenericNotifyFromISR) refers to lto-llvm-3a301d.o(.bss.xPendingReadyList) for xPendingReadyList
    lto-llvm-3a301d.o(.text.xTaskGenericNotifyFromISR) refers to lto-llvm-3a301d.o(.bss.uxTopReadyPriority) for uxTopReadyPriority
    lto-llvm-3a301d.o(.text.xTaskGenericNotifyFromISR) refers to lto-llvm-3a301d.o(.bss.pxReadyTasksLists) for pxReadyTasksLists
    lto-llvm-3a301d.o(.text.xTaskGenericNotifyFromISR) refers to lto-llvm-3a301d.o(.bss.pxCurrentTCB) for pxCurrentTCB
    lto-llvm-3a301d.o(.text.xTaskGenericNotifyFromISR) refers to lto-llvm-3a301d.o(.bss.xYieldPending) for xYieldPending
    lto-llvm-3a301d.o(.ARM.exidx.text.xTaskGenericNotifyFromISR) refers to lto-llvm-3a301d.o(.text.xTaskGenericNotifyFromISR) for [Anonymous Symbol]
    lto-llvm-3a301d.o(.ARM.exidx.text._ZN8Graphics16GraphicsFunction8drawLineENS_6OffsetES1_5Color) refers to lto-llvm-3a301d.o(.text._ZN8Graphics16GraphicsFunction8drawLineENS_6OffsetES1_5Color) for [Anonymous Symbol]
    lto-llvm-3a301d.o(.ARM.exidx.text._ZN8Graphics16GraphicsFunction8drawRectENS_6OffsetENS_4SizeE5Color) refers to lto-llvm-3a301d.o(.text._ZN8Graphics16GraphicsFunction8drawRectENS_6OffsetENS_4SizeE5Color) for [Anonymous Symbol]
    lto-llvm-3a301d.o(.ARM.exidx.text._ZN8Graphics16GraphicsFunction15drawRRectFilledENS_6OffsetENS_4SizeE5Colors) refers to lto-llvm-3a301d.o(.text._ZN8Graphics16GraphicsFunction15drawRRectFilledENS_6OffsetENS_4SizeE5Colors) for [Anonymous Symbol]
    lto-llvm-3a301d.o(.ARM.exidx.text._ZN8Graphics16GraphicsFunction9drawRRectENS_6OffsetENS_4SizeE5Colors) refers to lto-llvm-3a301d.o(.text._ZN8Graphics16GraphicsFunction9drawRRectENS_6OffsetENS_4SizeE5Colors) for [Anonymous Symbol]
    lto-llvm-3a301d.o(.text._ZN8Graphics16GraphicsFunction16drawCircleFilledENS_6OffsetE5ColortNS0_10CirclePartE) refers to lto-llvm-3a301d.o(.text._ZN8Graphics16GraphicsFunction22drawCircleFilledHelperENS_6OffsetES1_5ColorsNS0_10CirclePartE) for Graphics::GraphicsFunction::drawCircleFilledHelper(Graphics::Offset, Graphics::Offset, Color, short, Graphics::GraphicsFunction::CirclePart)
    lto-llvm-3a301d.o(.ARM.exidx.text._ZN8Graphics16GraphicsFunction16drawCircleFilledENS_6OffsetE5ColortNS0_10CirclePartE) refers to lto-llvm-3a301d.o(.text._ZN8Graphics16GraphicsFunction16drawCircleFilledENS_6OffsetE5ColortNS0_10CirclePartE) for [Anonymous Symbol]
    lto-llvm-3a301d.o(.text._ZN8Graphics16GraphicsFunction10drawCircleENS_6OffsetE5ColortNS0_10CirclePartE) refers to lto-llvm-3a301d.o(.text._ZN8Graphics16GraphicsFunction16drawCircleHelperENS_6OffsetES1_5ColorsNS0_10CirclePartE) for Graphics::GraphicsFunction::drawCircleHelper(Graphics::Offset, Graphics::Offset, Color, short, Graphics::GraphicsFunction::CirclePart)
    lto-llvm-3a301d.o(.ARM.exidx.text._ZN8Graphics16GraphicsFunction10drawCircleENS_6OffsetE5ColortNS0_10CirclePartE) refers to lto-llvm-3a301d.o(.text._ZN8Graphics16GraphicsFunction10drawCircleENS_6OffsetE5ColortNS0_10CirclePartE) for [Anonymous Symbol]
    lto-llvm-3a301d.o(.ARM.exidx.text._ZN8Graphics16GraphicsFunction14drawMonoBitmapENS_6OffsetERKNS_6BitmapE5Color) refers to lto-llvm-3a301d.o(.text._ZN8Graphics16GraphicsFunction14drawMonoBitmapENS_6OffsetERKNS_6BitmapE5Color) for [Anonymous Symbol]
    lto-llvm-3a301d.o(.ARM.exidx.text._ZN8Graphics16GraphicsFunction16drawCircleHelperENS_6OffsetES1_5ColorsNS0_10CirclePartE) refers to lto-llvm-3a301d.o(.text._ZN8Graphics16GraphicsFunction16drawCircleHelperENS_6OffsetES1_5ColorsNS0_10CirclePartE) for [Anonymous Symbol]
    lto-llvm-3a301d.o(.ARM.exidx.text._ZN8Graphics16GraphicsFunction22drawCircleFilledHelperENS_6OffsetES1_5ColorsNS0_10CirclePartE) refers to lto-llvm-3a301d.o(.text._ZN8Graphics16GraphicsFunction22drawCircleFilledHelperENS_6OffsetES1_5ColorsNS0_10CirclePartE) for [Anonymous Symbol]
    lto-llvm-3a301d.o(.ARM.exidx.text._ZNK8Graphics4Text4drawENS_6OffsetERNS_16GraphicsFunctionE) refers to lto-llvm-3a301d.o(.text._ZNK8Graphics4Text4drawENS_6OffsetERNS_16GraphicsFunctionE) for [Anonymous Symbol]
    lto-llvm-3a301d.o(.ARM.exidx.text._ZNK13LocalResource7requestEv) refers to lto-llvm-3a301d.o(.text._ZNK13LocalResource7requestEv) for [Anonymous Symbol]
    lto-llvm-3a301d.o(.ARM.exidx.text._ZNK13LocalResource7releaseEv) refers to lto-llvm-3a301d.o(.text._ZNK13LocalResource7releaseEv) for [Anonymous Symbol]
    lto-llvm-3a301d.o(.text._GLOBAL__sub_I_MisterPixel.cpp) refers to lto-llvm-3a301d.o(.bss._ZL32font_misterpixel_ch0x21_resource) for font_misterpixel_ch0x21_resource
    lto-llvm-3a301d.o(.text._GLOBAL__sub_I_MisterPixel.cpp) refers to lto-llvm-3a301d.o(.rodata._ZL31font_misterpixel_ch0x21_content) for font_misterpixel_ch0x21_content
    lto-llvm-3a301d.o(.text._GLOBAL__sub_I_MisterPixel.cpp) refers to lto-llvm-3a301d.o(.bss._ZL32font_misterpixel_ch0x22_resource) for font_misterpixel_ch0x22_resource
    lto-llvm-3a301d.o(.text._GLOBAL__sub_I_MisterPixel.cpp) refers to lto-llvm-3a301d.o(.rodata._ZL31font_misterpixel_ch0x22_content) for font_misterpixel_ch0x22_content
    lto-llvm-3a301d.o(.text._GLOBAL__sub_I_MisterPixel.cpp) refers to lto-llvm-3a301d.o(.bss._ZL32font_misterpixel_ch0x23_resource) for font_misterpixel_ch0x23_resource
    lto-llvm-3a301d.o(.text._GLOBAL__sub_I_MisterPixel.cpp) refers to lto-llvm-3a301d.o(.rodata._ZL31font_misterpixel_ch0x23_content) for font_misterpixel_ch0x23_content
    lto-llvm-3a301d.o(.text._GLOBAL__sub_I_MisterPixel.cpp) refers to lto-llvm-3a301d.o(.bss._ZL32font_misterpixel_ch0x24_resource) for font_misterpixel_ch0x24_resource
    lto-llvm-3a301d.o(.text._GLOBAL__sub_I_MisterPixel.cpp) refers to lto-llvm-3a301d.o(.rodata._ZL31font_misterpixel_ch0x24_content) for font_misterpixel_ch0x24_content
    lto-llvm-3a301d.o(.text._GLOBAL__sub_I_MisterPixel.cpp) refers to lto-llvm-3a301d.o(.bss._ZL32font_misterpixel_ch0x25_resource) for font_misterpixel_ch0x25_resource
    lto-llvm-3a301d.o(.text._GLOBAL__sub_I_MisterPixel.cpp) refers to lto-llvm-3a301d.o(.rodata._ZL31font_misterpixel_ch0x25_content) for font_misterpixel_ch0x25_content
    lto-llvm-3a301d.o(.text._GLOBAL__sub_I_MisterPixel.cpp) refers to lto-llvm-3a301d.o(.bss._ZL32font_misterpixel_ch0x26_resource) for font_misterpixel_ch0x26_resource
    lto-llvm-3a301d.o(.text._GLOBAL__sub_I_MisterPixel.cpp) refers to lto-llvm-3a301d.o(.rodata._ZL31font_misterpixel_ch0x26_content) for font_misterpixel_ch0x26_content
    lto-llvm-3a301d.o(.text._GLOBAL__sub_I_MisterPixel.cpp) refers to lto-llvm-3a301d.o(.bss._ZL32font_misterpixel_ch0x27_resource) for font_misterpixel_ch0x27_resource
    lto-llvm-3a301d.o(.text._GLOBAL__sub_I_MisterPixel.cpp) refers to lto-llvm-3a301d.o(.rodata._ZL31font_misterpixel_ch0x27_content) for font_misterpixel_ch0x27_content
    lto-llvm-3a301d.o(.text._GLOBAL__sub_I_MisterPixel.cpp) refers to lto-llvm-3a301d.o(.bss._ZL32font_misterpixel_ch0x28_resource) for font_misterpixel_ch0x28_resource
    lto-llvm-3a301d.o(.text._GLOBAL__sub_I_MisterPixel.cpp) refers to lto-llvm-3a301d.o(.rodata._ZL31font_misterpixel_ch0x28_content) for font_misterpixel_ch0x28_content
    lto-llvm-3a301d.o(.text._GLOBAL__sub_I_MisterPixel.cpp) refers to lto-llvm-3a301d.o(.bss._ZL32font_misterpixel_ch0x29_resource) for font_misterpixel_ch0x29_resource
    lto-llvm-3a301d.o(.text._GLOBAL__sub_I_MisterPixel.cpp) refers to lto-llvm-3a301d.o(.rodata._ZL31font_misterpixel_ch0x29_content) for font_misterpixel_ch0x29_content
    lto-llvm-3a301d.o(.text._GLOBAL__sub_I_MisterPixel.cpp) refers to lto-llvm-3a301d.o(.bss._ZL32font_misterpixel_ch0x2a_resource) for font_misterpixel_ch0x2a_resource
    lto-llvm-3a301d.o(.text._GLOBAL__sub_I_MisterPixel.cpp) refers to lto-llvm-3a301d.o(.rodata._ZL31font_misterpixel_ch0x2a_content) for font_misterpixel_ch0x2a_content
    lto-llvm-3a301d.o(.text._GLOBAL__sub_I_MisterPixel.cpp) refers to lto-llvm-3a301d.o(.bss._ZL32font_misterpixel_ch0x2b_resource) for font_misterpixel_ch0x2b_resource
    lto-llvm-3a301d.o(.text._GLOBAL__sub_I_MisterPixel.cpp) refers to lto-llvm-3a301d.o(.rodata._ZL31font_misterpixel_ch0x2b_content) for font_misterpixel_ch0x2b_content
    lto-llvm-3a301d.o(.text._GLOBAL__sub_I_MisterPixel.cpp) refers to lto-llvm-3a301d.o(.bss._ZL32font_misterpixel_ch0x2c_resource) for font_misterpixel_ch0x2c_resource
    lto-llvm-3a301d.o(.text._GLOBAL__sub_I_MisterPixel.cpp) refers to lto-llvm-3a301d.o(.rodata._ZL31font_misterpixel_ch0x2c_content) for font_misterpixel_ch0x2c_content
    lto-llvm-3a301d.o(.text._GLOBAL__sub_I_MisterPixel.cpp) refers to lto-llvm-3a301d.o(.bss._ZL32font_misterpixel_ch0x2d_resource) for font_misterpixel_ch0x2d_resource
    lto-llvm-3a301d.o(.text._GLOBAL__sub_I_MisterPixel.cpp) refers to lto-llvm-3a301d.o(.rodata._ZL31font_misterpixel_ch0x2d_content) for font_misterpixel_ch0x2d_content
    lto-llvm-3a301d.o(.text._GLOBAL__sub_I_MisterPixel.cpp) refers to lto-llvm-3a301d.o(.bss._ZL32font_misterpixel_ch0x2e_resource) for font_misterpixel_ch0x2e_resource
    lto-llvm-3a301d.o(.text._GLOBAL__sub_I_MisterPixel.cpp) refers to lto-llvm-3a301d.o(.rodata._ZL31font_misterpixel_ch0x2e_content) for font_misterpixel_ch0x2e_content
    lto-llvm-3a301d.o(.text._GLOBAL__sub_I_MisterPixel.cpp) refers to lto-llvm-3a301d.o(.bss._ZL32font_misterpixel_ch0x2f_resource) for font_misterpixel_ch0x2f_resource
    lto-llvm-3a301d.o(.text._GLOBAL__sub_I_MisterPixel.cpp) refers to lto-llvm-3a301d.o(.rodata._ZL31font_misterpixel_ch0x2f_content) for font_misterpixel_ch0x2f_content
    lto-llvm-3a301d.o(.text._GLOBAL__sub_I_MisterPixel.cpp) refers to lto-llvm-3a301d.o(.bss._ZL32font_misterpixel_ch0x30_resource) for font_misterpixel_ch0x30_resource
    lto-llvm-3a301d.o(.text._GLOBAL__sub_I_MisterPixel.cpp) refers to lto-llvm-3a301d.o(.rodata._ZL31font_misterpixel_ch0x30_content) for font_misterpixel_ch0x30_content
    lto-llvm-3a301d.o(.text._GLOBAL__sub_I_MisterPixel.cpp) refers to lto-llvm-3a301d.o(.bss._ZL32font_misterpixel_ch0x31_resource) for font_misterpixel_ch0x31_resource
    lto-llvm-3a301d.o(.text._GLOBAL__sub_I_MisterPixel.cpp) refers to lto-llvm-3a301d.o(.rodata._ZL31font_misterpixel_ch0x31_content) for font_misterpixel_ch0x31_content
    lto-llvm-3a301d.o(.text._GLOBAL__sub_I_MisterPixel.cpp) refers to lto-llvm-3a301d.o(.bss._ZL32font_misterpixel_ch0x32_resource) for font_misterpixel_ch0x32_resource
    lto-llvm-3a301d.o(.text._GLOBAL__sub_I_MisterPixel.cpp) refers to lto-llvm-3a301d.o(.rodata._ZL31font_misterpixel_ch0x32_content) for font_misterpixel_ch0x32_content
    lto-llvm-3a301d.o(.text._GLOBAL__sub_I_MisterPixel.cpp) refers to lto-llvm-3a301d.o(.bss._ZL32font_misterpixel_ch0x33_resource) for font_misterpixel_ch0x33_resource
    lto-llvm-3a301d.o(.text._GLOBAL__sub_I_MisterPixel.cpp) refers to lto-llvm-3a301d.o(.rodata._ZL31font_misterpixel_ch0x33_content) for font_misterpixel_ch0x33_content
    lto-llvm-3a301d.o(.text._GLOBAL__sub_I_MisterPixel.cpp) refers to lto-llvm-3a301d.o(.bss._ZL32font_misterpixel_ch0x34_resource) for font_misterpixel_ch0x34_resource
    lto-llvm-3a301d.o(.text._GLOBAL__sub_I_MisterPixel.cpp) refers to lto-llvm-3a301d.o(.rodata._ZL31font_misterpixel_ch0x34_content) for font_misterpixel_ch0x34_content
    lto-llvm-3a301d.o(.text._GLOBAL__sub_I_MisterPixel.cpp) refers to lto-llvm-3a301d.o(.bss._ZL32font_misterpixel_ch0x35_resource) for font_misterpixel_ch0x35_resource
    lto-llvm-3a301d.o(.text._GLOBAL__sub_I_MisterPixel.cpp) refers to lto-llvm-3a301d.o(.rodata._ZL31font_misterpixel_ch0x35_content) for font_misterpixel_ch0x35_content
    lto-llvm-3a301d.o(.text._GLOBAL__sub_I_MisterPixel.cpp) refers to lto-llvm-3a301d.o(.bss._ZL32font_misterpixel_ch0x36_resource) for font_misterpixel_ch0x36_resource
    lto-llvm-3a301d.o(.text._GLOBAL__sub_I_MisterPixel.cpp) refers to lto-llvm-3a301d.o(.rodata._ZL31font_misterpixel_ch0x36_content) for font_misterpixel_ch0x36_content
    lto-llvm-3a301d.o(.text._GLOBAL__sub_I_MisterPixel.cpp) refers to lto-llvm-3a301d.o(.bss._ZL32font_misterpixel_ch0x37_resource) for font_misterpixel_ch0x37_resource
    lto-llvm-3a301d.o(.text._GLOBAL__sub_I_MisterPixel.cpp) refers to lto-llvm-3a301d.o(.rodata._ZL31font_misterpixel_ch0x37_content) for font_misterpixel_ch0x37_content
    lto-llvm-3a301d.o(.text._GLOBAL__sub_I_MisterPixel.cpp) refers to lto-llvm-3a301d.o(.bss._ZL32font_misterpixel_ch0x38_resource) for font_misterpixel_ch0x38_resource
    lto-llvm-3a301d.o(.text._GLOBAL__sub_I_MisterPixel.cpp) refers to lto-llvm-3a301d.o(.rodata._ZL31font_misterpixel_ch0x38_content) for font_misterpixel_ch0x38_content
    lto-llvm-3a301d.o(.text._GLOBAL__sub_I_MisterPixel.cpp) refers to lto-llvm-3a301d.o(.bss._ZL32font_misterpixel_ch0x39_resource) for font_misterpixel_ch0x39_resource
    lto-llvm-3a301d.o(.text._GLOBAL__sub_I_MisterPixel.cpp) refers to lto-llvm-3a301d.o(.rodata._ZL31font_misterpixel_ch0x39_content) for font_misterpixel_ch0x39_content
    lto-llvm-3a301d.o(.text._GLOBAL__sub_I_MisterPixel.cpp) refers to lto-llvm-3a301d.o(.bss._ZL32font_misterpixel_ch0x3a_resource) for font_misterpixel_ch0x3a_resource
    lto-llvm-3a301d.o(.text._GLOBAL__sub_I_MisterPixel.cpp) refers to lto-llvm-3a301d.o(.rodata._ZL31font_misterpixel_ch0x3a_content) for font_misterpixel_ch0x3a_content
    lto-llvm-3a301d.o(.text._GLOBAL__sub_I_MisterPixel.cpp) refers to lto-llvm-3a301d.o(.bss._ZL32font_misterpixel_ch0x3b_resource) for font_misterpixel_ch0x3b_resource
    lto-llvm-3a301d.o(.text._GLOBAL__sub_I_MisterPixel.cpp) refers to lto-llvm-3a301d.o(.rodata._ZL31font_misterpixel_ch0x3b_content) for font_misterpixel_ch0x3b_content
    lto-llvm-3a301d.o(.text._GLOBAL__sub_I_MisterPixel.cpp) refers to lto-llvm-3a301d.o(.bss._ZL32font_misterpixel_ch0x3c_resource) for font_misterpixel_ch0x3c_resource
    lto-llvm-3a301d.o(.text._GLOBAL__sub_I_MisterPixel.cpp) refers to lto-llvm-3a301d.o(.rodata._ZL31font_misterpixel_ch0x3c_content) for font_misterpixel_ch0x3c_content
    lto-llvm-3a301d.o(.text._GLOBAL__sub_I_MisterPixel.cpp) refers to lto-llvm-3a301d.o(.bss._ZL32font_misterpixel_ch0x3d_resource) for font_misterpixel_ch0x3d_resource
    lto-llvm-3a301d.o(.text._GLOBAL__sub_I_MisterPixel.cpp) refers to lto-llvm-3a301d.o(.rodata._ZL31font_misterpixel_ch0x3d_content) for font_misterpixel_ch0x3d_content
    lto-llvm-3a301d.o(.text._GLOBAL__sub_I_MisterPixel.cpp) refers to lto-llvm-3a301d.o(.bss._ZL32font_misterpixel_ch0x3e_resource) for font_misterpixel_ch0x3e_resource
    lto-llvm-3a301d.o(.text._GLOBAL__sub_I_MisterPixel.cpp) refers to lto-llvm-3a301d.o(.rodata._ZL31font_misterpixel_ch0x3e_content) for font_misterpixel_ch0x3e_content
    lto-llvm-3a301d.o(.text._GLOBAL__sub_I_MisterPixel.cpp) refers to lto-llvm-3a301d.o(.bss._ZL32font_misterpixel_ch0x3f_resource) for font_misterpixel_ch0x3f_resource
    lto-llvm-3a301d.o(.text._GLOBAL__sub_I_MisterPixel.cpp) refers to lto-llvm-3a301d.o(.rodata._ZL31font_misterpixel_ch0x3f_content) for font_misterpixel_ch0x3f_content
    lto-llvm-3a301d.o(.text._GLOBAL__sub_I_MisterPixel.cpp) refers to lto-llvm-3a301d.o(.bss._ZL32font_misterpixel_ch0x40_resource) for font_misterpixel_ch0x40_resource
    lto-llvm-3a301d.o(.text._GLOBAL__sub_I_MisterPixel.cpp) refers to lto-llvm-3a301d.o(.rodata._ZL31font_misterpixel_ch0x40_content) for font_misterpixel_ch0x40_content
    lto-llvm-3a301d.o(.text._GLOBAL__sub_I_MisterPixel.cpp) refers to lto-llvm-3a301d.o(.bss._ZL32font_misterpixel_ch0x41_resource) for font_misterpixel_ch0x41_resource
    lto-llvm-3a301d.o(.text._GLOBAL__sub_I_MisterPixel.cpp) refers to lto-llvm-3a301d.o(.rodata._ZL31font_misterpixel_ch0x41_content) for font_misterpixel_ch0x41_content
    lto-llvm-3a301d.o(.text._GLOBAL__sub_I_MisterPixel.cpp) refers to lto-llvm-3a301d.o(.bss._ZL32font_misterpixel_ch0x42_resource) for font_misterpixel_ch0x42_resource
    lto-llvm-3a301d.o(.text._GLOBAL__sub_I_MisterPixel.cpp) refers to lto-llvm-3a301d.o(.rodata._ZL31font_misterpixel_ch0x42_content) for font_misterpixel_ch0x42_content
    lto-llvm-3a301d.o(.text._GLOBAL__sub_I_MisterPixel.cpp) refers to lto-llvm-3a301d.o(.bss._ZL32font_misterpixel_ch0x43_resource) for font_misterpixel_ch0x43_resource
    lto-llvm-3a301d.o(.text._GLOBAL__sub_I_MisterPixel.cpp) refers to lto-llvm-3a301d.o(.rodata._ZL31font_misterpixel_ch0x43_content) for font_misterpixel_ch0x43_content
    lto-llvm-3a301d.o(.text._GLOBAL__sub_I_MisterPixel.cpp) refers to lto-llvm-3a301d.o(.bss._ZL32font_misterpixel_ch0x44_resource) for font_misterpixel_ch0x44_resource
    lto-llvm-3a301d.o(.text._GLOBAL__sub_I_MisterPixel.cpp) refers to lto-llvm-3a301d.o(.rodata._ZL31font_misterpixel_ch0x44_content) for font_misterpixel_ch0x44_content
    lto-llvm-3a301d.o(.text._GLOBAL__sub_I_MisterPixel.cpp) refers to lto-llvm-3a301d.o(.bss._ZL32font_misterpixel_ch0x45_resource) for font_misterpixel_ch0x45_resource
    lto-llvm-3a301d.o(.text._GLOBAL__sub_I_MisterPixel.cpp) refers to lto-llvm-3a301d.o(.rodata._ZL31font_misterpixel_ch0x45_content) for font_misterpixel_ch0x45_content
    lto-llvm-3a301d.o(.text._GLOBAL__sub_I_MisterPixel.cpp) refers to lto-llvm-3a301d.o(.bss._ZL32font_misterpixel_ch0x46_resource) for font_misterpixel_ch0x46_resource
    lto-llvm-3a301d.o(.text._GLOBAL__sub_I_MisterPixel.cpp) refers to lto-llvm-3a301d.o(.rodata._ZL31font_misterpixel_ch0x46_content) for font_misterpixel_ch0x46_content
    lto-llvm-3a301d.o(.text._GLOBAL__sub_I_MisterPixel.cpp) refers to lto-llvm-3a301d.o(.bss._ZL32font_misterpixel_ch0x47_resource) for font_misterpixel_ch0x47_resource
    lto-llvm-3a301d.o(.text._GLOBAL__sub_I_MisterPixel.cpp) refers to lto-llvm-3a301d.o(.rodata._ZL31font_misterpixel_ch0x47_content) for font_misterpixel_ch0x47_content
    lto-llvm-3a301d.o(.text._GLOBAL__sub_I_MisterPixel.cpp) refers to lto-llvm-3a301d.o(.bss._ZL32font_misterpixel_ch0x48_resource) for font_misterpixel_ch0x48_resource
    lto-llvm-3a301d.o(.text._GLOBAL__sub_I_MisterPixel.cpp) refers to lto-llvm-3a301d.o(.rodata._ZL31font_misterpixel_ch0x48_content) for font_misterpixel_ch0x48_content
    lto-llvm-3a301d.o(.text._GLOBAL__sub_I_MisterPixel.cpp) refers to lto-llvm-3a301d.o(.bss._ZL32font_misterpixel_ch0x49_resource) for font_misterpixel_ch0x49_resource
    lto-llvm-3a301d.o(.text._GLOBAL__sub_I_MisterPixel.cpp) refers to lto-llvm-3a301d.o(.rodata._ZL31font_misterpixel_ch0x49_content) for font_misterpixel_ch0x49_content
    lto-llvm-3a301d.o(.text._GLOBAL__sub_I_MisterPixel.cpp) refers to lto-llvm-3a301d.o(.bss._ZL32font_misterpixel_ch0x4a_resource) for font_misterpixel_ch0x4a_resource
    lto-llvm-3a301d.o(.text._GLOBAL__sub_I_MisterPixel.cpp) refers to lto-llvm-3a301d.o(.rodata._ZL31font_misterpixel_ch0x4a_content) for font_misterpixel_ch0x4a_content
    lto-llvm-3a301d.o(.text._GLOBAL__sub_I_MisterPixel.cpp) refers to lto-llvm-3a301d.o(.bss._ZL32font_misterpixel_ch0x4b_resource) for font_misterpixel_ch0x4b_resource
    lto-llvm-3a301d.o(.text._GLOBAL__sub_I_MisterPixel.cpp) refers to lto-llvm-3a301d.o(.rodata._ZL31font_misterpixel_ch0x4b_content) for font_misterpixel_ch0x4b_content
    lto-llvm-3a301d.o(.text._GLOBAL__sub_I_MisterPixel.cpp) refers to lto-llvm-3a301d.o(.bss._ZL32font_misterpixel_ch0x4c_resource) for font_misterpixel_ch0x4c_resource
    lto-llvm-3a301d.o(.text._GLOBAL__sub_I_MisterPixel.cpp) refers to lto-llvm-3a301d.o(.rodata._ZL31font_misterpixel_ch0x4c_content) for font_misterpixel_ch0x4c_content
    lto-llvm-3a301d.o(.text._GLOBAL__sub_I_MisterPixel.cpp) refers to lto-llvm-3a301d.o(.bss._ZL32font_misterpixel_ch0x4d_resource) for font_misterpixel_ch0x4d_resource
    lto-llvm-3a301d.o(.text._GLOBAL__sub_I_MisterPixel.cpp) refers to lto-llvm-3a301d.o(.rodata._ZL31font_misterpixel_ch0x4d_content) for font_misterpixel_ch0x4d_content
    lto-llvm-3a301d.o(.text._GLOBAL__sub_I_MisterPixel.cpp) refers to lto-llvm-3a301d.o(.bss._ZL32font_misterpixel_ch0x4e_resource) for font_misterpixel_ch0x4e_resource
    lto-llvm-3a301d.o(.text._GLOBAL__sub_I_MisterPixel.cpp) refers to lto-llvm-3a301d.o(.rodata._ZL31font_misterpixel_ch0x4e_content) for font_misterpixel_ch0x4e_content
    lto-llvm-3a301d.o(.text._GLOBAL__sub_I_MisterPixel.cpp) refers to lto-llvm-3a301d.o(.bss._ZL32font_misterpixel_ch0x4f_resource) for font_misterpixel_ch0x4f_resource
    lto-llvm-3a301d.o(.text._GLOBAL__sub_I_MisterPixel.cpp) refers to lto-llvm-3a301d.o(.rodata._ZL31font_misterpixel_ch0x4f_content) for font_misterpixel_ch0x4f_content
    lto-llvm-3a301d.o(.text._GLOBAL__sub_I_MisterPixel.cpp) refers to lto-llvm-3a301d.o(.bss._ZL32font_misterpixel_ch0x50_resource) for font_misterpixel_ch0x50_resource
    lto-llvm-3a301d.o(.text._GLOBAL__sub_I_MisterPixel.cpp) refers to lto-llvm-3a301d.o(.rodata._ZL31font_misterpixel_ch0x50_content) for font_misterpixel_ch0x50_content
    lto-llvm-3a301d.o(.text._GLOBAL__sub_I_MisterPixel.cpp) refers to lto-llvm-3a301d.o(.bss._ZL32font_misterpixel_ch0x51_resource) for font_misterpixel_ch0x51_resource
    lto-llvm-3a301d.o(.text._GLOBAL__sub_I_MisterPixel.cpp) refers to lto-llvm-3a301d.o(.rodata._ZL31font_misterpixel_ch0x51_content) for font_misterpixel_ch0x51_content
    lto-llvm-3a301d.o(.text._GLOBAL__sub_I_MisterPixel.cpp) refers to lto-llvm-3a301d.o(.bss._ZL32font_misterpixel_ch0x52_resource) for font_misterpixel_ch0x52_resource
    lto-llvm-3a301d.o(.text._GLOBAL__sub_I_MisterPixel.cpp) refers to lto-llvm-3a301d.o(.rodata._ZL31font_misterpixel_ch0x52_content) for font_misterpixel_ch0x52_content
    lto-llvm-3a301d.o(.text._GLOBAL__sub_I_MisterPixel.cpp) refers to lto-llvm-3a301d.o(.bss._ZL32font_misterpixel_ch0x53_resource) for font_misterpixel_ch0x53_resource
    lto-llvm-3a301d.o(.text._GLOBAL__sub_I_MisterPixel.cpp) refers to lto-llvm-3a301d.o(.rodata._ZL31font_misterpixel_ch0x53_content) for font_misterpixel_ch0x53_content
    lto-llvm-3a301d.o(.text._GLOBAL__sub_I_MisterPixel.cpp) refers to lto-llvm-3a301d.o(.bss._ZL32font_misterpixel_ch0x54_resource) for font_misterpixel_ch0x54_resource
    lto-llvm-3a301d.o(.text._GLOBAL__sub_I_MisterPixel.cpp) refers to lto-llvm-3a301d.o(.rodata._ZL31font_misterpixel_ch0x54_content) for font_misterpixel_ch0x54_content
    lto-llvm-3a301d.o(.text._GLOBAL__sub_I_MisterPixel.cpp) refers to lto-llvm-3a301d.o(.bss._ZL32font_misterpixel_ch0x55_resource) for font_misterpixel_ch0x55_resource
    lto-llvm-3a301d.o(.text._GLOBAL__sub_I_MisterPixel.cpp) refers to lto-llvm-3a301d.o(.rodata._ZL31font_misterpixel_ch0x55_content) for font_misterpixel_ch0x55_content
    lto-llvm-3a301d.o(.text._GLOBAL__sub_I_MisterPixel.cpp) refers to lto-llvm-3a301d.o(.bss._ZL32font_misterpixel_ch0x56_resource) for font_misterpixel_ch0x56_resource
    lto-llvm-3a301d.o(.text._GLOBAL__sub_I_MisterPixel.cpp) refers to lto-llvm-3a301d.o(.rodata._ZL31font_misterpixel_ch0x56_content) for font_misterpixel_ch0x56_content
    lto-llvm-3a301d.o(.text._GLOBAL__sub_I_MisterPixel.cpp) refers to lto-llvm-3a301d.o(.bss._ZL32font_misterpixel_ch0x57_resource) for font_misterpixel_ch0x57_resource
    lto-llvm-3a301d.o(.text._GLOBAL__sub_I_MisterPixel.cpp) refers to lto-llvm-3a301d.o(.rodata._ZL31font_misterpixel_ch0x57_content) for font_misterpixel_ch0x57_content
    lto-llvm-3a301d.o(.text._GLOBAL__sub_I_MisterPixel.cpp) refers to lto-llvm-3a301d.o(.bss._ZL32font_misterpixel_ch0x58_resource) for font_misterpixel_ch0x58_resource
    lto-llvm-3a301d.o(.text._GLOBAL__sub_I_MisterPixel.cpp) refers to lto-llvm-3a301d.o(.rodata._ZL31font_misterpixel_ch0x58_content) for font_misterpixel_ch0x58_content
    lto-llvm-3a301d.o(.text._GLOBAL__sub_I_MisterPixel.cpp) refers to lto-llvm-3a301d.o(.bss._ZL32font_misterpixel_ch0x59_resource) for font_misterpixel_ch0x59_resource
    lto-llvm-3a301d.o(.text._GLOBAL__sub_I_MisterPixel.cpp) refers to lto-llvm-3a301d.o(.rodata._ZL31font_misterpixel_ch0x59_content) for font_misterpixel_ch0x59_content
    lto-llvm-3a301d.o(.text._GLOBAL__sub_I_MisterPixel.cpp) refers to lto-llvm-3a301d.o(.bss._ZL32font_misterpixel_ch0x5a_resource) for font_misterpixel_ch0x5a_resource
    lto-llvm-3a301d.o(.text._GLOBAL__sub_I_MisterPixel.cpp) refers to lto-llvm-3a301d.o(.rodata._ZL31font_misterpixel_ch0x5a_content) for font_misterpixel_ch0x5a_content
    lto-llvm-3a301d.o(.text._GLOBAL__sub_I_MisterPixel.cpp) refers to lto-llvm-3a301d.o(.bss._ZL32font_misterpixel_ch0x5b_resource) for font_misterpixel_ch0x5b_resource
    lto-llvm-3a301d.o(.text._GLOBAL__sub_I_MisterPixel.cpp) refers to lto-llvm-3a301d.o(.rodata._ZL31font_misterpixel_ch0x5b_content) for font_misterpixel_ch0x5b_content
    lto-llvm-3a301d.o(.text._GLOBAL__sub_I_MisterPixel.cpp) refers to lto-llvm-3a301d.o(.bss._ZL32font_misterpixel_ch0x5d_resource) for font_misterpixel_ch0x5d_resource
    lto-llvm-3a301d.o(.text._GLOBAL__sub_I_MisterPixel.cpp) refers to lto-llvm-3a301d.o(.rodata._ZL31font_misterpixel_ch0x5d_content) for font_misterpixel_ch0x5d_content
    lto-llvm-3a301d.o(.text._GLOBAL__sub_I_MisterPixel.cpp) refers to lto-llvm-3a301d.o(.bss._ZL32font_misterpixel_ch0x5e_resource) for font_misterpixel_ch0x5e_resource
    lto-llvm-3a301d.o(.text._GLOBAL__sub_I_MisterPixel.cpp) refers to lto-llvm-3a301d.o(.rodata._ZL31font_misterpixel_ch0x5e_content) for font_misterpixel_ch0x5e_content
    lto-llvm-3a301d.o(.text._GLOBAL__sub_I_MisterPixel.cpp) refers to lto-llvm-3a301d.o(.bss._ZL32font_misterpixel_ch0x5f_resource) for font_misterpixel_ch0x5f_resource
    lto-llvm-3a301d.o(.text._GLOBAL__sub_I_MisterPixel.cpp) refers to lto-llvm-3a301d.o(.rodata._ZL31font_misterpixel_ch0x5f_content) for font_misterpixel_ch0x5f_content
    lto-llvm-3a301d.o(.text._GLOBAL__sub_I_MisterPixel.cpp) refers to lto-llvm-3a301d.o(.bss._ZL32font_misterpixel_ch0x60_resource) for font_misterpixel_ch0x60_resource
    lto-llvm-3a301d.o(.text._GLOBAL__sub_I_MisterPixel.cpp) refers to lto-llvm-3a301d.o(.rodata._ZL31font_misterpixel_ch0x60_content) for font_misterpixel_ch0x60_content
    lto-llvm-3a301d.o(.text._GLOBAL__sub_I_MisterPixel.cpp) refers to lto-llvm-3a301d.o(.bss._ZL32font_misterpixel_ch0x61_resource) for font_misterpixel_ch0x61_resource
    lto-llvm-3a301d.o(.text._GLOBAL__sub_I_MisterPixel.cpp) refers to lto-llvm-3a301d.o(.rodata._ZL31font_misterpixel_ch0x61_content) for font_misterpixel_ch0x61_content
    lto-llvm-3a301d.o(.text._GLOBAL__sub_I_MisterPixel.cpp) refers to lto-llvm-3a301d.o(.bss._ZL32font_misterpixel_ch0x62_resource) for font_misterpixel_ch0x62_resource
    lto-llvm-3a301d.o(.text._GLOBAL__sub_I_MisterPixel.cpp) refers to lto-llvm-3a301d.o(.rodata._ZL31font_misterpixel_ch0x62_content) for font_misterpixel_ch0x62_content
    lto-llvm-3a301d.o(.text._GLOBAL__sub_I_MisterPixel.cpp) refers to lto-llvm-3a301d.o(.bss._ZL32font_misterpixel_ch0x63_resource) for font_misterpixel_ch0x63_resource
    lto-llvm-3a301d.o(.text._GLOBAL__sub_I_MisterPixel.cpp) refers to lto-llvm-3a301d.o(.rodata._ZL31font_misterpixel_ch0x63_content) for font_misterpixel_ch0x63_content
    lto-llvm-3a301d.o(.text._GLOBAL__sub_I_MisterPixel.cpp) refers to lto-llvm-3a301d.o(.bss._ZL32font_misterpixel_ch0x64_resource) for font_misterpixel_ch0x64_resource
    lto-llvm-3a301d.o(.text._GLOBAL__sub_I_MisterPixel.cpp) refers to lto-llvm-3a301d.o(.rodata._ZL31font_misterpixel_ch0x64_content) for font_misterpixel_ch0x64_content
    lto-llvm-3a301d.o(.text._GLOBAL__sub_I_MisterPixel.cpp) refers to lto-llvm-3a301d.o(.bss._ZL32font_misterpixel_ch0x65_resource) for font_misterpixel_ch0x65_resource
    lto-llvm-3a301d.o(.text._GLOBAL__sub_I_MisterPixel.cpp) refers to lto-llvm-3a301d.o(.rodata._ZL31font_misterpixel_ch0x65_content) for font_misterpixel_ch0x65_content
    lto-llvm-3a301d.o(.text._GLOBAL__sub_I_MisterPixel.cpp) refers to lto-llvm-3a301d.o(.bss._ZL32font_misterpixel_ch0x66_resource) for font_misterpixel_ch0x66_resource
    lto-llvm-3a301d.o(.text._GLOBAL__sub_I_MisterPixel.cpp) refers to lto-llvm-3a301d.o(.rodata._ZL31font_misterpixel_ch0x66_content) for font_misterpixel_ch0x66_content
    lto-llvm-3a301d.o(.text._GLOBAL__sub_I_MisterPixel.cpp) refers to lto-llvm-3a301d.o(.bss._ZL32font_misterpixel_ch0x67_resource) for font_misterpixel_ch0x67_resource
    lto-llvm-3a301d.o(.text._GLOBAL__sub_I_MisterPixel.cpp) refers to lto-llvm-3a301d.o(.rodata._ZL31font_misterpixel_ch0x67_content) for font_misterpixel_ch0x67_content
    lto-llvm-3a301d.o(.text._GLOBAL__sub_I_MisterPixel.cpp) refers to lto-llvm-3a301d.o(.bss._ZL32font_misterpixel_ch0x68_resource) for font_misterpixel_ch0x68_resource
    lto-llvm-3a301d.o(.text._GLOBAL__sub_I_MisterPixel.cpp) refers to lto-llvm-3a301d.o(.rodata._ZL31font_misterpixel_ch0x68_content) for font_misterpixel_ch0x68_content
    lto-llvm-3a301d.o(.text._GLOBAL__sub_I_MisterPixel.cpp) refers to lto-llvm-3a301d.o(.bss._ZL32font_misterpixel_ch0x69_resource) for font_misterpixel_ch0x69_resource
    lto-llvm-3a301d.o(.text._GLOBAL__sub_I_MisterPixel.cpp) refers to lto-llvm-3a301d.o(.rodata._ZL31font_misterpixel_ch0x69_content) for font_misterpixel_ch0x69_content
    lto-llvm-3a301d.o(.text._GLOBAL__sub_I_MisterPixel.cpp) refers to lto-llvm-3a301d.o(.bss._ZL32font_misterpixel_ch0x6a_resource) for font_misterpixel_ch0x6a_resource
    lto-llvm-3a301d.o(.text._GLOBAL__sub_I_MisterPixel.cpp) refers to lto-llvm-3a301d.o(.rodata._ZL31font_misterpixel_ch0x6a_content) for font_misterpixel_ch0x6a_content
    lto-llvm-3a301d.o(.text._GLOBAL__sub_I_MisterPixel.cpp) refers to lto-llvm-3a301d.o(.bss._ZL32font_misterpixel_ch0x6b_resource) for font_misterpixel_ch0x6b_resource
    lto-llvm-3a301d.o(.text._GLOBAL__sub_I_MisterPixel.cpp) refers to lto-llvm-3a301d.o(.rodata._ZL31font_misterpixel_ch0x6b_content) for font_misterpixel_ch0x6b_content
    lto-llvm-3a301d.o(.text._GLOBAL__sub_I_MisterPixel.cpp) refers to lto-llvm-3a301d.o(.bss._ZL32font_misterpixel_ch0x6c_resource) for font_misterpixel_ch0x6c_resource
    lto-llvm-3a301d.o(.text._GLOBAL__sub_I_MisterPixel.cpp) refers to lto-llvm-3a301d.o(.rodata._ZL31font_misterpixel_ch0x6c_content) for font_misterpixel_ch0x6c_content
    lto-llvm-3a301d.o(.text._GLOBAL__sub_I_MisterPixel.cpp) refers to lto-llvm-3a301d.o(.bss._ZL32font_misterpixel_ch0x6d_resource) for font_misterpixel_ch0x6d_resource
    lto-llvm-3a301d.o(.text._GLOBAL__sub_I_MisterPixel.cpp) refers to lto-llvm-3a301d.o(.rodata._ZL31font_misterpixel_ch0x6d_content) for font_misterpixel_ch0x6d_content
    lto-llvm-3a301d.o(.text._GLOBAL__sub_I_MisterPixel.cpp) refers to lto-llvm-3a301d.o(.bss._ZL32font_misterpixel_ch0x6e_resource) for font_misterpixel_ch0x6e_resource
    lto-llvm-3a301d.o(.text._GLOBAL__sub_I_MisterPixel.cpp) refers to lto-llvm-3a301d.o(.rodata._ZL31font_misterpixel_ch0x6e_content) for font_misterpixel_ch0x6e_content
    lto-llvm-3a301d.o(.text._GLOBAL__sub_I_MisterPixel.cpp) refers to lto-llvm-3a301d.o(.bss._ZL32font_misterpixel_ch0x6f_resource) for font_misterpixel_ch0x6f_resource
    lto-llvm-3a301d.o(.text._GLOBAL__sub_I_MisterPixel.cpp) refers to lto-llvm-3a301d.o(.rodata._ZL31font_misterpixel_ch0x6f_content) for font_misterpixel_ch0x6f_content
    lto-llvm-3a301d.o(.text._GLOBAL__sub_I_MisterPixel.cpp) refers to lto-llvm-3a301d.o(.bss._ZL32font_misterpixel_ch0x70_resource) for font_misterpixel_ch0x70_resource
    lto-llvm-3a301d.o(.text._GLOBAL__sub_I_MisterPixel.cpp) refers to lto-llvm-3a301d.o(.rodata._ZL31font_misterpixel_ch0x70_content) for font_misterpixel_ch0x70_content
    lto-llvm-3a301d.o(.text._GLOBAL__sub_I_MisterPixel.cpp) refers to lto-llvm-3a301d.o(.bss._ZL32font_misterpixel_ch0x71_resource) for font_misterpixel_ch0x71_resource
    lto-llvm-3a301d.o(.text._GLOBAL__sub_I_MisterPixel.cpp) refers to lto-llvm-3a301d.o(.rodata._ZL31font_misterpixel_ch0x71_content) for font_misterpixel_ch0x71_content
    lto-llvm-3a301d.o(.text._GLOBAL__sub_I_MisterPixel.cpp) refers to lto-llvm-3a301d.o(.bss._ZL32font_misterpixel_ch0x72_resource) for font_misterpixel_ch0x72_resource
    lto-llvm-3a301d.o(.text._GLOBAL__sub_I_MisterPixel.cpp) refers to lto-llvm-3a301d.o(.rodata._ZL31font_misterpixel_ch0x72_content) for font_misterpixel_ch0x72_content
    lto-llvm-3a301d.o(.text._GLOBAL__sub_I_MisterPixel.cpp) refers to lto-llvm-3a301d.o(.bss._ZL32font_misterpixel_ch0x73_resource) for font_misterpixel_ch0x73_resource
    lto-llvm-3a301d.o(.text._GLOBAL__sub_I_MisterPixel.cpp) refers to lto-llvm-3a301d.o(.rodata._ZL31font_misterpixel_ch0x73_content) for font_misterpixel_ch0x73_content
    lto-llvm-3a301d.o(.text._GLOBAL__sub_I_MisterPixel.cpp) refers to lto-llvm-3a301d.o(.bss._ZL32font_misterpixel_ch0x74_resource) for font_misterpixel_ch0x74_resource
    lto-llvm-3a301d.o(.text._GLOBAL__sub_I_MisterPixel.cpp) refers to lto-llvm-3a301d.o(.rodata._ZL31font_misterpixel_ch0x74_content) for font_misterpixel_ch0x74_content
    lto-llvm-3a301d.o(.text._GLOBAL__sub_I_MisterPixel.cpp) refers to lto-llvm-3a301d.o(.bss._ZL32font_misterpixel_ch0x75_resource) for font_misterpixel_ch0x75_resource
    lto-llvm-3a301d.o(.text._GLOBAL__sub_I_MisterPixel.cpp) refers to lto-llvm-3a301d.o(.rodata._ZL31font_misterpixel_ch0x75_content) for font_misterpixel_ch0x75_content
    lto-llvm-3a301d.o(.text._GLOBAL__sub_I_MisterPixel.cpp) refers to lto-llvm-3a301d.o(.bss._ZL32font_misterpixel_ch0x76_resource) for font_misterpixel_ch0x76_resource
    lto-llvm-3a301d.o(.text._GLOBAL__sub_I_MisterPixel.cpp) refers to lto-llvm-3a301d.o(.rodata._ZL31font_misterpixel_ch0x76_content) for font_misterpixel_ch0x76_content
    lto-llvm-3a301d.o(.text._GLOBAL__sub_I_MisterPixel.cpp) refers to lto-llvm-3a301d.o(.bss._ZL32font_misterpixel_ch0x77_resource) for font_misterpixel_ch0x77_resource
    lto-llvm-3a301d.o(.text._GLOBAL__sub_I_MisterPixel.cpp) refers to lto-llvm-3a301d.o(.rodata._ZL31font_misterpixel_ch0x77_content) for font_misterpixel_ch0x77_content
    lto-llvm-3a301d.o(.text._GLOBAL__sub_I_MisterPixel.cpp) refers to lto-llvm-3a301d.o(.bss._ZL32font_misterpixel_ch0x78_resource) for font_misterpixel_ch0x78_resource
    lto-llvm-3a301d.o(.text._GLOBAL__sub_I_MisterPixel.cpp) refers to lto-llvm-3a301d.o(.rodata._ZL31font_misterpixel_ch0x78_content) for font_misterpixel_ch0x78_content
    lto-llvm-3a301d.o(.text._GLOBAL__sub_I_MisterPixel.cpp) refers to lto-llvm-3a301d.o(.bss._ZL32font_misterpixel_ch0x79_resource) for font_misterpixel_ch0x79_resource
    lto-llvm-3a301d.o(.text._GLOBAL__sub_I_MisterPixel.cpp) refers to lto-llvm-3a301d.o(.rodata._ZL31font_misterpixel_ch0x79_content) for font_misterpixel_ch0x79_content
    lto-llvm-3a301d.o(.text._GLOBAL__sub_I_MisterPixel.cpp) refers to lto-llvm-3a301d.o(.bss._ZL32font_misterpixel_ch0x7a_resource) for font_misterpixel_ch0x7a_resource
    lto-llvm-3a301d.o(.text._GLOBAL__sub_I_MisterPixel.cpp) refers to lto-llvm-3a301d.o(.rodata._ZL31font_misterpixel_ch0x7a_content) for font_misterpixel_ch0x7a_content
    lto-llvm-3a301d.o(.text._GLOBAL__sub_I_MisterPixel.cpp) refers to lto-llvm-3a301d.o(.bss._ZL32font_misterpixel_ch0x7b_resource) for font_misterpixel_ch0x7b_resource
    lto-llvm-3a301d.o(.text._GLOBAL__sub_I_MisterPixel.cpp) refers to lto-llvm-3a301d.o(.rodata._ZL31font_misterpixel_ch0x7b_content) for font_misterpixel_ch0x7b_content
    lto-llvm-3a301d.o(.text._GLOBAL__sub_I_MisterPixel.cpp) refers to lto-llvm-3a301d.o(.bss._ZL32font_misterpixel_ch0x7c_resource) for font_misterpixel_ch0x7c_resource
    lto-llvm-3a301d.o(.text._GLOBAL__sub_I_MisterPixel.cpp) refers to lto-llvm-3a301d.o(.rodata._ZL31font_misterpixel_ch0x7c_content) for font_misterpixel_ch0x7c_content
    lto-llvm-3a301d.o(.text._GLOBAL__sub_I_MisterPixel.cpp) refers to lto-llvm-3a301d.o(.bss._ZL32font_misterpixel_ch0x7d_resource) for font_misterpixel_ch0x7d_resource
    lto-llvm-3a301d.o(.text._GLOBAL__sub_I_MisterPixel.cpp) refers to lto-llvm-3a301d.o(.rodata._ZL31font_misterpixel_ch0x7d_content) for font_misterpixel_ch0x7d_content
    lto-llvm-3a301d.o(.text._GLOBAL__sub_I_MisterPixel.cpp) refers to lto-llvm-3a301d.o(.bss._ZL32font_misterpixel_ch0x7e_resource) for font_misterpixel_ch0x7e_resource
    lto-llvm-3a301d.o(.text._GLOBAL__sub_I_MisterPixel.cpp) refers to lto-llvm-3a301d.o(.rodata._ZL31font_misterpixel_ch0x7e_content) for font_misterpixel_ch0x7e_content
    lto-llvm-3a301d.o(.text._GLOBAL__sub_I_MisterPixel.cpp) refers to lto-llvm-3a301d.o(.bss._ZL30font_misterpixel_chset_content) for font_misterpixel_chset_content
    lto-llvm-3a301d.o(.text._GLOBAL__sub_I_MisterPixel.cpp) refers to lto-llvm-3a301d.o(.rodata._ZTV13LocalResource) for vtable for LocalResource
    lto-llvm-3a301d.o(.text._GLOBAL__sub_I_MisterPixel.cpp) refers to lto-llvm-3a301d.o(.bss.font_MisterPixel) for font_MisterPixel
    lto-llvm-3a301d.o(.ARM.exidx.text._GLOBAL__sub_I_MisterPixel.cpp) refers to lto-llvm-3a301d.o(.text._GLOBAL__sub_I_MisterPixel.cpp) for [Anonymous Symbol]
    lto-llvm-3a301d.o(.init_array) refers to lto-llvm-3a301d.o(.text._GLOBAL__sub_I_BSP.cpp) for _GLOBAL__sub_I_BSP.cpp
    lto-llvm-3a301d.o(.init_array) refers to lto-llvm-3a301d.o(.text._GLOBAL__sub_I_main.cpp) for _GLOBAL__sub_I_main.cpp
    lto-llvm-3a301d.o(.init_array) refers to lto-llvm-3a301d.o(.text._GLOBAL__sub_I_Onboards.cpp) for _GLOBAL__sub_I_Onboards.cpp
    lto-llvm-3a301d.o(.init_array) refers to lto-llvm-3a301d.o(.text._GLOBAL__sub_I_MisterPixel.cpp) for _GLOBAL__sub_I_MisterPixel.cpp
    lto-llvm-3a301d.o(.data.note_seq_buf_2) refers to lto-llvm-3a301d.o(.text._Z14amp_liner_downjjj) for amp_liner_down(unsigned int, unsigned int, unsigned int)
    lto-llvm-3a301d.o(.rodata._ZTV13LocalResource) refers to lto-llvm-3a301d.o(.text._ZNK13LocalResource7requestEv) for LocalResource::request() const
    lto-llvm-3a301d.o(.rodata._ZTV13LocalResource) refers to lto-llvm-3a301d.o(.text._ZNK13LocalResource7releaseEv) for LocalResource::release() const
    calloc.o(.text) refers to h1_alloc.o(.text) for malloc
    calloc.o(.text) refers to rt_memclr.o(.text) for __aeabi_memclr
    rt_memcpy_v6.o(.text) refers to rt_memcpy_w.o(.text) for __aeabi_memcpy4
    aeabi_memset4.o(.text) refers to rt_memclr_w.o(.text) for _memset_w
    rt_memclr.o(.text) refers to rt_memclr_w.o(.text) for _memset_w
    init_aeabi.o(.emb_text) refers (Special) to libinit2.o(.ARM.Collect$$libinit$$00000033) for __rt_lib_init_cpp_2
    init_aeabi.o(.init_array) refers (Special) to libinit2.o(.ARM.Collect$$libinit$$00000033) for __rt_lib_init_cpp_2
    init_aeabi.o(.dummy_text) refers (Special) to libinit2.o(.ARM.Collect$$libinit$$00000033) for __rt_lib_init_cpp_2
    init_aeabi.o(.text) refers (Special) to libinit2.o(.ARM.Collect$$libinit$$00000033) for __rt_lib_init_cpp_2
    init_aeabi.o(.ARM.exidx) refers (Special) to libinit2.o(.ARM.Collect$$libinit$$00000033) for __rt_lib_init_cpp_2
    init_aeabi.o(.ARM.exidx) refers to init_aeabi.o(.text) for .text
    aeabi_ldiv0_sigfpe.o(.text) refers to rt_div0.o(.text) for __rt_div0
    rt_div0.o(.text) refers to defsig_fpe_outer.o(.text) for __rt_SIGFPE
    defsig_fpe_outer.o(.text) refers to defsig_fpe_inner.o(.text) for __rt_SIGFPE_inner
    defsig_fpe_outer.o(.text) refers to defsig_exit.o(.text) for __sig_exit
    defsig_fpe_formal.o(.text) refers to rt_raise.o(.text) for __rt_raise


==============================================================================

Removing Unused input sections from the image.

    Removing new.cpp.o(.text), (0 bytes).
    Removing new.cpp.o(.text._ZSt17__throw_bad_allocv), (4 bytes).
    Removing new.cpp.o(.ARM.exidx.text._ZSt17__throw_bad_allocv), (8 bytes).
    Removing new.cpp.o(.text._Znwj), (38 bytes).
    Removing new.cpp.o(.ARM.exidx.text._Znwj), (8 bytes).
    Removing new.cpp.o(.text._ZnwjRKSt9nothrow_t), (4 bytes).
    Removing new.cpp.o(.ARM.exidx.text._ZnwjRKSt9nothrow_t), (8 bytes).
    Removing new.cpp.o(.text._Znaj), (4 bytes).
    Removing new.cpp.o(.ARM.exidx.text._Znaj), (8 bytes).
    Removing new.cpp.o(.text._ZnajRKSt9nothrow_t), (4 bytes).
    Removing new.cpp.o(.ARM.exidx.text._ZnajRKSt9nothrow_t), (8 bytes).
    Removing new.cpp.o(.text._ZdlPv), (4 bytes).
    Removing new.cpp.o(.ARM.exidx.text._ZdlPv), (8 bytes).
    Removing new.cpp.o(.text._ZdlPvRKSt9nothrow_t), (4 bytes).
    Removing new.cpp.o(.ARM.exidx.text._ZdlPvRKSt9nothrow_t), (8 bytes).
    Removing new.cpp.o(.text._ZdlPvj), (4 bytes).
    Removing new.cpp.o(.ARM.exidx.text._ZdlPvj), (8 bytes).
    Removing new.cpp.o(.text._ZdaPv), (4 bytes).
    Removing new.cpp.o(.ARM.exidx.text._ZdaPv), (8 bytes).
    Removing new.cpp.o(.text._ZdaPvRKSt9nothrow_t), (4 bytes).
    Removing new.cpp.o(.ARM.exidx.text._ZdaPvRKSt9nothrow_t), (8 bytes).
    Removing new.cpp.o(.text._ZdaPvj), (4 bytes).
    Removing new.cpp.o(.ARM.exidx.text._ZdaPvj), (8 bytes).
    Removing new.cpp.o(.text._ZnwjSt11align_val_t), (74 bytes).
    Removing new.cpp.o(.ARM.exidx.text._ZnwjSt11align_val_t), (8 bytes).
    Removing new.cpp.o(.text._ZnwjSt11align_val_tRKSt9nothrow_t), (4 bytes).
    Removing new.cpp.o(.ARM.exidx.text._ZnwjSt11align_val_tRKSt9nothrow_t), (8 bytes).
    Removing new.cpp.o(.text._ZnajSt11align_val_t), (4 bytes).
    Removing new.cpp.o(.ARM.exidx.text._ZnajSt11align_val_t), (8 bytes).
    Removing new.cpp.o(.text._ZnajSt11align_val_tRKSt9nothrow_t), (4 bytes).
    Removing new.cpp.o(.ARM.exidx.text._ZnajSt11align_val_tRKSt9nothrow_t), (8 bytes).
    Removing new.cpp.o(.text._ZdlPvSt11align_val_t), (4 bytes).
    Removing new.cpp.o(.ARM.exidx.text._ZdlPvSt11align_val_t), (8 bytes).
    Removing new.cpp.o(.text._ZdlPvSt11align_val_tRKSt9nothrow_t), (4 bytes).
    Removing new.cpp.o(.ARM.exidx.text._ZdlPvSt11align_val_tRKSt9nothrow_t), (8 bytes).
    Removing new.cpp.o(.text._ZdlPvjSt11align_val_t), (6 bytes).
    Removing new.cpp.o(.ARM.exidx.text._ZdlPvjSt11align_val_t), (8 bytes).
    Removing new.cpp.o(.text._ZdaPvSt11align_val_t), (4 bytes).
    Removing new.cpp.o(.ARM.exidx.text._ZdaPvSt11align_val_t), (8 bytes).
    Removing new.cpp.o(.text._ZdaPvSt11align_val_tRKSt9nothrow_t), (4 bytes).
    Removing new.cpp.o(.ARM.exidx.text._ZdaPvSt11align_val_tRKSt9nothrow_t), (8 bytes).
    Removing new.cpp.o(.text._ZdaPvjSt11align_val_t), (6 bytes).
    Removing new.cpp.o(.ARM.exidx.text._ZdaPvjSt11align_val_t), (8 bytes).
    Removing new.cpp.o(.rodata._ZSt7nothrow), (1 bytes).
    Removing cxa_aux_runtime.cpp.o(.text), (0 bytes).
    Removing cxa_aux_runtime.cpp.o(.text.__cxa_bad_cast), (4 bytes).
    Removing cxa_aux_runtime.cpp.o(.ARM.exidx.text.__cxa_bad_cast), (8 bytes).
    Removing cxa_aux_runtime.cpp.o(.text.__cxa_bad_typeid), (4 bytes).
    Removing cxa_aux_runtime.cpp.o(.ARM.exidx.text.__cxa_bad_typeid), (8 bytes).
    Removing cxa_aux_runtime.cpp.o(.text.__cxa_throw_bad_array_new_length), (4 bytes).
    Removing cxa_aux_runtime.cpp.o(.ARM.exidx.text.__cxa_throw_bad_array_new_length), (8 bytes).
    Removing cxa_virtual.cpp.o(.text), (0 bytes).
    Removing cxa_virtual.cpp.o(.text.__cxa_pure_virtual), (40 bytes).
    Removing cxa_virtual.cpp.o(.ARM.exidx.text.__cxa_pure_virtual), (8 bytes).
    Removing cxa_virtual.cpp.o(.text.__cxa_deleted_virtual), (44 bytes).
    Removing cxa_virtual.cpp.o(.ARM.exidx.text.__cxa_deleted_virtual), (8 bytes).
    Removing abort_message.cpp.o(.text), (0 bytes).
    Removing abort_message.cpp.o(.text.abort_message), (4 bytes).
    Removing abort_message.cpp.o(.ARM.exidx.text.abort_message), (8 bytes).
    Removing cxa_handlers.cpp.o(.text), (0 bytes).
    Removing cxa_handlers.cpp.o(.text._ZSt14get_unexpectedv), (12 bytes).
    Removing cxa_handlers.cpp.o(.ARM.exidx.text._ZSt14get_unexpectedv), (8 bytes).
    Removing cxa_handlers.cpp.o(.text._ZSt12__unexpectedPFvvE), (52 bytes).
    Removing cxa_handlers.cpp.o(.ARM.exidx.text._ZSt12__unexpectedPFvvE), (8 bytes).
    Removing cxa_handlers.cpp.o(.text._ZSt10unexpectedv), (14 bytes).
    Removing cxa_handlers.cpp.o(.ARM.exidx.text._ZSt10unexpectedv), (8 bytes).
    Removing cxa_handlers.cpp.o(.text._ZSt13get_terminatev), (12 bytes).
    Removing cxa_handlers.cpp.o(.ARM.exidx.text._ZSt13get_terminatev), (8 bytes).
    Removing cxa_handlers.cpp.o(.text._ZSt11__terminatePFvvE), (48 bytes).
    Removing cxa_handlers.cpp.o(.ARM.exidx.text._ZSt11__terminatePFvvE), (8 bytes).
    Removing cxa_handlers.cpp.o(.text._ZSt9terminatev), (14 bytes).
    Removing cxa_handlers.cpp.o(.ARM.exidx.text._ZSt9terminatev), (8 bytes).
    Removing cxa_handlers.cpp.o(.text._ZSt15get_new_handlerv), (12 bytes).
    Removing cxa_handlers.cpp.o(.ARM.exidx.text._ZSt15get_new_handlerv), (8 bytes).
    Removing cxa_default_handlers.cpp.o(.text), (0 bytes).
    Removing cxa_default_handlers.cpp.o(.text._ZSt14set_unexpectedPFvvE), (30 bytes).
    Removing cxa_default_handlers.cpp.o(.ARM.exidx.text._ZSt14set_unexpectedPFvvE), (8 bytes).
    Removing cxa_default_handlers.cpp.o(.text._ZSt13set_terminatePFvvE), (30 bytes).
    Removing cxa_default_handlers.cpp.o(.ARM.exidx.text._ZSt13set_terminatePFvvE), (8 bytes).
    Removing cxa_default_handlers.cpp.o(.text._ZSt15set_new_handlerPFvvE), (18 bytes).
    Removing cxa_default_handlers.cpp.o(.ARM.exidx.text._ZSt15set_new_handlerPFvvE), (8 bytes).
    Removing cxa_default_handlers.cpp.o(.data.__cxa_terminate_handler), (4 bytes).
    Removing cxa_default_handlers.cpp.o(.data.__cxa_unexpected_handler), (4 bytes).
    Removing cxa_default_handlers.cpp.o(.bss.__cxa_new_handler), (4 bytes).
    Removing lto-llvm-3a301d.o(.text), (0 bytes).
    Removing lto-llvm-3a301d.o(.ARM.exidx.text.HAL_DMA_Init), (8 bytes).
    Removing lto-llvm-3a301d.o(.ARM.exidx.text.HAL_DMA_Start_IT), (8 bytes).
    Removing lto-llvm-3a301d.o(.ARM.exidx.text.HAL_DMA_IRQHandler), (8 bytes).
    Removing lto-llvm-3a301d.o(.ARM.exidx.text.HAL_GPIO_Init), (8 bytes).
    Removing lto-llvm-3a301d.o(.ARM.exidx.text.HAL_GPIO_EXTI_IRQHandler), (8 bytes).
    Removing lto-llvm-3a301d.o(.ARM.exidx.text.HAL_RCCEx_PeriphCLKConfig), (8 bytes).
    Removing lto-llvm-3a301d.o(.ARM.exidx.text.HAL_SPI_Init), (8 bytes).
    Removing lto-llvm-3a301d.o(.ARM.exidx.text.SPI_WaitFifoStateUntilTimeout), (8 bytes).
    Removing lto-llvm-3a301d.o(.ARM.exidx.text.SPI_DMAHalfTransmitCplt), (8 bytes).
    Removing lto-llvm-3a301d.o(.ARM.exidx.text.SPI_DMATransmitCplt), (8 bytes).
    Removing lto-llvm-3a301d.o(.ARM.exidx.text.SPI_DMAError), (8 bytes).
    Removing lto-llvm-3a301d.o(.ARM.exidx.text.HAL_TIM_Base_Init), (8 bytes).
    Removing lto-llvm-3a301d.o(.ARM.exidx.text.TIM_Base_SetConfig), (8 bytes).
    Removing lto-llvm-3a301d.o(.ARM.exidx.text.TIM_DMAError), (8 bytes).
    Removing lto-llvm-3a301d.o(.ARM.exidx.text.TIM_DMADelayPulseCplt), (8 bytes).
    Removing lto-llvm-3a301d.o(.ARM.exidx.text.TIM_DMADelayPulseHalfCplt), (8 bytes).
    Removing lto-llvm-3a301d.o(.ARM.exidx.text.HAL_TIM_IRQHandler), (8 bytes).
    Removing lto-llvm-3a301d.o(.ARM.exidx.text.HAL_TIM_ConfigClockSource), (8 bytes).
    Removing lto-llvm-3a301d.o(.ARM.exidx.text.UART_WaitOnFlagUntilTimeout), (8 bytes).
    Removing lto-llvm-3a301d.o(.ARM.exidx.text.NMI_Handler), (8 bytes).
    Removing lto-llvm-3a301d.o(.ARM.exidx.text.HardFault_Handler), (8 bytes).
    Removing lto-llvm-3a301d.o(.ARM.exidx.text.MemManage_Handler), (8 bytes).
    Removing lto-llvm-3a301d.o(.ARM.exidx.text.BusFault_Handler), (8 bytes).
    Removing lto-llvm-3a301d.o(.ARM.exidx.text.UsageFault_Handler), (8 bytes).
    Removing lto-llvm-3a301d.o(.ARM.exidx.text.DebugMon_Handler), (8 bytes).
    Removing lto-llvm-3a301d.o(.ARM.exidx.text.EXTI2_IRQHandler), (8 bytes).
    Removing lto-llvm-3a301d.o(.ARM.exidx.text.DMA1_Channel2_IRQHandler), (8 bytes).
    Removing lto-llvm-3a301d.o(.ARM.exidx.text.DMA1_Channel3_IRQHandler), (8 bytes).
    Removing lto-llvm-3a301d.o(.ARM.exidx.text.DMA1_Channel4_IRQHandler), (8 bytes).
    Removing lto-llvm-3a301d.o(.ARM.exidx.text.DMA1_Channel6_IRQHandler), (8 bytes).
    Removing lto-llvm-3a301d.o(.ARM.exidx.text.TIM3_IRQHandler), (8 bytes).
    Removing lto-llvm-3a301d.o(.ARM.exidx.text.EXTI15_10_IRQHandler), (8 bytes).
    Removing lto-llvm-3a301d.o(.ARM.exidx.text.TIM6_DAC_IRQHandler), (8 bytes).
    Removing lto-llvm-3a301d.o(.ARM.exidx.text.DMA2_Channel1_IRQHandler), (8 bytes).
    Removing lto-llvm-3a301d.o(.ARM.exidx.text.SystemInit), (8 bytes).
    Removing lto-llvm-3a301d.o(.ARM.exidx.text.HAL_InitTick), (8 bytes).
    Removing lto-llvm-3a301d.o(.ARM.exidx.text._GLOBAL__sub_I_BSP.cpp), (8 bytes).
    Removing lto-llvm-3a301d.o(.ARM.exidx.text._ZN3SPI5writeEPKvj), (8 bytes).
    Removing lto-llvm-3a301d.o(.ARM.exidx.text._ZN12TimerChannel10startPluseEv), (8 bytes).
    Removing lto-llvm-3a301d.o(.ARM.exidx.text._ZN12TimerChannel8endPluseEv), (8 bytes).
    Removing lto-llvm-3a301d.o(.ARM.exidx.text._Z14amp_liner_downjjj), (8 bytes).
    Removing lto-llvm-3a301d.o(.ARM.exidx.text._GLOBAL__sub_I_main.cpp), (8 bytes).
    Removing lto-llvm-3a301d.o(.ARM.exidx.text._Z11displayTaskPv), (8 bytes).
    Removing lto-llvm-3a301d.o(.ARM.exidx.text._Z8mainTaskPv), (8 bytes).
    Removing lto-llvm-3a301d.o(.ARM.exidx.text.main), (8 bytes).
    Removing lto-llvm-3a301d.o(.ARM.exidx.text._ZN4Beep20configForCurrentNoteEv), (8 bytes).
    Removing lto-llvm-3a301d.o(.ARM.exidx.text._ZZN4BeepC1ER12TimerChannelS1_EN3$_08__invokeEPv), (8 bytes).
    Removing lto-llvm-3a301d.o(.ARM.exidx.text._ZZN4BeepC1ER12TimerChannelS1_EN3$_18__invokeEPv), (8 bytes).
    Removing lto-llvm-3a301d.o(.ARM.exidx.text._GLOBAL__sub_I_Onboards.cpp), (8 bytes).
    Removing lto-llvm-3a301d.o(.ARM.exidx.text._ZN8Graphics13GraphicsClassI6RGB565Lt160ELt80EE9drawPixelENS_6OffsetE5Color), (8 bytes).
    Removing lto-llvm-3a301d.o(.ARM.exidx.text._ZN8Graphics13GraphicsClassI6RGB565Lt160ELt80EE14drawRectFilledENS_6OffsetENS_4SizeE5Color), (8 bytes).
    Removing lto-llvm-3a301d.o(.ARM.exidx.text._ZN6ST77356updateEN8Graphics6OffsetENS0_4SizeEPK6RGB565), (8 bytes).
    Removing lto-llvm-3a301d.o(.ARM.exidx.text._ZN6WS28128setPixelEjhhh), (8 bytes).
    Removing lto-llvm-3a301d.o(.ARM.exidx.text._ZN9MutexLockC2Ev), (8 bytes).
    Removing lto-llvm-3a301d.o(.ARM.exidx.text._ZN9MutexLock7tryLockEj), (8 bytes).
    Removing lto-llvm-3a301d.o(.ARM.exidx.text.prvTaskExitError), (8 bytes).
    Removing lto-llvm-3a301d.o(.ARM.exidx.text.SVC_Handler), (8 bytes).
    Removing lto-llvm-3a301d.o(.ARM.exidx.text.vPortEnableVFP), (8 bytes).
    Removing lto-llvm-3a301d.o(.ARM.exidx.text.prvPortStartFirstTask), (8 bytes).
    Removing lto-llvm-3a301d.o(.ARM.exidx.text.PendSV_Handler), (8 bytes).
    Removing lto-llvm-3a301d.o(.ARM.exidx.text.SysTick_Handler), (8 bytes).
    Removing lto-llvm-3a301d.o(.ARM.exidx.text.xQueueGenericSend), (8 bytes).
    Removing lto-llvm-3a301d.o(.ARM.exidx.text.prvUnlockQueue), (8 bytes).
    Removing lto-llvm-3a301d.o(.ARM.exidx.text.vTaskSwitchContext), (8 bytes).
    Removing lto-llvm-3a301d.o(.ARM.exidx.text.prvInitialiseNewTask), (8 bytes).
    Removing lto-llvm-3a301d.o(.ARM.exidx.text.prvAddNewTaskToReadyList), (8 bytes).
    Removing lto-llvm-3a301d.o(.ARM.exidx.text.xTaskCreate), (8 bytes).
    Removing lto-llvm-3a301d.o(.ARM.exidx.text.xTaskResumeAll), (8 bytes).
    Removing lto-llvm-3a301d.o(.ARM.exidx.text.xTaskIncrementTick), (8 bytes).
    Removing lto-llvm-3a301d.o(.ARM.exidx.text.vTaskStartScheduler), (8 bytes).
    Removing lto-llvm-3a301d.o(.ARM.exidx.text.prvIdleTask), (8 bytes).
    Removing lto-llvm-3a301d.o(.ARM.exidx.text.prvAddCurrentTaskToDelayedList), (8 bytes).
    Removing lto-llvm-3a301d.o(.ARM.exidx.text.xTaskRemoveFromEventList), (8 bytes).
    Removing lto-llvm-3a301d.o(.ARM.exidx.text.xTaskPriorityDisinherit), (8 bytes).
    Removing lto-llvm-3a301d.o(.ARM.exidx.text.ulTaskGenericNotifyTake), (8 bytes).
    Removing lto-llvm-3a301d.o(.ARM.exidx.text.xTaskGenericNotifyFromISR), (8 bytes).
    Removing lto-llvm-3a301d.o(.ARM.exidx.text._ZN8Graphics16GraphicsFunction8drawLineENS_6OffsetES1_5Color), (8 bytes).
    Removing lto-llvm-3a301d.o(.ARM.exidx.text._ZN8Graphics16GraphicsFunction8drawRectENS_6OffsetENS_4SizeE5Color), (8 bytes).
    Removing lto-llvm-3a301d.o(.ARM.exidx.text._ZN8Graphics16GraphicsFunction15drawRRectFilledENS_6OffsetENS_4SizeE5Colors), (8 bytes).
    Removing lto-llvm-3a301d.o(.ARM.exidx.text._ZN8Graphics16GraphicsFunction9drawRRectENS_6OffsetENS_4SizeE5Colors), (8 bytes).
    Removing lto-llvm-3a301d.o(.ARM.exidx.text._ZN8Graphics16GraphicsFunction16drawCircleFilledENS_6OffsetE5ColortNS0_10CirclePartE), (8 bytes).
    Removing lto-llvm-3a301d.o(.ARM.exidx.text._ZN8Graphics16GraphicsFunction10drawCircleENS_6OffsetE5ColortNS0_10CirclePartE), (8 bytes).
    Removing lto-llvm-3a301d.o(.ARM.exidx.text._ZN8Graphics16GraphicsFunction14drawMonoBitmapENS_6OffsetERKNS_6BitmapE5Color), (8 bytes).
    Removing lto-llvm-3a301d.o(.ARM.exidx.text._ZN8Graphics16GraphicsFunction16drawCircleHelperENS_6OffsetES1_5ColorsNS0_10CirclePartE), (8 bytes).
    Removing lto-llvm-3a301d.o(.ARM.exidx.text._ZN8Graphics16GraphicsFunction22drawCircleFilledHelperENS_6OffsetES1_5ColorsNS0_10CirclePartE), (8 bytes).
    Removing lto-llvm-3a301d.o(.ARM.exidx.text._ZNK8Graphics4Text4drawENS_6OffsetERNS_16GraphicsFunctionE), (8 bytes).
    Removing lto-llvm-3a301d.o(.ARM.exidx.text._ZNK13LocalResource7requestEv), (8 bytes).
    Removing lto-llvm-3a301d.o(.ARM.exidx.text._ZNK13LocalResource7releaseEv), (8 bytes).
    Removing lto-llvm-3a301d.o(.ARM.exidx.text._GLOBAL__sub_I_MisterPixel.cpp), (8 bytes).
    Removing lto-llvm-3a301d.o(.ARM.use_no_argv), (4 bytes).

175 unused section(s) (total 1559 bytes) removed from the image.
