<html>
<body>
<pre>
<h1>礦ision Build Log</h1>
<h2>Tool Versions:</h2>
IDE-Version: μVision V5.38.0.0
Copyright (C) 2022 ARM Ltd and ARM Germany GmbH. All rights reserved.
License Information: 汪汪队 记大过, -, LIC=FYKYW-QAUJP-56WQ2-9PSDP-97MGF-B3RIE
 
Tool Versions:
Toolchain:       MDK-ARM Plus  Version: 5.38.0.0
Toolchain Path:  C:\Keil_v5\ARM\ARMCLANG\Bin
C Compiler:      ArmClang.exe V6.19
Assembler:       Armasm.exe V6.19
Linker/Locator:  ArmLink.exe V6.19
Library Manager: ArmAr.exe V6.19
Hex Converter:   FromElf.exe V6.19
CPU DLL:         SARMCM3.DLL V5.38.0.0
Dialog DLL:      DCM.DLL V1.17.5.0
Target DLL:      UL2CM3.DLL V1.164.8.0
Dialog DLL:      TCM.DLL V1.56.4.0
 
<h2>Project:</h2>
C:\Users\CHALLENGER\Documents\KeXieData\Project\DigitalPower\BootLoader\BootLoader.uvprojx
Project File Date:  11/30/2023

<h2>Output:</h2>
*** Using Compiler 'V6.19', folder: 'C:\Keil_v5\ARM\ARMCLANG\Bin'
Rebuild target 'BootLoader'
Note: source file '.\BSP\SPI.cpp' - object file renamed from '.\Outputs\Objects\SPI.o' to '.\Outputs\Objects\spi_1.o'.
creating list file for stm32g4xx_hal_comp.c...
creating list file for stm32g4xx_hal_adc_ex.c...
creating list file for stm32g4xx_hal.c...
creating list file for stm32g4xx_hal_adc.c...
creating list file for stm32g4xx_hal_cortex.c...
compiling stm32g4xx_hal_adc.c...
creating preprocessor file for stm32g4xx_hal.c...
compiling stm32g4xx_hal_adc_ex.c...
creating preprocessor file for stm32g4xx_hal_adc_ex.c...
compiling stm32g4xx_hal_cordic.c...
creating preprocessor file for stm32g4xx_hal_comp.c...
creating preprocessor file for stm32g4xx_hal_cordic.c...
creating preprocessor file for stm32g4xx_hal_adc.c...
creating list file for stm32g4xx_hal_cordic.c...
compiling stm32g4xx_hal.c...
compiling stm32g4xx_hal_comp.c...
compiling stm32g4xx_hal_crc_ex.c...
compiling stm32g4xx_hal_crc.c...
creating preprocessor file for stm32g4xx_hal_crc.c...
creating list file for stm32g4xx_hal_crc_ex.c...
creating preprocessor file for stm32g4xx_hal_cortex.c...
creating preprocessor file for stm32g4xx_hal_crc_ex.c...
compiling stm32g4xx_hal_cortex.c...
creating preprocessor file for stm32g4xx_hal_cryp.c...
creating list file for stm32g4xx_hal_crc.c...
compiling stm32g4xx_hal_cryp.c...
creating list file for stm32g4xx_hal_cryp.c...
compiling stm32g4xx_hal_cryp_ex.c...
creating preprocessor file for stm32g4xx_hal_cryp_ex.c...
creating list file for stm32g4xx_hal_cryp_ex.c...
creating preprocessor file for stm32g4xx_hal_dac.c...
creating list file for stm32g4xx_hal_dac.c...
creating preprocessor file for stm32g4xx_hal_dac_ex.c...
compiling stm32g4xx_hal_dac.c...
creating list file for stm32g4xx_hal_dac_ex.c...
compiling stm32g4xx_hal_dac_ex.c...
creating preprocessor file for stm32g4xx_hal_dma.c...
creating list file for stm32g4xx_hal_dma.c...
creating list file for stm32g4xx_hal_dma_ex.c...
compiling stm32g4xx_hal_dma.c...
creating preprocessor file for stm32g4xx_hal_dma_ex.c...
compiling stm32g4xx_hal_dma_ex.c...
creating list file for stm32g4xx_hal_exti.c...
creating preprocessor file for stm32g4xx_hal_fdcan.c...
creating preprocessor file for stm32g4xx_hal_exti.c...
compiling stm32g4xx_hal_exti.c...
compiling stm32g4xx_hal_fdcan.c...
creating list file for stm32g4xx_hal_fdcan.c...
creating preprocessor file for stm32g4xx_hal_flash.c...
creating list file for stm32g4xx_hal_flash.c...
creating preprocessor file for stm32g4xx_hal_flash_ramfunc.c...
creating preprocessor file for stm32g4xx_hal_flash_ex.c...
compiling stm32g4xx_hal_flash.c...
creating list file for stm32g4xx_hal_flash_ex.c...
creating preprocessor file for stm32g4xx_hal_fmac.c...
compiling stm32g4xx_hal_flash_ramfunc.c...
creating list file for stm32g4xx_hal_flash_ramfunc.c...
compiling stm32g4xx_hal_flash_ex.c...
creating list file for stm32g4xx_hal_fmac.c...
creating list file for stm32g4xx_hal_hrtim.c...
creating preprocessor file for stm32g4xx_hal_hrtim.c...
compiling stm32g4xx_hal_fmac.c...
creating preprocessor file for stm32g4xx_hal_gpio.c...
compiling stm32g4xx_hal_hrtim.c...
creating list file for stm32g4xx_hal_gpio.c...
creating preprocessor file for stm32g4xx_hal_i2c.c...
creating list file for stm32g4xx_hal_i2c.c...
compiling stm32g4xx_hal_gpio.c...
creating list file for stm32g4xx_hal_i2c_ex.c...
compiling stm32g4xx_hal_i2c.c...
creating preprocessor file for stm32g4xx_hal_i2c_ex.c...
creating preprocessor file for stm32g4xx_hal_i2s.c...
compiling stm32g4xx_hal_i2c_ex.c...
creating list file for stm32g4xx_hal_i2s.c...
compiling stm32g4xx_hal_i2s.c...
creating list file for stm32g4xx_hal_irda.c...
creating list file for stm32g4xx_hal_iwdg.c...
creating preprocessor file for stm32g4xx_hal_iwdg.c...
creating preprocessor file for stm32g4xx_hal_irda.c...
creating preprocessor file for stm32g4xx_hal_lptim.c...
creating list file for stm32g4xx_hal_lptim.c...
creating list file for stm32g4xx_hal_nand.c...
creating preprocessor file for stm32g4xx_hal_nand.c...
compiling stm32g4xx_hal_iwdg.c...
compiling stm32g4xx_hal_irda.c...
compiling stm32g4xx_hal_lptim.c...
compiling stm32g4xx_hal_nand.c...
creating preprocessor file for stm32g4xx_hal_nor.c...
compiling stm32g4xx_hal_nor.c...
creating list file for stm32g4xx_hal_nor.c...
creating list file for stm32g4xx_hal_opamp.c...
creating preprocessor file for stm32g4xx_hal_opamp.c...
creating preprocessor file for stm32g4xx_hal_opamp_ex.c...
creating list file for stm32g4xx_hal_opamp_ex.c...
compiling stm32g4xx_hal_opamp_ex.c...
compiling stm32g4xx_hal_opamp.c...
creating preprocessor file for stm32g4xx_hal_pcd_ex.c...
creating preprocessor file for stm32g4xx_hal_pcd.c...
creating list file for stm32g4xx_hal_pcd_ex.c...
compiling stm32g4xx_hal_pcd_ex.c...
creating list file for stm32g4xx_hal_pwr.c...
creating preprocessor file for stm32g4xx_hal_pwr.c...
creating preprocessor file for stm32g4xx_hal_pwr_ex.c...
creating list file for stm32g4xx_hal_pcd.c...
compiling stm32g4xx_hal_pwr.c...
compiling stm32g4xx_hal_pcd.c...
creating list file for stm32g4xx_hal_pwr_ex.c...
compiling stm32g4xx_hal_qspi.c...
creating preprocessor file for stm32g4xx_hal_qspi.c...
creating preprocessor file for stm32g4xx_hal_rcc.c...
creating list file for stm32g4xx_hal_rng.c...
creating preprocessor file for stm32g4xx_hal_rcc_ex.c...
creating list file for stm32g4xx_hal_qspi.c...
creating list file for stm32g4xx_hal_rcc.c...
compiling stm32g4xx_hal_pwr_ex.c...
creating preprocessor file for stm32g4xx_hal_rng.c...
compiling stm32g4xx_hal_rcc.c...
creating list file for stm32g4xx_hal_rcc_ex.c...
compiling stm32g4xx_hal_rng.c...
compiling stm32g4xx_hal_rcc_ex.c...
creating preprocessor file for stm32g4xx_hal_rtc.c...
compiling stm32g4xx_hal_rtc.c...
creating list file for stm32g4xx_hal_rtc.c...
creating preprocessor file for stm32g4xx_hal_rtc_ex.c...
creating list file for stm32g4xx_hal_sai.c...
creating preprocessor file for stm32g4xx_hal_sai.c...
compiling stm32g4xx_hal_rtc_ex.c...
compiling stm32g4xx_hal_sai.c...
creating list file for stm32g4xx_hal_rtc_ex.c...
creating list file for stm32g4xx_hal_sai_ex.c...
compiling stm32g4xx_hal_sai_ex.c...
creating list file for stm32g4xx_hal_smartcard.c...
creating preprocessor file for stm32g4xx_hal_sai_ex.c...
creating preprocessor file for stm32g4xx_hal_smartcard.c...
creating preprocessor file for stm32g4xx_hal_smartcard_ex.c...
creating list file for stm32g4xx_hal_smartcard_ex.c...
compiling stm32g4xx_hal_smartcard.c...
compiling stm32g4xx_hal_smartcard_ex.c...
creating preprocessor file for stm32g4xx_hal_smbus.c...
creating list file for stm32g4xx_hal_smbus.c...
creating preprocessor file for stm32g4xx_hal_smbus_ex.c...
compiling stm32g4xx_hal_smbus.c...
creating list file for stm32g4xx_hal_smbus_ex.c...
compiling stm32g4xx_hal_smbus_ex.c...
creating preprocessor file for stm32g4xx_hal_spi.c...
creating preprocessor file for stm32g4xx_hal_spi_ex.c...
compiling stm32g4xx_hal_spi_ex.c...
creating list file for stm32g4xx_hal_spi_ex.c...
compiling stm32g4xx_hal_sram.c...
creating preprocessor file for stm32g4xx_hal_sram.c...
creating list file for stm32g4xx_hal_spi.c...
creating preprocessor file for stm32g4xx_hal_tim.c...
creating list file for stm32g4xx_hal_sram.c...
creating preprocessor file for stm32g4xx_hal_tim_ex.c...
compiling stm32g4xx_hal_spi.c...
creating preprocessor file for stm32g4xx_hal_uart.c...
creating preprocessor file for stm32g4xx_hal_uart_ex.c...
compiling stm32g4xx_hal_tim_ex.c...
creating list file for stm32g4xx_hal_uart_ex.c...
creating list file for stm32g4xx_hal_tim_ex.c...
compiling stm32g4xx_hal_uart_ex.c...
creating list file for stm32g4xx_hal_usart.c...
creating preprocessor file for stm32g4xx_hal_usart_ex.c...
compiling stm32g4xx_hal_usart.c...
creating list file for stm32g4xx_hal_usart_ex.c...
creating list file for stm32g4xx_hal_tim.c...
compiling stm32g4xx_hal_uart.c...
creating preprocessor file for stm32g4xx_hal_usart.c...
compiling stm32g4xx_hal_tim.c...
creating preprocessor file for stm32g4xx_hal_wwdg.c...
creating list file for stm32g4xx_hal_uart.c...
compiling stm32g4xx_hal_usart_ex.c...
compiling stm32g4xx_hal_wwdg.c...
creating preprocessor file for stm32g4xx_ll_adc.c...
creating list file for stm32g4xx_hal_wwdg.c...
creating list file for stm32g4xx_ll_adc.c...
creating preprocessor file for stm32g4xx_ll_comp.c...
compiling stm32g4xx_ll_comp.c...
compiling stm32g4xx_ll_adc.c...
creating list file for stm32g4xx_ll_comp.c...
creating list file for stm32g4xx_ll_cordic.c...
creating preprocessor file for stm32g4xx_ll_cordic.c...
compiling stm32g4xx_ll_cordic.c...
creating preprocessor file for stm32g4xx_ll_crc.c...
compiling stm32g4xx_ll_crc.c...
creating preprocessor file for stm32g4xx_ll_crs.c...
creating list file for stm32g4xx_ll_crc.c...
creating list file for stm32g4xx_ll_crs.c...
compiling stm32g4xx_ll_crs.c...
creating list file for stm32g4xx_ll_dac.c...
creating preprocessor file for stm32g4xx_ll_dac.c...
compiling stm32g4xx_ll_dac.c...
creating preprocessor file for stm32g4xx_ll_dma.c...
creating list file for stm32g4xx_ll_dma.c...
creating list file for stm32g4xx_ll_exti.c...
creating preprocessor file for stm32g4xx_ll_exti.c...
compiling stm32g4xx_ll_dma.c...
compiling stm32g4xx_ll_exti.c...
creating preprocessor file for stm32g4xx_ll_fmc.c...
creating preprocessor file for stm32g4xx_ll_fmac.c...
creating list file for stm32g4xx_ll_fmac.c...
compiling stm32g4xx_ll_fmac.c...
creating list file for stm32g4xx_ll_fmc.c...
compiling stm32g4xx_ll_fmc.c...
creating list file for stm32g4xx_ll_gpio.c...
creating preprocessor file for stm32g4xx_ll_gpio.c...
compiling stm32g4xx_ll_gpio.c...
creating preprocessor file for stm32g4xx_ll_hrtim.c...
compiling stm32g4xx_ll_hrtim.c...
creating preprocessor file for stm32g4xx_ll_i2c.c...
creating list file for stm32g4xx_ll_i2c.c...
creating preprocessor file for stm32g4xx_ll_lptim.c...
creating list file for stm32g4xx_ll_hrtim.c...
creating list file for stm32g4xx_ll_lptim.c...
compiling stm32g4xx_ll_i2c.c...
creating preprocessor file for stm32g4xx_ll_lpuart.c...
compiling stm32g4xx_ll_lptim.c...
creating preprocessor file for stm32g4xx_ll_opamp.c...
creating list file for stm32g4xx_ll_lpuart.c...
creating list file for stm32g4xx_ll_opamp.c...
compiling stm32g4xx_ll_lpuart.c...
compiling stm32g4xx_ll_opamp.c...
creating list file for stm32g4xx_ll_pwr.c...
creating preprocessor file for stm32g4xx_ll_rcc.c...
creating preprocessor file for stm32g4xx_ll_pwr.c...
creating preprocessor file for stm32g4xx_ll_rng.c...
compiling stm32g4xx_ll_pwr.c...
creating list file for stm32g4xx_ll_rng.c...
compiling stm32g4xx_ll_rcc.c...
compiling stm32g4xx_ll_rng.c...
creating preprocessor file for stm32g4xx_ll_rtc.c...
creating preprocessor file for stm32g4xx_ll_spi.c...
creating list file for stm32g4xx_ll_rcc.c...
creating list file for stm32g4xx_ll_spi.c...
compiling stm32g4xx_ll_spi.c...
compiling stm32g4xx_ll_rtc.c...
creating list file for stm32g4xx_ll_rtc.c...
creating preprocessor file for stm32g4xx_ll_tim.c...
compiling stm32g4xx_ll_ucpd.c...
creating list file for stm32g4xx_ll_tim.c...
creating list file for stm32g4xx_ll_ucpd.c...
creating preprocessor file for stm32g4xx_ll_ucpd.c...
creating preprocessor file for stm32g4xx_ll_usart.c...
creating preprocessor file for stm32g4xx_ll_usb.c...
creating list file for stm32g4xx_ll_usart.c...
creating preprocessor file for stm32g4xx_ll_utils.c...
compiling stm32g4xx_ll_tim.c...
compiling stm32g4xx_ll_usart.c...
creating list file for dma.c...
creating preprocessor file for dma.c...
creating preprocessor file for gpio.c...
compiling stm32g4xx_ll_utils.c...
compiling stm32g4xx_ll_usb.c...
creating list file for stm32g4xx_ll_utils.c...
creating list file for stm32g4xx_ll_usb.c...
compiling dma.c...
creating list file for rtc.c...
compiling gpio.c...
creating list file for gpio.c...
creating preprocessor file for rtc.c...
compiling rtc.c...
creating preprocessor file for stm32g4xx_hal_msp.c...
compiling spi.c...
creating preprocessor file for spi.c...
compiling stm32g4xx_hal_msp.c...
creating list file for stm32g4xx_hal_msp.c...
creating preprocessor file for stm32g4xx_it.c...
creating list file for stm32g4xx_it.c...
compiling stm32g4xx_it.c...
creating list file for spi.c...
creating preprocessor file for system_stm32g4xx.c...
creating list file for system_stm32g4xx.c...
creating preprocessor file for tim.c...
compiling system_stm32g4xx.c...
creating list file for tim.c...
compiling usart.c...
creating list file for usart.c...
creating preprocessor file for usart.c...
compiling tim.c...
creating preprocessor file for stm32g4xx_hal_timebase_tim.c...
creating list file for stm32g4xx_hal_timebase_tim.c...
creating preprocessor file for usb.c...
creating list file for usb.c...
compiling usb.c...
compiling stm32g4xx_hal_timebase_tim.c...
creating preprocessor file for BSP.cpp...
creating list file for BSP.cpp...
compiling BSP.cpp...
creating preprocessor file for MXGeneratedInit.cpp...
creating list file for MXGeneratedInit.cpp...
creating preprocessor file for SPI.cpp...
compiling MXGeneratedInit.cpp...
compiling SPI.cpp...
creating preprocessor file for Timer.cpp...
creating list file for SPI.cpp...
creating preprocessor file for TimerChannel.cpp...
creating list file for Timer.cpp...
creating list file for ErrorHandler.cpp...
compiling TimerChannel.cpp...
creating list file for TimerChannel.cpp...
compiling Timer.cpp...
creating preprocessor file for ErrorHandler.cpp...
compiling ErrorHandler.cpp...
creating list file for FreeRTOSInnerTaskMemorys.c...
creating preprocessor file for FreeRTOSInnerTaskMemorys.c...
compiling FreeRTOSInnerTaskMemorys.c...
creating list file for Button.cpp...
creating preprocessor file for Button.cpp...
creating preprocessor file for Beep.cpp...
assembling startup_stm32g431xx.s...
compiling Button.cpp...
creating preprocessor file for NorFlash.cpp...
creating list file for Beep.cpp...
compiling Beep.cpp...
creating list file for NorFlash.cpp...
creating preprocessor file for main.cpp...
creating list file for Onboards.cpp...
creating preprocessor file for Onboards.cpp...
compiling NorFlash.cpp...
creating list file for CallbackFunction.cpp...
compiling Onboards.cpp...
creating preprocessor file for CallbackFunction.cpp...
creating preprocessor file for ST7735.cpp...
compiling CallbackFunction.cpp...
creating list file for ST7735.cpp...
creating list file for WS2812.cpp...
compiling WS2812.cpp...
creating list file for UTF8Praser.cpp...
creating preprocessor file for WS2812.cpp...
creating preprocessor file for BootLoader.cpp...
compiling ST7735.cpp...
creating list file for BootLoader.cpp...
compiling BootLoader.cpp...
compiling main.cpp...
creating list file for main.cpp...
compiling UTF8Praser.cpp...
creating preprocessor file for Color.cpp...
compiling Color.cpp...
creating preprocessor file for UTF8Praser.cpp...
creating list file for Color.cpp...
creating preprocessor file for MutexLock.cpp...
compiling MutexLock.cpp...
creating list file for RGB565.cpp...
creating list file for croutine.c...
creating preprocessor file for RGB565.cpp...
creating preprocessor file for croutine.c...
creating list file for MutexLock.cpp...
compiling croutine.c...
creating preprocessor file for event_groups.c...
compiling RGB565.cpp...
creating list file for event_groups.c...
creating list file for list.c...
compiling event_groups.c...
creating preprocessor file for list.c...
compiling list.c...
creating preprocessor file for port.c...
creating list file for port.c...
compiling port.c...
creating preprocessor file for queue.c...
creating preprocessor file for stream_buffer.c...
creating preprocessor file for tasks.c...
compiling stream_buffer.c...
creating list file for stream_buffer.c...
creating list file for queue.c...
creating list file for timers.c...
compiling queue.c...
creating preprocessor file for heap_3.c...
compiling timers.c...
creating list file for heap_3.c...
creating preprocessor file for timers.c...
creating preprocessor file for Bitmap.cpp...
creating list file for Bitmap.cpp...
compiling heap_3.c...
compiling Bitmap.cpp...
compiling tasks.c...
creating list file for tasks.c...
creating preprocessor file for GraphicsFunction.cpp...
creating preprocessor file for Offset.cpp...
compiling GraphicsFunction.cpp...
creating list file for Offset.cpp...
compiling Offset.cpp...
creating list file for GraphicsFunction.cpp...
creating list file for Size.cpp...
creating preprocessor file for Size.cpp...
creating list file for Font.cpp...
compiling Size.cpp...
creating preprocessor file for Focusable.cpp...
creating list file for LocalResource.cpp...
creating preprocessor file for Font.cpp...
creating preprocessor file for GraphicsObject.cpp...
creating preprocessor file for LocalResource.cpp...
creating list file for Resource.cpp...
compiling LocalResource.cpp...
compiling Font.cpp...
creating preprocessor file for Resource.cpp...
creating preprocessor file for MisterPixel.cpp...
compiling Resource.cpp...
compiling MisterPixel.cpp...
creating list file for MisterPixel.cpp...
creating preprocessor file for Text.cpp...
creating list file for Focusable.cpp...
compiling Focusable.cpp...
creating list file for GraphicsObject.cpp...
compiling GraphicsObject.cpp...
creating list file for Text.cpp...
compiling Text.cpp...
linking...
Program Size: Code=31772 RO-data=4356 RW-data=20 ZI-data=32468  
FromELF: creating hex file...
".\Outputs\Objects\BootLoader.axf" - 0 Error(s), 0 Warning(s).

<h2>Software Packages used:</h2>

Package Vendor: Keil
                https://www.keil.com/pack/Keil.STM32G4xx_DFP.1.5.0.pack
                Keil.STM32G4xx_DFP.1.5.0
                STMicroelectronics STM32G4 Series Device Support, Drivers and Examples

<h2>Collection of Component include folders:</h2>
  C:/Users/CHALLENGER/AppData/Local/Arm/Packs/Keil/STM32G4xx_DFP/1.5.0/Drivers/CMSIS/Device/ST/STM32G4xx/Include

<h2>Collection of Component Files used:</h2>
Build Time Elapsed:  00:00:22
</pre>
</body>
</html>
